Component: ARM Compiler 5.06 update 4 (build 422) Tool: armlink [4d35d2]

==============================================================================

Section Cross References

    main.o(i.main) refers to ht32f1655_56_ckcu.o(i.CKCU_PeripClockConfig) for CKCU_PeripClockConfig
    main.o(i.main) refers to ht32f1655_56_ckcu.o(i.CKCU_SetADCPrescaler) for CKCU_SetADCPrescaler
    main.o(i.main) refers to ht32f1655_56_gpio.o(i.AFIO_GPxConfig) for AFIO_GPxConfig
    main.o(i.main) refers to ht32f1655_56_adc.o(i.ADC_RegularGroupConfig) for ADC_RegularGroupConfig
    main.o(i.main) refers to ht32f1655_56_adc.o(i.ADC_RegularChannelConfig) for ADC_RegularChannelConfig
    main.o(i.main) refers to ht32f1655_56_adc.o(i.ADC_RegularTrigConfig) for ADC_RegularTrigConfig
    main.o(i.main) refers to ht32f1655_56_adc.o(i.ADC_SoftwareStartConvCmd) for ADC_SoftwareStartConvCmd
    main.o(i.main) refers to dfltui.o(.text) for __aeabi_ui2d
    main.o(i.main) refers to dmul.o(.text) for __aeabi_dmul
    main.o(i.main) refers to d2f.o(.text) for __aeabi_d2f
    main.o(i.main) refers to ht32f1655_56_it.o(.data) for gPotentiometerLevel
    main.o(i.main) refers to main.o(.data) for .data
    system_ht32f1655_56.o(i.SystemCoreClockUpdate) refers to system_ht32f1655_56.o(.data) for .data
    startup_ht32f1655_56.o(RESET) refers to startup_ht32f1655_56.o(STACK) for __initial_sp
    startup_ht32f1655_56.o(RESET) refers to ht32f1655_56_it.o(i.NMI_Handler) for NMI_Handler
    startup_ht32f1655_56.o(RESET) refers to ht32f1655_56_it.o(i.HardFault_Handler) for HardFault_Handler
    startup_ht32f1655_56.o(RESET) refers to ht32f1655_56_it.o(i.MemManage_Handler) for MemManage_Handler
    startup_ht32f1655_56.o(RESET) refers to ht32f1655_56_it.o(i.BusFault_Handler) for BusFault_Handler
    startup_ht32f1655_56.o(RESET) refers to ht32f1655_56_it.o(i.UsageFault_Handler) for UsageFault_Handler
    startup_ht32f1655_56.o(RESET) refers to ht32f1655_56_it.o(i.SVC_Handler) for SVC_Handler
    startup_ht32f1655_56.o(RESET) refers to ht32f1655_56_it.o(i.DebugMon_Handler) for DebugMon_Handler
    startup_ht32f1655_56.o(RESET) refers to ht32f1655_56_it.o(i.PendSV_Handler) for PendSV_Handler
    startup_ht32f1655_56.o(RESET) refers to ht32f1655_56_it.o(i.SysTick_Handler) for SysTick_Handler
    startup_ht32f1655_56.o(RESET) refers to ht32f1655_56_it.o(i.BFTM0_IRQHandler) for BFTM0_IRQHandler
    startup_ht32f1655_56.o(RESET) refers to ht32_serial.o(i.USB_IRQHandler) for USB_IRQHandler
    startup_ht32f1655_56.o(RESET) refers to system_ht32f1655_56.o(i.SystemInit) for SystemInit
    startup_ht32f1655_56.o(RESET) refers to entry.o(.ARM.Collect$$$$00000000) for __main
    ht32_usbd_core.o(i.USBDCore_GetStatus) refers to ht32_usbd_core.o(.data) for .data
    ht32_usbd_core.o(i.USBDCore_IRQHandler) refers to ht32f1655_56_usbd.o(i.USBD_GetINT) for USBD_GetINT
    ht32_usbd_core.o(i.USBDCore_IRQHandler) refers to ht32f1655_56_usbd.o(i.USBD_ClearINT) for USBD_ClearINT
    ht32_usbd_core.o(i.USBDCore_IRQHandler) refers to ht32f1655_56_usbd.o(i.USBD_PowerOff) for USBD_PowerOff
    ht32_usbd_core.o(i.USBDCore_IRQHandler) refers to ht32f1655_56_usbd.o(i.USBD_DeInit) for USBD_DeInit
    ht32_usbd_core.o(i.USBDCore_IRQHandler) refers to ht32f1655_56_usbd.o(i.USBD_PowerOn) for USBD_PowerOn
    ht32_usbd_core.o(i.USBDCore_IRQHandler) refers to ht32f1655_56_usbd.o(i.USBD_EPTInit) for USBD_EPTInit
    ht32_usbd_core.o(i.USBDCore_IRQHandler) refers to ht32f1655_56_usbd.o(i.USBD_EnableINT) for USBD_EnableINT
    ht32_usbd_core.o(i.USBDCore_IRQHandler) refers to ht32f1655_56_usbd.o(i.USBD_EPTGetINT) for USBD_EPTGetINT
    ht32_usbd_core.o(i.USBDCore_IRQHandler) refers to ht32f1655_56_usbd.o(i.USBD_ReadSETUPData) for USBD_ReadSETUPData
    ht32_usbd_core.o(i.USBDCore_IRQHandler) refers to ht32_usbd_core.o(i._USBDCore_Standard_Request) for _USBDCore_Standard_Request
    ht32_usbd_core.o(i.USBDCore_IRQHandler) refers to ht32f1655_56_usbd.o(i.USBD_EPTSendSTALL) for USBD_EPTSendSTALL
    ht32_usbd_core.o(i.USBDCore_IRQHandler) refers to ht32f1655_56_usbd.o(i.USBD_EPTClearINT) for USBD_EPTClearINT
    ht32_usbd_core.o(i.USBDCore_IRQHandler) refers to ht32_usbd_core.o(i._USBDCore_ControlIN) for _USBDCore_ControlIN
    ht32_usbd_core.o(i.USBDCore_IRQHandler) refers to ht32f1655_56_usbd.o(i.USBD_EPTWriteINData) for USBD_EPTWriteINData
    ht32_usbd_core.o(i.USBDCore_IRQHandler) refers to ht32f1655_56_usbd.o(i.USBD_EPTReadOUTData) for USBD_EPTReadOUTData
    ht32_usbd_core.o(i.USBDCore_IRQHandler) refers to ht32f1655_56_usbd.o(i.USBD_GetEPTnINTNumber) for USBD_GetEPTnINTNumber
    ht32_usbd_core.o(i.USBDCore_Init) refers to ht32f1655_56_usbd.o(i.USBD_Init) for USBD_Init
    ht32_usbd_core.o(i.USBDCore_Init) refers to ht32_usbd_core.o(.data) for .data
    ht32_usbd_core.o(i.USBDCore_MainRoutine) refers to ht32f1655_56_usbd.o(i.USBD_PowerUp) for USBD_PowerUp
    ht32_usbd_core.o(i.USBDCore_TriggerRemoteWakeup) refers to ht32f1655_56_usbd.o(i.USBD_PowerOn) for USBD_PowerOn
[...]
    ht32f1655_56_usbd.o(i.USBD_EPTInit) refers to ht32f1655_56_usbd.o(i.USBD_EPTReset) for USBD_EPTReset
    ht32f1655_56_usbd.o(i.USBD_EPTReadMemory) refers to ht32f1655_56_usbd.o(i.USBD_EPTGetTransferCount) for USBD_EPTGetTransferCount
    ht32f1655_56_usbd.o(i.USBD_EPTReadMemory) refers to ht32f1655_56_usbd.o(i.USBD_EPTGetBuffer0Addr) for USBD_EPTGetBuffer0Addr
    ht32f1655_56_usbd.o(i.USBD_EPTReadMemory) refers to ht32f1655_56_usbd.o(i._USBD_CopyMemory) for _USBD_CopyMemory
    ht32f1655_56_usbd.o(i.USBD_EPTReadMemory) refers to ht32f1655_56_usbd.o(i.USBD_EPTGetBuffer1Addr) for USBD_EPTGetBuffer1Addr
    ht32f1655_56_usbd.o(i.USBD_EPTReadOUTData) refers to ht32f1655_56_usbd.o(i._USBD_GetEPTnAddr) for _USBD_GetEPTnAddr
    ht32f1655_56_usbd.o(i.USBD_EPTReadOUTData) refers to ht32f1655_56_usbd.o(i.USBD_EPTReadMemory) for USBD_EPTReadMemory
    ht32f1655_56_usbd.o(i.USBD_EPTReset) refers to ht32f1655_56_usbd.o(i._USBD_GetEPTnAddr) for _USBD_GetEPTnAddr
    ht32f1655_56_usbd.o(i.USBD_EPTSendSTALL) refers to ht32f1655_56_usbd.o(i._USBD_GetEPTnAddr) for _USBD_GetEPTnAddr
    ht32f1655_56_usbd.o(i.USBD_EPTSetHalt) refers to ht32f1655_56_usbd.o(i._USBD_GetEPTnAddr) for _USBD_GetEPTnAddr
    ht32f1655_56_usbd.o(i.USBD_EPTWaitSTALLSent) refers to ht32f1655_56_usbd.o(i._USBD_GetEPTnAddr) for _USBD_GetEPTnAddr
    ht32f1655_56_usbd.o(i.USBD_EPTWriteINData) refers to ht32f1655_56_usbd.o(i.USBD_EPTGetBufferLen) for USBD_EPTGetBufferLen
    ht32f1655_56_usbd.o(i.USBD_EPTWriteINData) refers to ht32f1655_56_usbd.o(i._USBD_GetEPTnAddr) for _USBD_GetEPTnAddr
    ht32f1655_56_usbd.o(i.USBD_EPTWriteINData) refers to ht32f1655_56_usbd.o(i.USBD_EPTGetTransferCount) for USBD_EPTGetTransferCount
    ht32f1655_56_usbd.o(i.USBD_EPTWriteINData) refers to ht32f1655_56_usbd.o(i.USBD_EPTGetBuffer0Addr) for USBD_EPTGetBuffer0Addr
    ht32f1655_56_usbd.o(i.USBD_EPTWriteINData) refers to ht32f1655_56_usbd.o(i._USBD_CopyMemory) for _USBD_CopyMemory
    ht32f1655_56_usbd.o(i.USBD_Init) refers to ht32f1655_56_usbd.o(i.USBD_PreInit) for USBD_PreInit
    ht32f1655_56_usbd.o(i.USBD_PowerUp) refers to ht32f1655_56_usbd.o(i.USBD_EnableINT) for USBD_EnableINT
    ht32f1655_56_usbd.o(i.USBD_PowerUp) refers to ht32f1655_56_usbd.o(i.USBD_DPWakeUpCmd) for USBD_DPWakeUpCmd
    ht32f1655_56_usbd.o(i.USBD_PowerUp) refers to ht32f1655_56_usbd.o(i.USBD_DPpullupCmd) for USBD_DPpullupCmd
    ht32f1655_56_usbd.o(i.USBD_PowerUp) refers to ht32f1655_56_usbd.o(.data) for .data
    ht32f1655_56_wdt.o(i.WDT_DeInit) refers to ht32f1655_56_rstcu.o(i.RSTCU_PeripReset) for RSTCU_PeripReset
    ht32_retarget.o(i.RETARGET_Configuration) refers to ht32_serial.o(i.SERIAL_USBDInit) for SERIAL_USBDInit
    ht32_retarget.o(i._ttywrch) refers to ht32_serial.o(i.SERIAL_PutChar) for SERIAL_PutChar
    ht32_retarget.o(i.fgetc) refers to ht32_serial.o(i.SERIAL_GetChar) for SERIAL_GetChar
    ht32_retarget.o(i.fputc) refers to ht32_serial.o(i.SERIAL_PutChar) for SERIAL_PutChar
    ht32_serial.o(i.SERIAL_GetChar) refers to ht32_serial.o(.data) for .data
    ht32_serial.o(i.SERIAL_GetChar) refers to ht32_serial.o(.bss) for .bss
    ht32_serial.o(i.SERIAL_PutChar) refers to ht32f1655_56_usbd.o(i.USBD_EPTGetTransferCount) for USBD_EPTGetTransferCount
    ht32_serial.o(i.SERIAL_PutChar) refers to ht32f1655_56_usbd.o(i.USBD_EPTWriteINData) for USBD_EPTWriteINData
    ht32_serial.o(i.SERIAL_PutChar) refers to ht32_serial.o(.data) for .data
    ht32_serial.o(i.SERIAL_USBDClass_RXHandler) refers to ht32f1655_56_usbd.o(i.USBD_EPTGetTransferCount) for USBD_EPTGetTransferCount
    ht32_serial.o(i.SERIAL_USBDClass_RXHandler) refers to ht32f1655_56_usbd.o(i.USBD_EPTReadOUTData) for USBD_EPTReadOUTData
    ht32_serial.o(i.SERIAL_USBDClass_RXHandler) refers to ht32_serial.o(.bss) for .bss
    ht32_serial.o(i.SERIAL_USBDClass_RXHandler) refers to ht32_serial.o(.data) for .data
    ht32_serial.o(i.SERIAL_USBDClass_Request) refers to ht32_serial.o(.data) for .data
    ht32_serial.o(i.SERIAL_USBDInit) refers to ht32f1655_56_ckcu.o(i.CKCU_PeripClockConfig) for CKCU_PeripClockConfig
    ht32_serial.o(i.SERIAL_USBDInit) refers to ht32f1655_56_ckcu.o(i.CKCU_GetPLLFrequency) for CKCU_GetPLLFrequency
    ht32_serial.o(i.SERIAL_USBDInit) refers to ht32f1655_56_ckcu.o(i.CKCU_SetUSBPrescaler) for CKCU_SetUSBPrescaler
    ht32_serial.o(i.SERIAL_USBDInit) refers to ht32_serial.o(i.USBDDesc_Init) for USBDDesc_Init
    ht32_serial.o(i.SERIAL_USBDInit) refers to ht32_serial.o(i.USBDClass_Init) for USBDClass_Init
    ht32_serial.o(i.SERIAL_USBDInit) refers to ht32_usbd_core.o(i.USBDCore_Init) for USBDCore_Init
    ht32_serial.o(i.SERIAL_USBDInit) refers to ht32_usbd_core.o(i.USBDCore_MainRoutine) for USBDCore_MainRoutine
    ht32_serial.o(i.SERIAL_USBDInit) refers to ht32_serial.o(.bss) for .bss
    ht32_serial.o(i.USBDClass_Init) refers to ht32_serial.o(i.SERIAL_USBDClass_Request) for SERIAL_USBDClass_Request
    ht32_serial.o(i.USBDClass_Init) refers to ht32_serial.o(i.SERIAL_USBDClass_RXHandler) for SERIAL_USBDClass_RXHandler
    ht32_serial.o(i.USBDDesc_Init) refers to ht32_serial.o(.constdata) for .constdata
    ht32_serial.o(i.USBDDesc_Init) refers to ht32_serial.o(.data) for .data
    ht32_serial.o(i.USB_IRQHandler) refers to ht32_usbd_core.o(i.USBDCore_IRQHandler) for USBDCore_IRQHandler
    ht32_serial.o(i.USB_IRQHandler) refers to ht32_serial.o(.bss) for .bss
    ht32_serial.o(.data) refers to ht32_serial.o(.constdata) for guUSB_StringDescLANGID
    ht32_serial.o(.data) refers to ht32_serial.o(.constdata) for guUSB_StringDescManufacture
    ht32_serial.o(.data) refers to ht32_serial.o(.constdata) for guUSB_StringDescProduct
    ht32_serial.o(.data) refers to ht32_serial.o(.data) for guUSB_StringDescSerialNum
    entry.o(.ARM.Collect$$$$00000000) refers (Special) to entry10a.o(.ARM.Collect$$$$0000000D) for __rt_final_cpp
    entry.o(.ARM.Collect$$$$00000000) refers (Special) to entry11a.o(.ARM.Collect$$$$0000000F) for __rt_final_exit
    entry.o(.ARM.Collect$$$$00000000) refers (Special) to entry7b.o(.ARM.Collect$$$$00000008) for _main_clock
    entry.o(.ARM.Collect$$$$00000000) refers (Special) to entry8b.o(.ARM.Collect$$$$0000000A) for _main_cpp_init
    entry.o(.ARM.Collect$$$$00000000) refers (Special) to entry9a.o(.ARM.Collect$$$$0000000B) for _main_init
    entry.o(.ARM.Collect$$$$00000000) refers (Special) to entry5.o(.ARM.Collect$$$$00000004) for _main_scatterload
    entry.o(.ARM.Collect$$$$00000000) refers (Special) to entry2.o(.ARM.Collect$$$$00000001) for _main_stk
    dmul.o(.text) refers (Special) to iusefp.o(.text) for __I$use$fp
    dmul.o(.text) refers to depilogue.o(.text) for _double_epilogue
    dfltui.o(.text) refers (Special) to iusefp.o(.text) for __I$use$fp
    dfltui.o(.text) refers to depilogue.o(.text) for _double_epilogue
    d2f.o(.text) refers (Special) to iusefp.o(.text) for __I$use$fp
    d2f.o(.text) refers to fepilogue.o(.text) for _float_round
    entry2.o(.ARM.Collect$$$$00000001) refers to entry2.o(.ARM.Collect$$$$00002712) for __lit__00000000
    entry2.o(.ARM.Collect$$$$00002712) refers to startup_ht32f1655_56.o(STACK) for __initial_sp
    entry2.o(__vectab_stack_and_reset_area) refers to startup_ht32f1655_56.o(STACK) for __initial_sp
    entry2.o(__vectab_stack_and_reset_area) refers to entry.o(.ARM.Collect$$$$00000000) for __main
    entry5.o(.ARM.Collect$$$$00000004) refers to init.o(.text) for __scatterload
    entry9a.o(.ARM.Collect$$$$0000000B) refers to main.o(i.main) for main
    entry9b.o(.ARM.Collect$$$$0000000C) refers to main.o(i.main) for main
    depilogue.o(.text) refers to llshl.o(.text) for __aeabi_llsl
    depilogue.o(.text) refers to llushr.o(.text) for __aeabi_llsr
    init.o(.text) refers to entry5.o(.ARM.Collect$$$$00000004) for __main_after_scatterload


==============================================================================

Removing Unused input sections from the image.

    Removing main.o(.rev16_text), (4 bytes).
    Removing main.o(.revsh_text), (4 bytes).
    Removing main.o(.rrx_text), (6 bytes).
    Removing ht32f1655_56_it.o(.rev16_text), (4 bytes).
    Removing ht32f1655_56_it.o(.revsh_text), (4 bytes).
    Removing ht32f1655_56_it.o(.rrx_text), (6 bytes).
    Removing system_ht32f1655_56.o(.rev16_text), (4 bytes).
    Removing system_ht32f1655_56.o(.revsh_text), (4 bytes).
    Removing system_ht32f1655_56.o(.rrx_text), (6 bytes).
    Removing system_ht32f1655_56.o(i.SystemCoreClockUpdate), (96 bytes).
    Removing system_ht32f1655_56.o(.data), (4 bytes).
    Removing startup_ht32f1655_56.o(HEAP), (0 bytes).
    Removing ht32_usbd_core.o(.rev16_text), (4 bytes).
    Removing ht32_usbd_core.o(.revsh_text), (4 bytes).
    Removing ht32_usbd_core.o(.rrx_text), (6 bytes).
    Removing ht32_usbd_core.o(i.USBDCore_GetRemoteWakeUpFeature), (10 bytes).
    Removing ht32_usbd_core.o(i.USBDCore_GetStatus), (16 bytes).
    Removing ht32_usbd_core.o(i.USBDCore_Init), (24 bytes).
    Removing ht32_usbd_core.o(i.USBDCore_IsSuspend), (16 bytes).
    Removing ht32_usbd_core.o(i.USBDCore_MainRoutine), (64 bytes).
    Removing ht32_usbd_core.o(i.USBDCore_TriggerRemoteWakeup), (14 bytes).
    Removing ht32_usbd_core.o(.data), (4 bytes).
    Removing ht32_cm3_misc.o(.rev16_text), (4 bytes).
    Removing ht32_cm3_misc.o(.revsh_text), (4 bytes).
    Removing ht32_cm3_misc.o(.rrx_text), (6 bytes).
    Removing ht32_cm3_misc.o(i.NVIC_CoreReset), (16 bytes).
    Removing ht32_cm3_misc.o(i.NVIC_LowPowerConfig), (24 bytes).
    Removing ht32_cm3_misc.o(i.NVIC_SetPendingSystemHandler), (16 bytes).
    Removing ht32_cm3_misc.o(i.NVIC_SetVectorTable), (20 bytes).
    Removing ht32_cm3_misc.o(i.SYSTICK_ClockSourceConfig), (24 bytes).
    Removing ht32_cm3_misc.o(i.SYSTICK_CounterCmd), (32 bytes).
    Removing ht32_cm3_misc.o(i.SYSTICK_IntConfig), (24 bytes).
    Removing ht32_cm3_misc.o(i.SYSTICK_SetReloadValue), (8 bytes).
    Removing ht32f1655_56_adc.o(.rev16_text), (4 bytes).
    Removing ht32f1655_56_adc.o(.revsh_text), (4 bytes).
    Removing ht32f1655_56_adc.o(.rrx_text), (6 bytes).
    Removing ht32f1655_56_adc.o(i.ADC_AWDConfig), (16 bytes).
    Removing ht32f1655_56_adc.o(i.ADC_AWDSingleChannelConfig), (18 bytes).
    Removing ht32f1655_56_adc.o(i.ADC_AWDThresholdsConfig), (10 bytes).
    Removing ht32f1655_56_adc.o(i.ADC_ClearIntPendingBit), (6 bytes).
    Removing ht32f1655_56_adc.o(i.ADC_DeInit), (14 bytes).
    Removing ht32f1655_56_adc.o(i.ADC_GetConversionData), (12 bytes).
    Removing ht32f1655_56_adc.o(i.ADC_GetFlagStatus), (12 bytes).
    Removing ht32f1655_56_adc.o(i.ADC_GetHPConversionData), (12 bytes).
    Removing ht32f1655_56_adc.o(i.ADC_GetIntStatus), (12 bytes).
    Removing ht32f1655_56_adc.o(i.ADC_HPChannelConfig), (28 bytes).
    Removing ht32f1655_56_adc.o(i.ADC_HPGroupConfig), (22 bytes).
    Removing ht32f1655_56_adc.o(i.ADC_HPSoftwareStartConvCmd), (24 bytes).
    Removing ht32f1655_56_adc.o(i.ADC_HPTrigConfig), (12 bytes).
    Removing ht32f1655_56_adc.o(i.ADC_IntConfig), (20 bytes).
    Removing ht32f1655_56_adc.o(i.ADC_PDMAConfig), (20 bytes).
    Removing ht32f1655_56_adc.o(i.ADC_Reset), (10 bytes).
    Removing ht32f1655_56_bftm.o(.rev16_text), (4 bytes).
    Removing ht32f1655_56_bftm.o(.revsh_text), (4 bytes).
    Removing ht32f1655_56_bftm.o(.rrx_text), (6 bytes).
    Removing ht32f1655_56_bftm.o(i.BFTM_ClearFlag), (14 bytes).
    Removing ht32f1655_56_bftm.o(i.BFTM_DeInit), (32 bytes).
    Removing ht32f1655_56_bftm.o(i.BFTM_EnaCmd), (20 bytes).
    Removing ht32f1655_56_bftm.o(i.BFTM_GetCompare), (4 bytes).
    Removing ht32f1655_56_bftm.o(i.BFTM_GetCounter), (4 bytes).
    Removing ht32f1655_56_bftm.o(i.BFTM_GetFlagStatus), (10 bytes).
    Removing ht32f1655_56_bftm.o(i.BFTM_IntConfig), (20 bytes).
    Removing ht32f1655_56_bftm.o(i.BFTM_OneShotModeCmd), (20 bytes).
    Removing ht32f1655_56_bftm.o(i.BFTM_SetCompare), (4 bytes).
    Removing ht32f1655_56_bftm.o(i.BFTM_SetCounter), (4 bytes).
    Removing ht32f1655_56_ckcu.o(.rev16_text), (4 bytes).
    Removing ht32f1655_56_ckcu.o(.revsh_text), (4 bytes).
    Removing ht32f1655_56_ckcu.o(.rrx_text), (6 bytes).
    Removing ht32f1655_56_ckcu.o(i.CKCU_BKISOCmd), (20 bytes).
    Removing ht32f1655_56_ckcu.o(i.CKCU_CKMCmd), (12 bytes).
    Removing ht32f1655_56_ckcu.o(i.CKCU_CKOUTConfig), (20 bytes).
    Removing ht32f1655_56_ckcu.o(i.CKCU_ClearIntFlag), (16 bytes).
    Removing ht32f1655_56_ckcu.o(i.CKCU_DeInit), (80 bytes).
    Removing ht32f1655_56_ckcu.o(i.CKCU_GetClockReadyStatus), (20 bytes).
    Removing ht32f1655_56_ckcu.o(i.CKCU_GetClocksFrequency), (84 bytes).
    Removing ht32f1655_56_ckcu.o(i.CKCU_GetIntStatus), (20 bytes).
    Removing ht32f1655_56_ckcu.o(i.CKCU_GetPLLFrequency), (68 bytes).
    Removing ht32f1655_56_ckcu.o(i.CKCU_GetSysClockSource), (12 bytes).
    Removing ht32f1655_56_ckcu.o(i.CKCU_GetUSARTClockFreq), (16 bytes).
    Removing ht32f1655_56_ckcu.o(i.CKCU_HSECmd), (12 bytes).
    Removing ht32f1655_56_ckcu.o(i.CKCU_HSICmd), (12 bytes).
    Removing ht32f1655_56_ckcu.o(i.CKCU_IS_HSE_USED), (20 bytes).
    Removing ht32f1655_56_ckcu.o(i.CKCU_IS_HSI_USED), (20 bytes).
    Removing ht32f1655_56_ckcu.o(i.CKCU_IS_PLL_USED), (20 bytes).
    Removing ht32f1655_56_ckcu.o(i.CKCU_IntConfig), (24 bytes).
    Removing ht32f1655_56_ckcu.o(i.CKCU_MCUDBGConfig), (28 bytes).
    Removing ht32f1655_56_ckcu.o(i.CKCU_PLLCmd), (12 bytes).
    Removing ht32f1655_56_ckcu.o(i.CKCU_PLLInit), (32 bytes).
    Removing ht32f1655_56_ckcu.o(i.CKCU_PSRCWKUPCmd), (12 bytes).
    Removing ht32f1655_56_ckcu.o(i.CKCU_SetCKREFPrescaler), (20 bytes).
    Removing ht32f1655_56_ckcu.o(i.CKCU_SetHCLKPrescaler), (12 bytes).
    Removing ht32f1655_56_ckcu.o(i.CKCU_SetUSARTPrescaler), (20 bytes).
    Removing ht32f1655_56_ckcu.o(i.CKCU_SetUSBPrescaler), (20 bytes).
    Removing ht32f1655_56_ckcu.o(i.CKCU_SleepClockConfig), (24 bytes).
    Removing ht32f1655_56_ckcu.o(i.CKCU_SysClockConfig), (44 bytes).
    Removing ht32f1655_56_ckcu.o(i.CKCU_WaitHSEReady), (32 bytes).
    Removing ht32f1655_56_cmp_op.o(.rev16_text), (4 bytes).
    Removing ht32f1655_56_cmp_op.o(.revsh_text), (4 bytes).
    Removing ht32f1655_56_cmp_op.o(.rrx_text), (6 bytes).
    Removing ht32f1655_56_cmp_op.o(i.CMP_OP_CancellationModeConfig), (16 bytes).
    Removing ht32f1655_56_cmp_op.o(i.CMP_OP_ClearIntPendingBit), (4 bytes).
    Removing ht32f1655_56_cmp_op.o(i.CMP_OP_Cmd), (20 bytes).
    Removing ht32f1655_56_cmp_op.o(i.CMP_OP_Config), (14 bytes).
    Removing ht32f1655_56_cmp_op.o(i.CMP_OP_DeInit), (32 bytes).
    Removing ht32f1655_56_cmp_op.o(i.CMP_OP_GetCancellationVaule), (4 bytes).
    Removing ht32f1655_56_cmp_op.o(i.CMP_OP_GetFlagStatus), (10 bytes).
    Removing ht32f1655_56_cmp_op.o(i.CMP_OP_GetIntStatus), (10 bytes).
    Removing ht32f1655_56_cmp_op.o(i.CMP_OP_GetOutputStatus), (14 bytes).
    Removing ht32f1655_56_cmp_op.o(i.CMP_OP_IntConfig), (16 bytes).
    Removing ht32f1655_56_cmp_op.o(i.CMP_OP_SetCancellationVaule), (4 bytes).
    Removing ht32f1655_56_crc.o(.rev16_text), (4 bytes).
    Removing ht32f1655_56_crc.o(.revsh_text), (4 bytes).
    Removing ht32f1655_56_crc.o(.rrx_text), (6 bytes).
    Removing ht32f1655_56_crc.o(i.CRC_16), (32 bytes).
    Removing ht32f1655_56_crc.o(i.CRC_32), (28 bytes).
    Removing ht32f1655_56_crc.o(i.CRC_CCITT), (32 bytes).
    Removing ht32f1655_56_crc.o(i.CRC_DeInit), (12 bytes).
    Removing ht32f1655_56_crc.o(i.CRC_Init), (34 bytes).
    Removing ht32f1655_56_crc.o(i.CRC_Process), (24 bytes).
    Removing ht32f1655_56_ebi.o(.rev16_text), (4 bytes).
    Removing ht32f1655_56_ebi.o(.revsh_text), (4 bytes).
    Removing ht32f1655_56_ebi.o(.rrx_text), (6 bytes).
    Removing ht32f1655_56_ebi.o(i.EBI_ClearIntFlag), (12 bytes).
    Removing ht32f1655_56_ebi.o(i.EBI_Cmd), (24 bytes).
    Removing ht32f1655_56_ebi.o(i.EBI_DeInit), (12 bytes).
    Removing ht32f1655_56_ebi.o(i.EBI_GetARDYStatus), (20 bytes).
    Removing ht32f1655_56_ebi.o(i.EBI_GetBusyStatus), (16 bytes).
    Removing ht32f1655_56_ebi.o(i.EBI_GetIntStatus), (20 bytes).
    Removing ht32f1655_56_ebi.o(i.EBI_Init), (212 bytes).
    Removing ht32f1655_56_ebi.o(i.EBI_IntConfig), (24 bytes).
    Removing ht32f1655_56_ebi.o(i.EBI_StructInit), (70 bytes).
    Removing ht32f1655_56_exti.o(.rev16_text), (4 bytes).
    Removing ht32f1655_56_exti.o(.revsh_text), (4 bytes).
    Removing ht32f1655_56_exti.o(.rrx_text), (6 bytes).
    Removing ht32f1655_56_exti.o(i.EXTI_ClearEdgeFlag), (16 bytes).
    Removing ht32f1655_56_exti.o(i.EXTI_ClearWakeupFlag), (20 bytes).
    Removing ht32f1655_56_exti.o(i.EXTI_DeInit), (48 bytes).
    Removing ht32f1655_56_exti.o(i.EXTI_GetEdgeStatus), (44 bytes).
    Removing ht32f1655_56_exti.o(i.EXTI_GetSWCmdStatus), (24 bytes).
    Removing ht32f1655_56_exti.o(i.EXTI_GetWakeupFlagStatus), (24 bytes).
    Removing ht32f1655_56_exti.o(i.EXTI_Init), (28 bytes).
    Removing ht32f1655_56_exti.o(i.EXTI_IntConfig), (28 bytes).
    Removing ht32f1655_56_exti.o(i.EXTI_SWIntCmd), (28 bytes).
    Removing ht32f1655_56_exti.o(i.EXTI_WakeupEventConfig), (44 bytes).
    Removing ht32f1655_56_exti.o(i.EXTI_WakeupEventIntConfig), (28 bytes).
    Removing ht32f1655_56_flash.o(.rev16_text), (4 bytes).
    Removing ht32f1655_56_flash.o(.revsh_text), (4 bytes).
    Removing ht32f1655_56_flash.o(.rrx_text), (6 bytes).
    Removing ht32f1655_56_flash.o(i.FLASH_BranchCacheCmd), (32 bytes).
    Removing ht32f1655_56_flash.o(i.FLASH_ClearIntFlag), (12 bytes).
    Removing ht32f1655_56_flash.o(i.FLASH_DcodeCacheCmd), (32 bytes).
    Removing ht32f1655_56_flash.o(i.FLASH_EraseOptionByte), (24 bytes).
    Removing ht32f1655_56_flash.o(i.FLASH_ErasePage), (16 bytes).
    Removing ht32f1655_56_flash.o(i.FLASH_FlashHalfCycleCmd), (48 bytes).
    Removing ht32f1655_56_flash.o(i.FLASH_FlashZwPwrSavingCmd), (48 bytes).
    Removing ht32f1655_56_flash.o(i.FLASH_GetIntStatus), (20 bytes).
    Removing ht32f1655_56_flash.o(i.FLASH_GetOptionByteStatus), (48 bytes).
    Removing ht32f1655_56_flash.o(i.FLASH_IntConfig), (24 bytes).
    Removing ht32f1655_56_flash.o(i.FLASH_MassErase), (16 bytes).
    Removing ht32f1655_56_flash.o(i.FLASH_PrefetchBufferCmd), (32 bytes).
    Removing ht32f1655_56_flash.o(i.FLASH_ProgramOptionByte), (80 bytes).
    Removing ht32f1655_56_flash.o(i.FLASH_ProgramWordData), (20 bytes).
    Removing ht32f1655_56_flash.o(i.FLASH_SetRemappingMode), (12 bytes).
    Removing ht32f1655_56_flash.o(i.FLASH_SetWaitState), (24 bytes).
    Removing ht32f1655_56_flash.o(i.FLASH_WaitForOperationEnd), (76 bytes).
    Removing ht32f1655_56_gpio.o(.rev16_text), (4 bytes).
    Removing ht32f1655_56_gpio.o(.revsh_text), (4 bytes).
    Removing ht32f1655_56_gpio.o(.rrx_text), (6 bytes).
    Removing ht32f1655_56_gpio.o(i.AFIO_DeInit), (14 bytes).
    Removing ht32f1655_56_gpio.o(i.AFIO_EXTISourceConfig), (44 bytes).
    Removing ht32f1655_56_gpio.o(i.GPIO_ClearOutBits), (4 bytes).
    Removing ht32f1655_56_gpio.o(i.GPIO_DeInit), (72 bytes).
    Removing ht32f1655_56_gpio.o(i.GPIO_DirectionConfig), (16 bytes).
    Removing ht32f1655_56_gpio.o(i.GPIO_DriveConfig), (16 bytes).
    Removing ht32f1655_56_gpio.o(i.GPIO_InputConfig), (16 bytes).
    Removing ht32f1655_56_gpio.o(i.GPIO_IsPinLocked), (10 bytes).
    Removing ht32f1655_56_gpio.o(i.GPIO_IsPortLocked), (10 bytes).
    Removing ht32f1655_56_gpio.o(i.GPIO_OpenDrainConfig), (16 bytes).
    Removing ht32f1655_56_gpio.o(i.GPIO_PinLock), (12 bytes).
    Removing ht32f1655_56_gpio.o(i.GPIO_PullResistorConfig), (40 bytes).
    Removing ht32f1655_56_gpio.o(i.GPIO_ReadInBit), (10 bytes).
    Removing ht32f1655_56_gpio.o(i.GPIO_ReadInData), (6 bytes).
    Removing ht32f1655_56_gpio.o(i.GPIO_ReadOutBit), (10 bytes).
    Removing ht32f1655_56_gpio.o(i.GPIO_ReadOutData), (6 bytes).
    Removing ht32f1655_56_gpio.o(i.GPIO_SetOutBits), (4 bytes).
    Removing ht32f1655_56_gpio.o(i.GPIO_WriteOutBits), (10 bytes).
    Removing ht32f1655_56_gpio.o(i.GPIO_WriteOutData), (4 bytes).
    Removing ht32f1655_56_gpio.o(i._AFIO_ClockControl), (40 bytes).
    Removing ht32f1655_56_gpio.o(i._GPIO_ClockControl), (52 bytes).
    Removing ht32f1655_56_gptm.o(.rev16_text), (4 bytes).
    Removing ht32f1655_56_gptm.o(.revsh_text), (4 bytes).
    Removing ht32f1655_56_gptm.o(.rrx_text), (6 bytes).
    Removing ht32f1655_56_gptm.o(i.GPTM_CHCCDSConfig), (20 bytes).
    Removing ht32f1655_56_gptm.o(i.GPTM_CHCCRPreloadConfig), (24 bytes).
    Removing ht32f1655_56_gptm.o(i.GPTM_CHPSCConfig), (20 bytes).
    Removing ht32f1655_56_gptm.o(i.GPTM_CKDIVConfig), (16 bytes).
    Removing ht32f1655_56_gptm.o(i.GPTM_CRRPreloadCmd), (20 bytes).
    Removing ht32f1655_56_gptm.o(i.GPTM_CaptureInit), (36 bytes).
    Removing ht32f1655_56_gptm.o(i.GPTM_CaptureStructInit), (18 bytes).
    Removing ht32f1655_56_gptm.o(i.GPTM_ChExternalClockConfig), (48 bytes).
    Removing ht32f1655_56_gptm.o(i.GPTM_ChPolarityConfig), (20 bytes).
    Removing ht32f1655_56_gptm.o(i.GPTM_ChannelConfig), (24 bytes).
    Removing ht32f1655_56_gptm.o(i.GPTM_ClearFlag), (10 bytes).
    Removing ht32f1655_56_gptm.o(i.GPTM_ClearIntPendingBit), (10 bytes).
    Removing ht32f1655_56_gptm.o(i.GPTM_ClearOREFConfig), (24 bytes).
    Removing ht32f1655_56_gptm.o(i.GPTM_Cmd), (20 bytes).
    Removing ht32f1655_56_gptm.o(i.GPTM_CounterModeConfig), (24 bytes).
    Removing ht32f1655_56_gptm.o(i.GPTM_DeInit), (32 bytes).
    Removing ht32f1655_56_gptm.o(i.GPTM_DecoderConfig), (56 bytes).
    Removing ht32f1655_56_gptm.o(i.GPTM_EtiConfig), (24 bytes).
    Removing ht32f1655_56_gptm.o(i.GPTM_EtiExternalClockConfig), (18 bytes).
    Removing ht32f1655_56_gptm.o(i.GPTM_ForcedOREF0), (14 bytes).
    Removing ht32f1655_56_gptm.o(i.GPTM_ForcedOREF1), (14 bytes).
    Removing ht32f1655_56_gptm.o(i.GPTM_ForcedOREF2), (14 bytes).
    Removing ht32f1655_56_gptm.o(i.GPTM_ForcedOREF3), (14 bytes).
    Removing ht32f1655_56_gptm.o(i.GPTM_GenerateEvent), (4 bytes).
    Removing ht32f1655_56_gptm.o(i.GPTM_GetCaptureCompare0), (6 bytes).
    Removing ht32f1655_56_gptm.o(i.GPTM_GetCaptureCompare1), (6 bytes).
    Removing ht32f1655_56_gptm.o(i.GPTM_GetCaptureCompare2), (6 bytes).
    Removing ht32f1655_56_gptm.o(i.GPTM_GetCaptureCompare3), (6 bytes).
    Removing ht32f1655_56_gptm.o(i.GPTM_GetCounter), (6 bytes).
    Removing ht32f1655_56_gptm.o(i.GPTM_GetFlagStatus), (10 bytes).
    Removing ht32f1655_56_gptm.o(i.GPTM_GetIntStatus), (22 bytes).
    Removing ht32f1655_56_gptm.o(i.GPTM_GetPrescaler), (6 bytes).
    Removing ht32f1655_56_gptm.o(i.GPTM_HallInterfaceCmd), (20 bytes).
    Removing ht32f1655_56_gptm.o(i.GPTM_ImmActiveConfig), (24 bytes).
    Removing ht32f1655_56_gptm.o(i.GPTM_IntConfig), (16 bytes).
    Removing ht32f1655_56_gptm.o(i.GPTM_InternalClockConfig), (10 bytes).
    Removing ht32f1655_56_gptm.o(i.GPTM_ItiExternalClockConfig), (18 bytes).
    Removing ht32f1655_56_gptm.o(i.GPTM_MMSELConfig), (12 bytes).
    Removing ht32f1655_56_gptm.o(i.GPTM_OutputInit), (88 bytes).
    Removing ht32f1655_56_gptm.o(i.GPTM_OutputModeConfig), (32 bytes).
    Removing ht32f1655_56_gptm.o(i.GPTM_OutputStructInit), (16 bytes).
    Removing ht32f1655_56_gptm.o(i.GPTM_PDMAConfig), (16 bytes).
    Removing ht32f1655_56_gptm.o(i.GPTM_PrescalerConfig), (8 bytes).
    Removing ht32f1655_56_gptm.o(i.GPTM_PwmInputInit), (90 bytes).
    Removing ht32f1655_56_gptm.o(i.GPTM_SetAsymmetricCompare0), (6 bytes).
    Removing ht32f1655_56_gptm.o(i.GPTM_SetAsymmetricCompare1), (6 bytes).
    Removing ht32f1655_56_gptm.o(i.GPTM_SetAsymmetricCompare2), (6 bytes).
    Removing ht32f1655_56_gptm.o(i.GPTM_SetAsymmetricCompare3), (6 bytes).
    Removing ht32f1655_56_gptm.o(i.GPTM_SetCaptureCompare0), (6 bytes).
    Removing ht32f1655_56_gptm.o(i.GPTM_SetCaptureCompare1), (6 bytes).
    Removing ht32f1655_56_gptm.o(i.GPTM_SetCaptureCompare2), (6 bytes).
    Removing ht32f1655_56_gptm.o(i.GPTM_SetCaptureCompare3), (6 bytes).
    Removing ht32f1655_56_gptm.o(i.GPTM_SetCounter), (6 bytes).
    Removing ht32f1655_56_gptm.o(i.GPTM_SetCounterReload), (6 bytes).
    Removing ht32f1655_56_gptm.o(i.GPTM_SinglePulseModeCmd), (20 bytes).
    Removing ht32f1655_56_gptm.o(i.GPTM_SlaveModeConfig), (12 bytes).
    Removing ht32f1655_56_gptm.o(i.GPTM_StiConfig), (24 bytes).
    Removing ht32f1655_56_gptm.o(i.GPTM_TimSyncCmd), (20 bytes).
    Removing ht32f1655_56_gptm.o(i.GPTM_TimeBaseInit), (42 bytes).
    Removing ht32f1655_56_gptm.o(i.GPTM_TimeBaseStructInit), (20 bytes).
    Removing ht32f1655_56_gptm.o(i.GPTM_UEVG_IntConfig), (20 bytes).
    Removing ht32f1655_56_gptm.o(i.GPTM_UpdateCmd), (20 bytes).
    Removing ht32f1655_56_gptm.o(i.gptm_CHx_Config), (64 bytes).
    Removing ht32f1655_56_i2c.o(.rev16_text), (4 bytes).
    Removing ht32f1655_56_i2c.o(.revsh_text), (4 bytes).
    Removing ht32f1655_56_i2c.o(.rrx_text), (6 bytes).
    Removing ht32f1655_56_i2c.o(i.I2C_AckCmd), (20 bytes).
    Removing ht32f1655_56_i2c.o(i.I2C_AddressMaskConfig), (4 bytes).
    Removing ht32f1655_56_i2c.o(i.I2C_CheckStatus), (14 bytes).
    Removing ht32f1655_56_i2c.o(i.I2C_ClearFlag), (4 bytes).
    Removing ht32f1655_56_i2c.o(i.I2C_Cmd), (20 bytes).
    Removing ht32f1655_56_i2c.o(i.I2C_CombFilterCmd), (20 bytes).
    Removing ht32f1655_56_i2c.o(i.I2C_DeInit), (28 bytes).
    Removing ht32f1655_56_i2c.o(i.I2C_GeneralCallCmd), (20 bytes).
    Removing ht32f1655_56_i2c.o(i.I2C_GenerateSTOP), (10 bytes).
    Removing ht32f1655_56_i2c.o(i.I2C_GetAddressBuffer), (6 bytes).
    Removing ht32f1655_56_i2c.o(i.I2C_GetFlagStatus), (10 bytes).
    Removing ht32f1655_56_i2c.o(i.I2C_Init), (128 bytes).
    Removing ht32f1655_56_i2c.o(i.I2C_IntConfig), (16 bytes).
    Removing ht32f1655_56_i2c.o(i.I2C_PDMACmd), (16 bytes).
    Removing ht32f1655_56_i2c.o(i.I2C_PDMANACKCmd), (20 bytes).
    Removing ht32f1655_56_i2c.o(i.I2C_ReadRegister), (10 bytes).
    Removing ht32f1655_56_i2c.o(i.I2C_ReceiveData), (6 bytes).
    Removing ht32f1655_56_i2c.o(i.I2C_SendData), (4 bytes).
    Removing ht32f1655_56_i2c.o(i.I2C_SequentialFilterConfig), (112 bytes).
    Removing ht32f1655_56_i2c.o(i.I2C_SetOwnAddress), (4 bytes).
    Removing ht32f1655_56_i2c.o(i.I2C_SetSCLHighPeriod), (4 bytes).
    Removing ht32f1655_56_i2c.o(i.I2C_SetSCLLowPeriod), (4 bytes).
    Removing ht32f1655_56_i2c.o(i.I2C_SetTimeOutPrescaler), (10 bytes).
    Removing ht32f1655_56_i2c.o(i.I2C_SetTimeOutValue), (12 bytes).
    Removing ht32f1655_56_i2c.o(i.I2C_StructInit), (20 bytes).
    Removing ht32f1655_56_i2c.o(i.I2C_TargetAddressConfig), (16 bytes).
    Removing ht32f1655_56_i2c.o(i.I2C_TimeOutCmd), (20 bytes).
    Removing ht32f1655_56_i2s.o(.rev16_text), (4 bytes).
    Removing ht32f1655_56_i2s.o(.revsh_text), (4 bytes).
    Removing ht32f1655_56_i2s.o(.rrx_text), (6 bytes).
    Removing ht32f1655_56_i2s.o(i.I2S_ClearFlag), (12 bytes).
    Removing ht32f1655_56_i2s.o(i.I2S_Cmd), (28 bytes).
    Removing ht32f1655_56_i2s.o(i.I2S_DeInit), (14 bytes).
    Removing ht32f1655_56_i2s.o(i.I2S_FIFOReset), (16 bytes).
    Removing ht32f1655_56_i2s.o(i.I2S_FIFOTrigLevelConfig), (40 bytes).
    Removing ht32f1655_56_i2s.o(i.I2S_GetFIFOStatus), (24 bytes).
    Removing ht32f1655_56_i2s.o(i.I2S_GetFlagStatus), (20 bytes).
    Removing ht32f1655_56_i2s.o(i.I2S_Init), (112 bytes).
    Removing ht32f1655_56_i2s.o(i.I2S_IntConfig), (24 bytes).
    Removing ht32f1655_56_i2s.o(i.I2S_PDMACmd), (24 bytes).
    Removing ht32f1655_56_i2s.o(i.I2S_TxMuteCmd), (28 bytes).
    Removing ht32f1655_56_mctm.o(.rev16_text), (4 bytes).
    Removing ht32f1655_56_mctm.o(.revsh_text), (4 bytes).
    Removing ht32f1655_56_mctm.o(.rrx_text), (6 bytes).
    Removing ht32f1655_56_mctm.o(i.MCTM_CHBRKCTRConfig), (54 bytes).
    Removing ht32f1655_56_mctm.o(i.MCTM_CHBRKCTRStructInit), (28 bytes).
    Removing ht32f1655_56_mctm.o(i.MCTM_CHCCDSConfig), (20 bytes).
    Removing ht32f1655_56_mctm.o(i.MCTM_CHCCRPreloadConfig), (24 bytes).
    Removing ht32f1655_56_mctm.o(i.MCTM_CHMOECmd), (20 bytes).
    Removing ht32f1655_56_mctm.o(i.MCTM_CHPSCConfig), (20 bytes).
    Removing ht32f1655_56_mctm.o(i.MCTM_CKDIVConfig), (16 bytes).
    Removing ht32f1655_56_mctm.o(i.MCTM_COMPRECmd), (20 bytes).
    Removing ht32f1655_56_mctm.o(i.MCTM_COMUSConfig), (20 bytes).
    Removing ht32f1655_56_mctm.o(i.MCTM_CRRPreloadCmd), (20 bytes).
    Removing ht32f1655_56_mctm.o(i.MCTM_CaptureInit), (36 bytes).
    Removing ht32f1655_56_mctm.o(i.MCTM_CaptureStructInit), (18 bytes).
    Removing ht32f1655_56_mctm.o(i.MCTM_ChExternalClockConfig), (48 bytes).
    Removing ht32f1655_56_mctm.o(i.MCTM_ChNPolarityConfig), (22 bytes).
    Removing ht32f1655_56_mctm.o(i.MCTM_ChPolarityConfig), (20 bytes).
    Removing ht32f1655_56_mctm.o(i.MCTM_ChannelConfig), (24 bytes).
    Removing ht32f1655_56_mctm.o(i.MCTM_ChannelNConfig), (26 bytes).
    Removing ht32f1655_56_mctm.o(i.MCTM_ClearFlag), (10 bytes).
    Removing ht32f1655_56_mctm.o(i.MCTM_ClearIntPendingBit), (10 bytes).
    Removing ht32f1655_56_mctm.o(i.MCTM_ClearOREFConfig), (24 bytes).
    Removing ht32f1655_56_mctm.o(i.MCTM_Cmd), (20 bytes).
    Removing ht32f1655_56_mctm.o(i.MCTM_CounterModeConfig), (24 bytes).
    Removing ht32f1655_56_mctm.o(i.MCTM_DeInit), (28 bytes).
    Removing ht32f1655_56_mctm.o(i.MCTM_DecoderConfig), (56 bytes).
    Removing ht32f1655_56_mctm.o(i.MCTM_EtiConfig), (24 bytes).
    Removing ht32f1655_56_mctm.o(i.MCTM_EtiExternalClockConfig), (18 bytes).
    Removing ht32f1655_56_mctm.o(i.MCTM_ForcedOREF0), (14 bytes).
    Removing ht32f1655_56_mctm.o(i.MCTM_ForcedOREF1), (14 bytes).
    Removing ht32f1655_56_mctm.o(i.MCTM_ForcedOREF2), (14 bytes).
    Removing ht32f1655_56_mctm.o(i.MCTM_ForcedOREF3), (14 bytes).
    Removing ht32f1655_56_mctm.o(i.MCTM_GenerateEvent), (4 bytes).
    Removing ht32f1655_56_mctm.o(i.MCTM_GetCaptureCompare0), (6 bytes).
    Removing ht32f1655_56_mctm.o(i.MCTM_GetCaptureCompare1), (6 bytes).
    Removing ht32f1655_56_mctm.o(i.MCTM_GetCaptureCompare2), (6 bytes).
    Removing ht32f1655_56_mctm.o(i.MCTM_GetCaptureCompare3), (6 bytes).
    Removing ht32f1655_56_mctm.o(i.MCTM_GetCounter), (6 bytes).
    Removing ht32f1655_56_mctm.o(i.MCTM_GetFlagStatus), (10 bytes).
    Removing ht32f1655_56_mctm.o(i.MCTM_GetIntStatus), (22 bytes).
    Removing ht32f1655_56_mctm.o(i.MCTM_GetPrescaler), (6 bytes).
    Removing ht32f1655_56_mctm.o(i.MCTM_HallInterfaceCmd), (20 bytes).
    Removing ht32f1655_56_mctm.o(i.MCTM_ImmActiveConfig), (24 bytes).
    Removing ht32f1655_56_mctm.o(i.MCTM_IntConfig), (16 bytes).
    Removing ht32f1655_56_mctm.o(i.MCTM_InternalClockConfig), (10 bytes).
    Removing ht32f1655_56_mctm.o(i.MCTM_ItiExternalClockConfig), (18 bytes).
    Removing ht32f1655_56_mctm.o(i.MCTM_MMSELConfig), (12 bytes).
    Removing ht32f1655_56_mctm.o(i.MCTM_OutputInit), (126 bytes).
    Removing ht32f1655_56_mctm.o(i.MCTM_OutputModeConfig), (32 bytes).
    Removing ht32f1655_56_mctm.o(i.MCTM_OutputStructInit), (24 bytes).
    Removing ht32f1655_56_mctm.o(i.MCTM_PDMAConfig), (16 bytes).
    Removing ht32f1655_56_mctm.o(i.MCTM_PrescalerConfig), (8 bytes).
    Removing ht32f1655_56_mctm.o(i.MCTM_PwmInputInit), (90 bytes).
    Removing ht32f1655_56_mctm.o(i.MCTM_SetAsymmetricCompare0), (6 bytes).
    Removing ht32f1655_56_mctm.o(i.MCTM_SetAsymmetricCompare1), (6 bytes).
    Removing ht32f1655_56_mctm.o(i.MCTM_SetAsymmetricCompare2), (6 bytes).
    Removing ht32f1655_56_mctm.o(i.MCTM_SetAsymmetricCompare3), (6 bytes).
    Removing ht32f1655_56_mctm.o(i.MCTM_SetCaptureCompare0), (6 bytes).
    Removing ht32f1655_56_mctm.o(i.MCTM_SetCaptureCompare1), (6 bytes).
    Removing ht32f1655_56_mctm.o(i.MCTM_SetCaptureCompare2), (6 bytes).
    Removing ht32f1655_56_mctm.o(i.MCTM_SetCaptureCompare3), (6 bytes).
    Removing ht32f1655_56_mctm.o(i.MCTM_SetCounter), (6 bytes).
    Removing ht32f1655_56_mctm.o(i.MCTM_SetCounterReload), (6 bytes).
    Removing ht32f1655_56_mctm.o(i.MCTM_SinglePulseModeCmd), (20 bytes).
    Removing ht32f1655_56_mctm.o(i.MCTM_SlaveModeConfig), (12 bytes).
    Removing ht32f1655_56_mctm.o(i.MCTM_StiConfig), (24 bytes).
    Removing ht32f1655_56_mctm.o(i.MCTM_TimSyncCmd), (20 bytes).
    Removing ht32f1655_56_mctm.o(i.MCTM_TimeBaseInit), (48 bytes).
    Removing ht32f1655_56_mctm.o(i.MCTM_TimeBaseStructInit), (22 bytes).
    Removing ht32f1655_56_mctm.o(i.MCTM_UEV1G_IntConfig), (20 bytes).
    Removing ht32f1655_56_mctm.o(i.MCTM_UpdateCmd), (20 bytes).
    Removing ht32f1655_56_mctm.o(i.mctm_CHx_Config), (64 bytes).
    Removing ht32f1655_56_pdma.o(.rev16_text), (4 bytes).
    Removing ht32f1655_56_pdma.o(.revsh_text), (4 bytes).
    Removing ht32f1655_56_pdma.o(.rrx_text), (6 bytes).
    Removing ht32f1655_56_pdma.o(i.PDMA_ClearFlag), (44 bytes).
    Removing ht32f1655_56_pdma.o(i.PDMA_Config), (48 bytes).
    Removing ht32f1655_56_pdma.o(i.PDMA_EnaCmd), (40 bytes).
    Removing ht32f1655_56_pdma.o(i.PDMA_GetFlagStatus), (52 bytes).
    Removing ht32f1655_56_pdma.o(i.PDMA_IntConig), (48 bytes).
    Removing ht32f1655_56_pdma.o(i.PDMA_SwTrigCmd), (40 bytes).
    Removing ht32f1655_56_pdma.o(i.PDMA_TranSizeConfig), (24 bytes).
    Removing ht32f1655_56_pwrcu.o(.rev16_text), (4 bytes).
    Removing ht32f1655_56_pwrcu.o(.revsh_text), (4 bytes).
    Removing ht32f1655_56_pwrcu.o(.rrx_text), (6 bytes).
    Removing ht32f1655_56_pwrcu.o(i.PWRCU_BODCmd), (12 bytes).
    Removing ht32f1655_56_pwrcu.o(i.PWRCU_BODRISConfig), (12 bytes).
    Removing ht32f1655_56_pwrcu.o(i.PWRCU_CheckReadyAccessed), (72 bytes).
    Removing ht32f1655_56_pwrcu.o(i.PWRCU_DMOSCmd), (24 bytes).
    Removing ht32f1655_56_pwrcu.o(i.PWRCU_DeInit), (32 bytes).
    Removing ht32f1655_56_pwrcu.o(i.PWRCU_DeepSleep1), (68 bytes).
    Removing ht32f1655_56_pwrcu.o(i.PWRCU_DeepSleep2), (80 bytes).
    Removing ht32f1655_56_pwrcu.o(i.PWRCU_GetBODFlagStatus), (16 bytes).
    Removing ht32f1655_56_pwrcu.o(i.PWRCU_GetDMOSStatus), (36 bytes).
    Removing ht32f1655_56_pwrcu.o(i.PWRCU_GetFlagStatus), (16 bytes).
    Removing ht32f1655_56_pwrcu.o(i.PWRCU_GetLVDFlagStatus), (16 bytes).
    Removing ht32f1655_56_pwrcu.o(i.PWRCU_HSIReadyCounterBitLengthConfig), (12 bytes).
    Removing ht32f1655_56_pwrcu.o(i.PWRCU_LVDCmd), (12 bytes).
    Removing ht32f1655_56_pwrcu.o(i.PWRCU_LVDEventWakeupConfig), (12 bytes).
    Removing ht32f1655_56_pwrcu.o(i.PWRCU_LVDIntWakeupConfig), (12 bytes).
    Removing ht32f1655_56_pwrcu.o(i.PWRCU_PowerDown), (76 bytes).
    Removing ht32f1655_56_pwrcu.o(i.PWRCU_ReadBackupRegister), (16 bytes).
    Removing ht32f1655_56_pwrcu.o(i.PWRCU_SetLVDS), (24 bytes).
    Removing ht32f1655_56_pwrcu.o(i.PWRCU_Sleep), (24 bytes).
    Removing ht32f1655_56_pwrcu.o(i.PWRCU_V18RDYSourceConfig), (12 bytes).
    Removing ht32f1655_56_pwrcu.o(i.PWRCU_WakeupPinCmd), (12 bytes).
    Removing ht32f1655_56_pwrcu.o(i.PWRCU_WakeupPinIntConfig), (12 bytes).
    Removing ht32f1655_56_pwrcu.o(i.PWRCU_WriteBackupRegister), (16 bytes).
    Removing ht32f1655_56_rstcu.o(.rev16_text), (4 bytes).
    Removing ht32f1655_56_rstcu.o(.revsh_text), (4 bytes).
    Removing ht32f1655_56_rstcu.o(.rrx_text), (6 bytes).
    Removing ht32f1655_56_rstcu.o(i.RSTCU_ClearAllResetFlag), (16 bytes).
    Removing ht32f1655_56_rstcu.o(i.RSTCU_ClearResetFlag), (16 bytes).
    Removing ht32f1655_56_rstcu.o(i.RSTCU_GetResetFlagStatus), (28 bytes).
    Removing ht32f1655_56_rtc.o(.rev16_text), (4 bytes).
    Removing ht32f1655_56_rtc.o(.revsh_text), (4 bytes).
    Removing ht32f1655_56_rtc.o(.rrx_text), (6 bytes).
    Removing ht32f1655_56_rtc.o(i.RTC_CMPCLRCmd), (12 bytes).
    Removing ht32f1655_56_rtc.o(i.RTC_ClockSourceConfig), (12 bytes).
    Removing ht32f1655_56_rtc.o(i.RTC_Cmd), (12 bytes).
    Removing ht32f1655_56_rtc.o(i.RTC_DeInit), (40 bytes).
    Removing ht32f1655_56_rtc.o(i.RTC_GetCompare), (12 bytes).
    Removing ht32f1655_56_rtc.o(i.RTC_GetCounter), (12 bytes).
    Removing ht32f1655_56_rtc.o(i.RTC_GetFlagStatus), (12 bytes).
    Removing ht32f1655_56_rtc.o(i.RTC_GetOutStatus), (16 bytes).
    Removing ht32f1655_56_rtc.o(i.RTC_GetPrescaler), (20 bytes).
    Removing ht32f1655_56_rtc.o(i.RTC_IntConfig), (24 bytes).
    Removing ht32f1655_56_rtc.o(i.RTC_LSECmd), (44 bytes).
    Removing ht32f1655_56_rtc.o(i.RTC_LSESMConfig), (12 bytes).
    Removing ht32f1655_56_rtc.o(i.RTC_LSICmd), (44 bytes).
    Removing ht32f1655_56_rtc.o(i.RTC_LSILoadTrimData), (40 bytes).
    Removing ht32f1655_56_rtc.o(i.RTC_OutCmd), (12 bytes).
    Removing ht32f1655_56_rtc.o(i.RTC_OutConfig), (28 bytes).
    Removing ht32f1655_56_rtc.o(i.RTC_SetCompare), (12 bytes).
    Removing ht32f1655_56_rtc.o(i.RTC_SetPrescaler), (20 bytes).
    Removing ht32f1655_56_rtc.o(i.RTC_WakeupConfig), (24 bytes).
    Removing ht32f1655_56_sci.o(.rev16_text), (4 bytes).
    Removing ht32f1655_56_sci.o(.revsh_text), (4 bytes).
    Removing ht32f1655_56_sci.o(.rrx_text), (6 bytes).
    Removing ht32f1655_56_sci.o(i.SCI_ClearFlag), (36 bytes).
    Removing ht32f1655_56_sci.o(i.SCI_ClockModeConfig), (28 bytes).
    Removing ht32f1655_56_sci.o(i.SCI_Cmd), (28 bytes).
    Removing ht32f1655_56_sci.o(i.SCI_DeInit), (14 bytes).
    Removing ht32f1655_56_sci.o(i.SCI_ETUConfig), (12 bytes).
    Removing ht32f1655_56_sci.o(i.SCI_GetFlagStatus), (20 bytes).
    Removing ht32f1655_56_sci.o(i.SCI_Init), (40 bytes).
    Removing ht32f1655_56_sci.o(i.SCI_IntConfig), (24 bytes).
    Removing ht32f1655_56_sci.o(i.SCI_OutputDIO), (28 bytes).
    Removing ht32f1655_56_sci.o(i.SCI_PDMACmd), (24 bytes).
    Removing ht32f1655_56_sci.o(i.SCI_ReceiveData), (12 bytes).
    Removing ht32f1655_56_sci.o(i.SCI_SendData), (12 bytes).
    Removing ht32f1655_56_sci.o(i.SCI_SetGuardTimeValue), (12 bytes).
    Removing ht32f1655_56_sci.o(i.SCI_SetWaitingTimeValue), (12 bytes).
    Removing ht32f1655_56_sci.o(i.SCI_SoftwareClockCmd), (28 bytes).
    Removing ht32f1655_56_sci.o(i.SCI_StructInit), (14 bytes).
    Removing ht32f1655_56_sci.o(i.SCI_WaitingTimeCounterCmd), (28 bytes).
    Removing ht32f1655_56_spi.o(.rev16_text), (4 bytes).
    Removing ht32f1655_56_spi.o(.revsh_text), (4 bytes).
    Removing ht32f1655_56_spi.o(.rrx_text), (6 bytes).
    Removing ht32f1655_56_spi.o(i.SPI_ClearFlag), (4 bytes).
    Removing ht32f1655_56_spi.o(i.SPI_Cmd), (20 bytes).
    Removing ht32f1655_56_spi.o(i.SPI_DUALCmd), (20 bytes).
    Removing ht32f1655_56_spi.o(i.SPI_DeInit), (24 bytes).
    Removing ht32f1655_56_spi.o(i.SPI_FIFOCmd), (20 bytes).
    Removing ht32f1655_56_spi.o(i.SPI_FIFOTriggerLevelConfig), (30 bytes).
    Removing ht32f1655_56_spi.o(i.SPI_GUADTCmd), (20 bytes).
    Removing ht32f1655_56_spi.o(i.SPI_GUADTSPI_GUADTConfig), (16 bytes).
    Removing ht32f1655_56_spi.o(i.SPI_GetFIFOStatus), (20 bytes).
    Removing ht32f1655_56_spi.o(i.SPI_GetFlagStatus), (14 bytes).
    Removing ht32f1655_56_spi.o(i.SPI_Init), (58 bytes).
    Removing ht32f1655_56_spi.o(i.SPI_IntConfig), (16 bytes).
    Removing ht32f1655_56_spi.o(i.SPI_PDMACmd), (16 bytes).
    Removing ht32f1655_56_spi.o(i.SPI_ReceiveData), (6 bytes).
    Removing ht32f1655_56_spi.o(i.SPI_SELHTConfig), (10 bytes).
    Removing ht32f1655_56_spi.o(i.SPI_SELModeConfig), (20 bytes).
    Removing ht32f1655_56_spi.o(i.SPI_SELOutputCmd), (20 bytes).
    Removing ht32f1655_56_spi.o(i.SPI_SendData), (4 bytes).
    Removing ht32f1655_56_spi.o(i.SPI_SetDataLength), (16 bytes).
    Removing ht32f1655_56_spi.o(i.SPI_SetTimeOutValue), (4 bytes).
    Removing ht32f1655_56_spi.o(i.SPI_SoftwareSELCmd), (20 bytes).
    Removing ht32f1655_56_spi.o(i.SPI_StructInit), (32 bytes).
    Removing ht32f1655_56_usart.o(.rev16_text), (4 bytes).
    Removing ht32f1655_56_usart.o(.revsh_text), (4 bytes).
    Removing ht32f1655_56_usart.o(.rrx_text), (6 bytes).
    Removing ht32f1655_56_usart.o(i.USART_DeInit), (60 bytes).
    Removing ht32f1655_56_usart.o(i.USART_FIFOReset), (8 bytes).
    Removing ht32f1655_56_usart.o(i.USART_ForceBreakCmd), (20 bytes).
    Removing ht32f1655_56_usart.o(i.USART_ForceModemPinState), (20 bytes).
    Removing ht32f1655_56_usart.o(i.USART_GetFIFOStatus), (18 bytes).
    Removing ht32f1655_56_usart.o(i.USART_GetIntID), (6 bytes).
    Removing ht32f1655_56_usart.o(i.USART_GetLineStatus), (10 bytes).
    Removing ht32f1655_56_usart.o(i.USART_GetModemStatus), (6 bytes).
    Removing ht32f1655_56_usart.o(i.USART_HardwareFlowControlCmd), (20 bytes).
    Removing ht32f1655_56_usart.o(i.USART_Init), (52 bytes).
    Removing ht32f1655_56_usart.o(i.USART_IntConfig), (16 bytes).
    Removing ht32f1655_56_usart.o(i.USART_IrDACmd), (20 bytes).
    Removing ht32f1655_56_usart.o(i.USART_IrDAConfig), (20 bytes).
    Removing ht32f1655_56_usart.o(i.USART_IrDADirectionConfig), (20 bytes).
    Removing ht32f1655_56_usart.o(i.USART_IrDAInvtInputCmd), (20 bytes).
    Removing ht32f1655_56_usart.o(i.USART_IrDAInvtOutputCmd), (20 bytes).
    Removing ht32f1655_56_usart.o(i.USART_RFITLConfig), (12 bytes).
    Removing ht32f1655_56_usart.o(i.USART_RS485AADCmd), (20 bytes).
    Removing ht32f1655_56_usart.o(i.USART_RS485NMMCmd), (20 bytes).
    Removing ht32f1655_56_usart.o(i.USART_RS485TxEnablePolarityConfig), (20 bytes).
    Removing ht32f1655_56_usart.o(i.USART_ReceiveData), (6 bytes).
    Removing ht32f1655_56_usart.o(i.USART_RxCmd), (20 bytes).
    Removing ht32f1655_56_usart.o(i.USART_RxPDMACmd), (20 bytes).
    Removing ht32f1655_56_usart.o(i.USART_SendData), (4 bytes).
    Removing ht32f1655_56_usart.o(i.USART_SetAddressMatchValue), (14 bytes).
    Removing ht32f1655_56_usart.o(i.USART_SetGuardTime), (14 bytes).
    Removing ht32f1655_56_usart.o(i.USART_SetIrDAPrescaler), (14 bytes).
    Removing ht32f1655_56_usart.o(i.USART_SetTimeOutValue), (12 bytes).
    Removing ht32f1655_56_usart.o(i.USART_StickParityCmd), (20 bytes).
    Removing ht32f1655_56_usart.o(i.USART_StickParityConfig), (20 bytes).
    Removing ht32f1655_56_usart.o(i.USART_StructInit), (20 bytes).
    Removing ht32f1655_56_usart.o(i.USART_SynClockInit), (26 bytes).
    Removing ht32f1655_56_usart.o(i.USART_SynClockStructInit), (12 bytes).
    Removing ht32f1655_56_usart.o(i.USART_TFITLConfig), (12 bytes).
    Removing ht32f1655_56_usart.o(i.USART_TimeOutIntConfig), (20 bytes).
    Removing ht32f1655_56_usart.o(i.USART_TxCmd), (20 bytes).
    Removing ht32f1655_56_usart.o(i.USART_TxPDMACmd), (20 bytes).
    Removing ht32f1655_56_usbd.o(.rev16_text), (4 bytes).
    Removing ht32f1655_56_usbd.o(.revsh_text), (4 bytes).
    Removing ht32f1655_56_usbd.o(.rrx_text), (6 bytes).
    Removing ht32f1655_56_usbd.o(i.USBD_DPWakeUpCmd), (28 bytes).
    Removing ht32f1655_56_usbd.o(i.USBD_DPpullupCmd), (28 bytes).
    Removing ht32f1655_56_usbd.o(i.USBD_DisableINT), (16 bytes).
    Removing ht32f1655_56_usbd.o(i.USBD_EPTEnableINT), (12 bytes).
    Removing ht32f1655_56_usbd.o(i.USBD_EPTWaitSTALLSent), (36 bytes).
    Removing ht32f1655_56_usbd.o(i.USBD_Init), (4 bytes).
    Removing ht32f1655_56_usbd.o(i.USBD_PowerUp), (104 bytes).
    Removing ht32f1655_56_usbd.o(i.USBD_PreInit), (56 bytes).
    Removing ht32f1655_56_usbd.o(i.USBD_RemoteWakeup), (16 bytes).
    Removing ht32f1655_56_usbd.o(i.USBD_SRAMResetConditionCmd), (28 bytes).
    Removing ht32f1655_56_usbd.o(.data), (4 bytes).
    Removing ht32f1655_56_wdt.o(.rev16_text), (4 bytes).
    Removing ht32f1655_56_wdt.o(.revsh_text), (4 bytes).
    Removing ht32f1655_56_wdt.o(.rrx_text), (6 bytes).
    Removing ht32f1655_56_wdt.o(i.WDT_Cmd), (28 bytes).
    Removing ht32f1655_56_wdt.o(i.WDT_DeInit), (12 bytes).
    Removing ht32f1655_56_wdt.o(i.WDT_GetDeltaValue), (16 bytes).
    Removing ht32f1655_56_wdt.o(i.WDT_GetFlagStatus), (20 bytes).
    Removing ht32f1655_56_wdt.o(i.WDT_GetPrescaler), (24 bytes).
    Removing ht32f1655_56_wdt.o(i.WDT_GetReloadValue), (16 bytes).
    Removing ht32f1655_56_wdt.o(i.WDT_HaltConfig), (24 bytes).
    Removing ht32f1655_56_wdt.o(i.WDT_IntConfig), (28 bytes).
    Removing ht32f1655_56_wdt.o(i.WDT_LockCmd), (32 bytes).
    Removing ht32f1655_56_wdt.o(i.WDT_ProtectCmd), (24 bytes).
    Removing ht32f1655_56_wdt.o(i.WDT_ResetCmd), (28 bytes).
    Removing ht32f1655_56_wdt.o(i.WDT_Restart), (16 bytes).
    Removing ht32f1655_56_wdt.o(i.WDT_SetDeltaValue), (20 bytes).
    Removing ht32f1655_56_wdt.o(i.WDT_SetPrescaler), (20 bytes).
    Removing ht32f1655_56_wdt.o(i.WDT_SetReloadValue), (20 bytes).
    Removing ht32f1655_56_wdt.o(i.WDT_SourceConfig), (16 bytes).
    Removing ht32_retarget.o(.rev16_text), (4 bytes).
    Removing ht32_retarget.o(.revsh_text), (4 bytes).
    Removing ht32_retarget.o(.rrx_text), (6 bytes).
    Removing ht32_retarget.o(i.RETARGET_Configuration), (4 bytes).
    Removing ht32_retarget.o(i.__backspace), (4 bytes).
    Removing ht32_retarget.o(i._sys_exit), (2 bytes).
    Removing ht32_retarget.o(i._ttywrch), (4 bytes).
    Removing ht32_retarget.o(i.fgetc), (4 bytes).
    Removing ht32_retarget.o(i.fputc), (4 bytes).
    Removing ht32_retarget.o(.data), (4 bytes).
    Removing ht32_retarget.o(.data), (4 bytes).
    Removing ht32_serial.o(.rev16_text), (4 bytes).
    Removing ht32_serial.o(.revsh_text), (4 bytes).
    Removing ht32_serial.o(.rrx_text), (6 bytes).
    Removing ht32_serial.o(i.SERIAL_GetChar), (40 bytes).
    Removing ht32_serial.o(i.SERIAL_PutChar), (40 bytes).
    Removing ht32_serial.o(i.SERIAL_USBDClass_RXHandler), (48 bytes).
    Removing ht32_serial.o(i.SERIAL_USBDClass_Request), (80 bytes).
    Removing ht32_serial.o(i.SERIAL_USBDInit), (100 bytes).
    Removing ht32_serial.o(i.USBDClass_Init), (20 bytes).
    Removing ht32_serial.o(i.USBDDesc_Init), (28 bytes).
    Removing ht32_serial.o(.constdata), (95 bytes).
    Removing ht32_serial.o(.constdata), (4 bytes).
    Removing ht32_serial.o(.constdata), (14 bytes).
    Removing ht32_serial.o(.constdata), (16 bytes).
    Removing ht32_serial.o(.data), (36 bytes).
    Removing ht32_serial.o(.data), (26 bytes).

581 unused section(s) (total 11687 bytes) removed from the image.

==============================================================================

Image Symbol Table

    Local Symbols

    Symbol Name                              Value     Ov Type        Size  Object(Section)

    RESET                                    0x00000000   Section      376  startup_ht32f1655_56.o(RESET)
    ../clib/microlib/init/entry.s            0x00000000   Number         0  entry8b.o ABSOLUTE
    ../clib/microlib/init/entry.s            0x00000000   Number         0  entry10a.o ABSOLUTE
    ../clib/microlib/init/entry.s            0x00000000   Number         0  entry2.o ABSOLUTE
    ../clib/microlib/init/entry.s            0x00000000   Number         0  entry8a.o ABSOLUTE
    ../clib/microlib/init/entry.s            0x00000000   Number         0  entry7b.o ABSOLUTE
    ../clib/microlib/init/entry.s            0x00000000   Number         0  entry11b.o ABSOLUTE
    ../clib/microlib/init/entry.s            0x00000000   Number         0  entry5.o ABSOLUTE
    ../clib/microlib/init/entry.s            0x00000000   Number         0  entry11a.o ABSOLUTE
    ../clib/microlib/init/entry.s            0x00000000   Number         0  entry7a.o ABSOLUTE
    ../clib/microlib/init/entry.s            0x00000000   Number         0  entry10b.o ABSOLUTE
    ../clib/microlib/init/entry.s            0x00000000   Number         0  entry.o ABSOLUTE
    ../clib/microlib/init/entry.s            0x00000000   Number         0  entry9b.o ABSOLUTE
    ../clib/microlib/init/entry.s            0x00000000   Number         0  entry9a.o ABSOLUTE
    ../clib/microlib/longlong.c              0x00000000   Number         0  llshl.o ABSOLUTE
    ../clib/microlib/longlong.c              0x00000000   Number         0  llushr.o ABSOLUTE
    ../clib/microlib/stubs.s                 0x00000000   Number         0  iusefp.o ABSOLUTE
    ../clib/microlib/stubs.s                 0x00000000   Number         0  useno.o ABSOLUTE
    ../fplib/microlib/d2f.c                  0x00000000   Number         0  d2f.o ABSOLUTE
    ../fplib/microlib/fpepilogue.c           0x00000000   Number         0  depilogue.o ABSOLUTE
    ../fplib/microlib/fpepilogue.c           0x00000000   Number         0  fepilogue.o ABSOLUTE
    ../fplib/microlib/fpflt.c                0x00000000   Number         0  dfltui.o ABSOLUTE
    ../fplib/microlib/fpmul.c                0x00000000   Number         0  dmul.o ABSOLUTE
    ..\..\library\HT32F1655_56_Driver\src\ht32_cm3_misc.c 0x00000000   Number         0  ht32_cm3_misc.o ABSOLUTE
    ..\..\library\HT32F1655_56_Driver\src\ht32_retarget.c 0x00000000   Number         0  ht32_retarget.o ABSOLUTE
    ..\..\library\HT32F1655_56_Driver\src\ht32_serial.c 0x00000000   Number         0  ht32_serial.o ABSOLUTE
    ..\..\library\HT32F1655_56_Driver\src\ht32f1655_56_adc.c 0x00000000   Number         0  ht32f1655_56_adc.o ABSOLUTE
    ..\..\library\HT32F1655_56_Driver\src\ht32f1655_56_bftm.c 0x00000000   Number         0  ht32f1655_56_bftm.o ABSOLUTE
    ..\..\library\HT32F1655_56_Driver\src\ht32f1655_56_ckcu.c 0x00000000   Number         0  ht32f1655_56_ckcu.o ABSOLUTE
    ..\..\library\HT32F1655_56_Driver\src\ht32f1655_56_cmp_op.c 0x00000000   Number         0  ht32f1655_56_cmp_op.o ABSOLUTE
    ..\..\library\HT32F1655_56_Driver\src\ht32f1655_56_crc.c 0x00000000   Number         0  ht32f1655_56_crc.o ABSOLUTE
    ..\..\library\HT32F1655_56_Driver\src\ht32f1655_56_ebi.c 0x00000000   Number         0  ht32f1655_56_ebi.o ABSOLUTE
    ..\..\library\HT32F1655_56_Driver\src\ht32f1655_56_exti.c 0x00000000   Number         0  ht32f1655_56_exti.o ABSOLUTE
    ..\..\library\HT32F1655_56_Driver\src\ht32f1655_56_flash.c 0x00000000   Number         0  ht32f1655_56_flash.o ABSOLUTE
    ..\..\library\HT32F1655_56_Driver\src\ht32f1655_56_gpio.c 0x00000000   Number         0  ht32f1655_56_gpio.o ABSOLUTE
    ..\..\library\HT32F1655_56_Driver\src\ht32f1655_56_gptm.c 0x00000000   Number         0  ht32f1655_56_gptm.o ABSOLUTE
    ..\..\library\HT32F1655_56_Driver\src\ht32f1655_56_i2c.c 0x00000000   Number         0  ht32f1655_56_i2c.o ABSOLUTE
    ..\..\library\HT32F1655_56_Driver\src\ht32f1655_56_i2s.c 0x00000000   Number         0  ht32f1655_56_i2s.o ABSOLUTE
    ..\..\library\HT32F1655_56_Driver\src\ht32f1655_56_mctm.c 0x00000000   Number         0  ht32f1655_56_mctm.o ABSOLUTE
    ..\..\library\HT32F1655_56_Driver\src\ht32f1655_56_pdma.c 0x00000000   Number         0  ht32f1655_56_pdma.o ABSOLUTE
    ..\..\library\HT32F1655_56_Driver\src\ht32f1655_56_pwrcu.c 0x00000000   Number         0  ht32f1655_56_pwrcu.o ABSOLUTE
    ..\..\library\HT32F1655_56_Driver\src\ht32f1655_56_rstcu.c 0x00000000   Number         0  ht32f1655_56_rstcu.o ABSOLUTE
    ..\..\library\HT32F1655_56_Driver\src\ht32f1655_56_rtc.c 0x00000000   Number         0  ht32f1655_56_rtc.o ABSOLUTE
    ..\..\library\HT32F1655_56_Driver\src\ht32f1655_56_sci.c 0x00000000   Number         0  ht32f1655_56_sci.o ABSOLUTE
    ..\..\library\HT32F1655_56_Driver\src\ht32f1655_56_spi.c 0x00000000   Number         0  ht32f1655_56_spi.o ABSOLUTE
    ..\..\library\HT32F1655_56_Driver\src\ht32f1655_56_usart.c 0x00000000   Number         0  ht32f1655_56_usart.o ABSOLUTE
    ..\..\library\HT32F1655_56_Driver\src\ht32f1655_56_usbd.c 0x00000000   Number         0  ht32f1655_56_usbd.o ABSOLUTE
    ..\..\library\HT32F1655_56_Driver\src\ht32f1655_56_wdt.c 0x00000000   Number         0  ht32f1655_56_wdt.o ABSOLUTE
    ..\..\library\HT32_USBD_Library\src\ht32_usbd_core.c 0x00000000   Number         0  ht32_usbd_core.o ABSOLUTE
    ..\MDK_ARM\ht32f1655_56_op.s             0x00000000   Number         0  ht32f1655_56_op.o ABSOLUTE
    ..\\..\\library\\HT32F1655_56_Driver\\src\\ht32_cm3_misc.c 0x00000000   Number         0  ht32_cm3_misc.o ABSOLUTE
    ..\\..\\library\\HT32F1655_56_Driver\\src\\ht32_retarget.c 0x00000000   Number         0  ht32_retarget.o ABSOLUTE
    ..\\..\\library\\HT32F1655_56_Driver\\src\\ht32_serial.c 0x00000000   Number         0  ht32_serial.o ABSOLUTE
    ..\\..\\library\\HT32F1655_56_Driver\\src\\ht32f1655_56_adc.c 0x00000000   Number         0  ht32f1655_56_adc.o ABSOLUTE
    ..\\..\\library\\HT32F1655_56_Driver\\src\\ht32f1655_56_bftm.c 0x00000000   Number         0  ht32f1655_56_bftm.o ABSOLUTE
    ..\\..\\library\\HT32F1655_56_Driver\\src\\ht32f1655_56_ckcu.c 0x00000000   Number         0  ht32f1655_56_ckcu.o ABSOLUTE
    ..\\..\\library\\HT32F1655_56_Driver\\src\\ht32f1655_56_cmp_op.c 0x00000000   Number         0  ht32f1655_56_cmp_op.o ABSOLUTE
    ..\\..\\library\\HT32F1655_56_Driver\\src\\ht32f1655_56_crc.c 0x00000000   Number         0  ht32f1655_56_crc.o ABSOLUTE
    ..\\..\\library\\HT32F1655_56_Driver\\src\\ht32f1655_56_ebi.c 0x00000000   Number         0  ht32f1655_56_ebi.o ABSOLUTE
    ..\\..\\library\\HT32F1655_56_Driver\\src\\ht32f1655_56_exti.c 0x00000000   Number         0  ht32f1655_56_exti.o ABSOLUTE
    ..\\..\\library\\HT32F1655_56_Driver\\src\\ht32f1655_56_flash.c 0x00000000   Number         0  ht32f1655_56_flash.o ABSOLUTE
    ..\\..\\library\\HT32F1655_56_Driver\\src\\ht32f1655_56_gpio.c 0x00000000   Number         0  ht32f1655_56_gpio.o ABSOLUTE
    ..\\..\\library\\HT32F1655_56_Driver\\src\\ht32f1655_56_gptm.c 0x00000000   Number         0  ht32f1655_56_gptm.o ABSOLUTE
    ..\\..\\library\\HT32F1655_56_Driver\\src\\ht32f1655_56_i2c.c 0x00000000   Number         0  ht32f1655_56_i2c.o ABSOLUTE
    ..\\..\\library\\HT32F1655_56_Driver\\src\\ht32f1655_56_i2s.c 0x00000000   Number         0  ht32f1655_56_i2s.o ABSOLUTE
    ..\\..\\library\\HT32F1655_56_Driver\\src\\ht32f1655_56_mctm.c 0x00000000   Number         0  ht32f1655_56_mctm.o ABSOLUTE
    ..\\..\\library\\HT32F1655_56_Driver\\src\\ht32f1655_56_pdma.c 0x00000000   Number         0  ht32f1655_56_pdma.o ABSOLUTE
    ..\\..\\library\\HT32F1655_56_Driver\\src\\ht32f1655_56_pwrcu.c 0x00000000   Number         0  ht32f1655_56_pwrcu.o ABSOLUTE
    ..\\..\\library\\HT32F1655_56_Driver\\src\\ht32f1655_56_rstcu.c 0x00000000   Number         0  ht32f1655_56_rstcu.o ABSOLUTE
    ..\\..\\library\\HT32F1655_56_Driver\\src\\ht32f1655_56_rtc.c 0x00000000   Number         0  ht32f1655_56_rtc.o ABSOLUTE
    ..\\..\\library\\HT32F1655_56_Driver\\src\\ht32f1655_56_sci.c 0x00000000   Number         0  ht32f1655_56_sci.o ABSOLUTE
    ..\\..\\library\\HT32F1655_56_Driver\\src\\ht32f1655_56_spi.c 0x00000000   Number         0  ht32f1655_56_spi.o ABSOLUTE
    ..\\..\\library\\HT32F1655_56_Driver\\src\\ht32f1655_56_usart.c 0x00000000   Number         0  ht32f1655_56_usart.o ABSOLUTE
    ..\\..\\library\\HT32F1655_56_Driver\\src\\ht32f1655_56_usbd.c 0x00000000   Number         0  ht32f1655_56_usbd.o ABSOLUTE
    ..\\..\\library\\HT32F1655_56_Driver\\src\\ht32f1655_56_wdt.c 0x00000000   Number         0  ht32f1655_56_wdt.o ABSOLUTE
    ..\\..\\library\\HT32_USBD_Library\\src\\ht32_usbd_core.c 0x00000000   Number         0  ht32_usbd_core.o ABSOLUTE
    ..\\ht32f1655_56_it.c                    0x00000000   Number         0  ht32f1655_56_it.o ABSOLUTE
    ..\\main.c                               0x00000000   Number         0  main.o ABSOLUTE
    ..\\system_ht32f1655_56.c                0x00000000   Number         0  system_ht32f1655_56.o ABSOLUTE
    ..\ht32f1655_56_it.c                     0x00000000   Number         0  ht32f1655_56_it.o ABSOLUTE
    ..\main.c                                0x00000000   Number         0  main.o ABSOLUTE
    ..\system_ht32f1655_56.c                 0x00000000   Number         0  system_ht32f1655_56.o ABSOLUTE
    dc.s                                     0x00000000   Number         0  dc.o ABSOLUTE
    handlers.s                               0x00000000   Number         0  handlers.o ABSOLUTE
    init.s                                   0x00000000   Number         0  init.o ABSOLUTE
    startup_ht32f1655_56.s                   0x00000000   Number         0  startup_ht32f1655_56.o ABSOLUTE
    .ARM.Collect$$$$00000000                 0x00000178   Section        0  entry.o(.ARM.Collect$$$$00000000)
    .ARM.Collect$$$$00000001                 0x00000178   Section        4  entry2.o(.ARM.Collect$$$$00000001)
    .ARM.Collect$$$$00000004                 0x0000017c   Section        4  entry5.o(.ARM.Collect$$$$00000004)
    .ARM.Collect$$$$00000008                 0x00000180   Section        0  entry7b.o(.ARM.Collect$$$$00000008)
    .ARM.Collect$$$$0000000A                 0x00000180   Section        0  entry8b.o(.ARM.Collect$$$$0000000A)
    .ARM.Collect$$$$0000000B                 0x00000180   Section        8  entry9a.o(.ARM.Collect$$$$0000000B)
    .ARM.Collect$$$$0000000D                 0x00000188   Section        0  entry10a.o(.ARM.Collect$$$$0000000D)
    .ARM.Collect$$$$0000000F                 0x00000188   Section        0  entry11a.o(.ARM.Collect$$$$0000000F)
    .ARM.Collect$$$$00002712                 0x00000188   Section        4  entry2.o(.ARM.Collect$$$$00002712)
    __lit__00000000                          0x00000188   Data           4  entry2.o(.ARM.Collect$$$$00002712)
    .text                                    0x0000018c   Section        0  dmul.o(.text)
    .text                                    0x00000270   Section        0  dfltui.o(.text)
    .text                                    0x0000028a   Section        0  d2f.o(.text)
    .text                                    0x000002c2   Section        0  iusefp.o(.text)
    .text                                    0x000002c2   Section        0  fepilogue.o(.text)
    .text                                    0x00000330   Section        0  depilogue.o(.text)
    .text                                    0x000003ec   Section       36  init.o(.text)
    .text                                    0x00000410   Section        0  llshl.o(.text)
    .text                                    0x0000042e   Section        0  llushr.o(.text)
    i.ADC_RegularChannelConfig               0x0000044e   Section        0  ht32f1655_56_adc.o(i.ADC_RegularChannelConfig)
    i.ADC_RegularGroupConfig                 0x00000470   Section        0  ht32f1655_56_adc.o(i.ADC_RegularGroupConfig)
    i.ADC_RegularTrigConfig                  0x00000486   Section        0  ht32f1655_56_adc.o(i.ADC_RegularTrigConfig)
    i.ADC_SoftwareStartConvCmd               0x00000492   Section        0  ht32f1655_56_adc.o(i.ADC_SoftwareStartConvCmd)
    i.AFIO_GPxConfig                         0x000004ac   Section        0  ht32f1655_56_gpio.o(i.AFIO_GPxConfig)
    i.BFTM0_IRQHandler                       0x0000050c   Section        0  ht32f1655_56_it.o(i.BFTM0_IRQHandler)
    i.BusFault_Handler                       0x0000050e   Section        0  ht32f1655_56_it.o(i.BusFault_Handler)
    i.CKCU_PeripClockConfig                  0x00000510   Section        0  ht32f1655_56_ckcu.o(i.CKCU_PeripClockConfig)
    i.CKCU_SetADCPrescaler                   0x00000534   Section        0  ht32f1655_56_ckcu.o(i.CKCU_SetADCPrescaler)
    i.DebugMon_Handler                       0x00000548   Section        0  ht32f1655_56_it.o(i.DebugMon_Handler)
    i.HardFault_Handler                      0x0000054a   Section        0  ht32f1655_56_it.o(i.HardFault_Handler)
    i.MemManage_Handler                      0x0000054c   Section        0  ht32f1655_56_it.o(i.MemManage_Handler)
    i.NMI_Handler                            0x0000054e   Section        0  ht32f1655_56_it.o(i.NMI_Handler)
    i.PendSV_Handler                         0x00000550   Section        0  ht32f1655_56_it.o(i.PendSV_Handler)
    i.RSTCU_PeripReset                       0x00000554   Section        0  ht32f1655_56_rstcu.o(i.RSTCU_PeripReset)
    i.SVC_Handler                            0x00000584   Section        0  ht32f1655_56_it.o(i.SVC_Handler)
    i.SysTick_Handler                        0x00000586   Section        0  ht32f1655_56_it.o(i.SysTick_Handler)
    i.SystemInit                             0x00000588   Section        0  system_ht32f1655_56.o(i.SystemInit)
    i.USBDCore_IRQHandler                    0x000005e8   Section        0  ht32_usbd_core.o(i.USBDCore_IRQHandler)
    i.USBD_ClearINT                          0x0000079c   Section        0  ht32f1655_56_usbd.o(i.USBD_ClearINT)
    i.USBD_DeInit                            0x000007a8   Section        0  ht32f1655_56_usbd.o(i.USBD_DeInit)
    i.USBD_EPTClearDTG                       0x000007b4   Section        0  ht32f1655_56_usbd.o(i.USBD_EPTClearDTG)
    i.USBD_EPTClearHalt                      0x000007c4   Section        0  ht32f1655_56_usbd.o(i.USBD_EPTClearHalt)
    i.USBD_EPTClearINT                       0x000007d4   Section        0  ht32f1655_56_usbd.o(i.USBD_EPTClearINT)
    i.USBD_EPTGetBuffer0Addr                 0x000007e0   Section        0  ht32f1655_56_usbd.o(i.USBD_EPTGetBuffer0Addr)
    i.USBD_EPTGetBuffer1Addr                 0x000007f8   Section        0  ht32f1655_56_usbd.o(i.USBD_EPTGetBuffer1Addr)
    i.USBD_EPTGetBufferLen                   0x0000081c   Section        0  ht32f1655_56_usbd.o(i.USBD_EPTGetBufferLen)
    i.USBD_EPTGetHalt                        0x0000082a   Section        0  ht32f1655_56_usbd.o(i.USBD_EPTGetHalt)
    i.USBD_EPTGetINT                         0x00000844   Section        0  ht32f1655_56_usbd.o(i.USBD_EPTGetINT)
    i.USBD_EPTGetTransferCount               0x00000852   Section        0  ht32f1655_56_usbd.o(i.USBD_EPTGetTransferCount)
    i.USBD_EPTInit                           0x00000864   Section        0  ht32f1655_56_usbd.o(i.USBD_EPTInit)
    i.USBD_EPTReadMemory                     0x0000088a   Section        0  ht32f1655_56_usbd.o(i.USBD_EPTReadMemory)
    i.USBD_EPTReadOUTData                    0x000008c4   Section        0  ht32f1655_56_usbd.o(i.USBD_EPTReadOUTData)
    i.USBD_EPTReset                          0x000008f4   Section        0  ht32f1655_56_usbd.o(i.USBD_EPTReset)
    i.USBD_EPTSendSTALL                      0x00000904   Section        0  ht32f1655_56_usbd.o(i.USBD_EPTSendSTALL)
    i.USBD_EPTSetHalt                        0x00000910   Section        0  ht32f1655_56_usbd.o(i.USBD_EPTSetHalt)
    i.USBD_EPTWriteINData                    0x00000924   Section        0  ht32f1655_56_usbd.o(i.USBD_EPTWriteINData)
    i.USBD_EnableINT                         0x0000096c   Section        0  ht32f1655_56_usbd.o(i.USBD_EnableINT)
    i.USBD_GetEPTnINTNumber                  0x0000097c   Section        0  ht32f1655_56_usbd.o(i.USBD_GetEPTnINTNumber)
    i.USBD_GetINT                            0x0000099c   Section        0  ht32f1655_56_usbd.o(i.USBD_GetINT)
    i.USBD_PowerOff                          0x000009ac   Section        0  ht32f1655_56_usbd.o(i.USBD_PowerOff)
    i.USBD_PowerOn                           0x000009bc   Section        0  ht32f1655_56_usbd.o(i.USBD_PowerOn)
    i.USBD_ReadSETUPData                     0x000009cc   Section        0  ht32f1655_56_usbd.o(i.USBD_ReadSETUPData)
    i.USBD_SetAddress                        0x000009dc   Section        0  ht32f1655_56_usbd.o(i.USBD_SetAddress)
    i.USB_IRQHandler                         0x000009f0   Section        0  ht32_serial.o(i.USB_IRQHandler)
    i.UsageFault_Handler                     0x000009fc   Section        0  ht32f1655_56_it.o(i.UsageFault_Handler)
    i._USBDCore_ControlIN                    0x000009fe   Section        0  ht32_usbd_core.o(i._USBDCore_ControlIN)
    _USBDCore_ControlIN                      0x000009ff   Thumb Code    66  ht32_usbd_core.o(i._USBDCore_ControlIN)
    i._USBDCore_Standard_GetStatus           0x00000a40   Section        0  ht32_usbd_core.o(i._USBDCore_Standard_GetStatus)
    _USBDCore_Standard_GetStatus             0x00000a41   Thumb Code    54  ht32_usbd_core.o(i._USBDCore_Standard_GetStatus)
    i._USBDCore_Standard_Request             0x00000a76   Section        0  ht32_usbd_core.o(i._USBDCore_Standard_Request)
    _USBDCore_Standard_Request               0x00000a77   Thumb Code   284  ht32_usbd_core.o(i._USBDCore_Standard_Request)
    i._USBDCore_Standard_SetClearFeature     0x00000b92   Section        0  ht32_usbd_core.o(i._USBDCore_Standard_SetClearFeature)
    _USBDCore_Standard_SetClearFeature       0x00000b93   Thumb Code    76  ht32_usbd_core.o(i._USBDCore_Standard_SetClearFeature)
    i._USBD_CopyMemory                       0x00000bde   Section        0  ht32f1655_56_usbd.o(i._USBD_CopyMemory)
    _USBD_CopyMemory                         0x00000bdf   Thumb Code    16  ht32f1655_56_usbd.o(i._USBD_CopyMemory)
    i._USBD_GetEPTnAddr                      0x00000bf0   Section        0  ht32f1655_56_usbd.o(i._USBD_GetEPTnAddr)
    _USBD_GetEPTnAddr                        0x00000bf1   Thumb Code    12  ht32f1655_56_usbd.o(i._USBD_GetEPTnAddr)
    i.__scatterload_copy                     0x00000c00   Section       14  handlers.o(i.__scatterload_copy)
    i.__scatterload_null                     0x00000c0e   Section        2  handlers.o(i.__scatterload_null)
    i.__scatterload_zeroinit                 0x00000c10   Section       14  handlers.o(i.__scatterload_zeroinit)
    i.main                                   0x00000c20   Section        0  main.o(i.main)
    .data                                    0x20000000   Section        4  main.o(.data)
    .data                                    0x20000004   Section        2  ht32f1655_56_it.o(.data)
    .bss                                     0x20000008   Section      724  ht32_serial.o(.bss)
    uSerialBuffer                            0x20000008   Data         512  ht32_serial.o(.bss)
    STACK                                    0x200002e0   Section      512  startup_ht32f1655_56.o(STACK)

    Global Symbols

    Symbol Name                              Value     Ov Type        Size  Object(Section)

    BuildAttributes$$THM_ISAv4$P$D$K$B$S$PE$A:L22UL41UL21$X:L11$S22US41US21$IEEE1$IW$USESV6$~STKCKD$USESV7$~SHL$OTIME$ROPI$EBA8$MICROLIB$REQ8$PRES8$EABIv2 0x00000000   Number         0  anon$$obj.o ABSOLUTE
    __ARM_use_no_argv                        0x00000000   Number         0  main.o ABSOLUTE
    __Vectors                                0x00000000   Data           4  startup_ht32f1655_56.o(RESET)
    __use_no_errno                           0x00000000   Number         0  useno.o ABSOLUTE
    __use_no_exception_handling              0x00000000   Number         0  useno.o ABSOLUTE
    __use_no_fp                              0x00000000   Number         0  useno.o ABSOLUTE
    __use_no_heap                            0x00000000   Number         0  useno.o ABSOLUTE
    __use_no_heap_region                     0x00000000   Number         0  useno.o ABSOLUTE
    __use_no_semihosting                     0x00000000   Number         0  useno.o ABSOLUTE
    __use_no_semihosting_swi                 0x00000000   Number         0  useno.o ABSOLUTE
    __use_no_signal_handling                 0x00000000   Number         0  useno.o ABSOLUTE
    __cpp_initialize__aeabi_                  - Undefined Weak Reference
    __cxa_finalize                            - Undefined Weak Reference
    __decompress                              - Undefined Weak Reference
    _clock_init                               - Undefined Weak Reference
    _microlib_exit                            - Undefined Weak Reference
    Reset_Handler                            0x00000155   Thumb Code     8  startup_ht32f1655_56.o(RESET)
    ADC_IRQHandler                           0x0000016f   Thumb Code     0  startup_ht32f1655_56.o(RESET)
    BFTM1_IRQHandler                         0x0000016f   Thumb Code     0  startup_ht32f1655_56.o(RESET)
    BOD_IRQHandler                           0x0000016f   Thumb Code     0  startup_ht32f1655_56.o(RESET)
    CKRDY_IRQHandler                         0x0000016f   Thumb Code     0  startup_ht32f1655_56.o(RESET)
    COMP_IRQHandler                          0x0000016f   Thumb Code     0  startup_ht32f1655_56.o(RESET)
    EBI_IRQHandler                           0x0000016f   Thumb Code     0  startup_ht32f1655_56.o(RESET)
    EVWUP_IRQHandler                         0x0000016f   Thumb Code     0  startup_ht32f1655_56.o(RESET)
    EXTI0_IRQHandler                         0x0000016f   Thumb Code     0  startup_ht32f1655_56.o(RESET)
    EXTI10_IRQHandler                        0x0000016f   Thumb Code     0  startup_ht32f1655_56.o(RESET)
    EXTI11_IRQHandler                        0x0000016f   Thumb Code     0  startup_ht32f1655_56.o(RESET)
    EXTI12_IRQHandler                        0x0000016f   Thumb Code     0  startup_ht32f1655_56.o(RESET)
    EXTI13_IRQHandler                        0x0000016f   Thumb Code     0  startup_ht32f1655_56.o(RESET)
    EXTI14_IRQHandler                        0x0000016f   Thumb Code     0  startup_ht32f1655_56.o(RESET)
    EXTI15_IRQHandler                        0x0000016f   Thumb Code     0  startup_ht32f1655_56.o(RESET)
    EXTI1_IRQHandler                         0x0000016f   Thumb Code     0  startup_ht32f1655_56.o(RESET)
    EXTI2_IRQHandler                         0x0000016f   Thumb Code     0  startup_ht32f1655_56.o(RESET)
    EXTI3_IRQHandler                         0x0000016f   Thumb Code     0  startup_ht32f1655_56.o(RESET)
    EXTI4_IRQHandler                         0x0000016f   Thumb Code     0  startup_ht32f1655_56.o(RESET)
    EXTI5_IRQHandler                         0x0000016f   Thumb Code     0  startup_ht32f1655_56.o(RESET)
    EXTI6_IRQHandler                         0x0000016f   Thumb Code     0  startup_ht32f1655_56.o(RESET)
    EXTI7_IRQHandler                         0x0000016f   Thumb Code     0  startup_ht32f1655_56.o(RESET)
    EXTI8_IRQHandler                         0x0000016f   Thumb Code     0  startup_ht32f1655_56.o(RESET)
    EXTI9_IRQHandler                         0x0000016f   Thumb Code     0  startup_ht32f1655_56.o(RESET)
    FLASH_IRQHandler                         0x0000016f   Thumb Code     0  startup_ht32f1655_56.o(RESET)
    GPTM0_IRQHandler                         0x0000016f   Thumb Code     0  startup_ht32f1655_56.o(RESET)
    GPTM1_IRQHandler                         0x0000016f   Thumb Code     0  startup_ht32f1655_56.o(RESET)
    I2C0_IRQHandler                          0x0000016f   Thumb Code     0  startup_ht32f1655_56.o(RESET)
    I2C1_IRQHandler                          0x0000016f   Thumb Code     0  startup_ht32f1655_56.o(RESET)
    I2S_IRQHandler                           0x0000016f   Thumb Code     0  startup_ht32f1655_56.o(RESET)
    LPWUP_IRQHandler                         0x0000016f   Thumb Code     0  startup_ht32f1655_56.o(RESET)
    LVD_IRQHandler                           0x0000016f   Thumb Code     0  startup_ht32f1655_56.o(RESET)
    MCTM0BRK_IRQHandler                      0x0000016f   Thumb Code     0  startup_ht32f1655_56.o(RESET)
    MCTM0CC_IRQHandler                       0x0000016f   Thumb Code     0  startup_ht32f1655_56.o(RESET)
    MCTM0TR_IRQHandler                       0x0000016f   Thumb Code     0  startup_ht32f1655_56.o(RESET)
    MCTM0UP_IRQHandler                       0x0000016f   Thumb Code     0  startup_ht32f1655_56.o(RESET)
    MCTM1BRK_IRQHandler                      0x0000016f   Thumb Code     0  startup_ht32f1655_56.o(RESET)
    MCTM1CC_IRQHandler                       0x0000016f   Thumb Code     0  startup_ht32f1655_56.o(RESET)
    MCTM1TR_IRQHandler                       0x0000016f   Thumb Code     0  startup_ht32f1655_56.o(RESET)
    MCTM1UP_IRQHandler                       0x0000016f   Thumb Code     0  startup_ht32f1655_56.o(RESET)
    PDMA_CH0_IRQHandler                      0x0000016f   Thumb Code     0  startup_ht32f1655_56.o(RESET)
    PDMA_CH1_IRQHandler                      0x0000016f   Thumb Code     0  startup_ht32f1655_56.o(RESET)
    PDMA_CH2_IRQHandler                      0x0000016f   Thumb Code     0  startup_ht32f1655_56.o(RESET)
    PDMA_CH3_IRQHandler                      0x0000016f   Thumb Code     0  startup_ht32f1655_56.o(RESET)
    PDMA_CH4_IRQHandler                      0x0000016f   Thumb Code     0  startup_ht32f1655_56.o(RESET)
    PDMA_CH5_IRQHandler                      0x0000016f   Thumb Code     0  startup_ht32f1655_56.o(RESET)
    PDMA_CH6_IRQHandler                      0x0000016f   Thumb Code     0  startup_ht32f1655_56.o(RESET)
    PDMA_CH7_IRQHandler                      0x0000016f   Thumb Code     0  startup_ht32f1655_56.o(RESET)
    RTC_IRQHandler                           0x0000016f   Thumb Code     0  startup_ht32f1655_56.o(RESET)
    SCI_IRQHandler                           0x0000016f   Thumb Code     0  startup_ht32f1655_56.o(RESET)
    SPI0_IRQHandler                          0x0000016f   Thumb Code     0  startup_ht32f1655_56.o(RESET)
    SPI1_IRQHandler                          0x0000016f   Thumb Code     0  startup_ht32f1655_56.o(RESET)
    UART0_IRQHandler                         0x0000016f   Thumb Code     0  startup_ht32f1655_56.o(RESET)
    UART1_IRQHandler                         0x0000016f   Thumb Code     0  startup_ht32f1655_56.o(RESET)
    USART0_IRQHandler                        0x0000016f   Thumb Code     0  startup_ht32f1655_56.o(RESET)
    USART1_IRQHandler                        0x0000016f   Thumb Code     0  startup_ht32f1655_56.o(RESET)
    WDT_IRQHandler                           0x0000016f   Thumb Code     0  startup_ht32f1655_56.o(RESET)
    __main                                   0x00000179   Thumb Code     0  entry.o(.ARM.Collect$$$$00000000)
    _main_stk                                0x00000179   Thumb Code     0  entry2.o(.ARM.Collect$$$$00000001)
    _main_scatterload                        0x0000017d   Thumb Code     0  entry5.o(.ARM.Collect$$$$00000004)
    __main_after_scatterload                 0x00000181   Thumb Code     0  entry5.o(.ARM.Collect$$$$00000004)
    _main_clock                              0x00000181   Thumb Code     0  entry7b.o(.ARM.Collect$$$$00000008)
    _main_cpp_init                           0x00000181   Thumb Code     0  entry8b.o(.ARM.Collect$$$$0000000A)
    _main_init                               0x00000181   Thumb Code     0  entry9a.o(.ARM.Collect$$$$0000000B)
    __rt_final_cpp                           0x00000189   Thumb Code     0  entry10a.o(.ARM.Collect$$$$0000000D)
    __rt_final_exit                          0x00000189   Thumb Code     0  entry11a.o(.ARM.Collect$$$$0000000F)
    __aeabi_dmul                             0x0000018d   Thumb Code   228  dmul.o(.text)
    __aeabi_ui2d                             0x00000271   Thumb Code    26  dfltui.o(.text)
    __aeabi_d2f                              0x0000028b   Thumb Code    56  d2f.o(.text)
    __I$use$fp                               0x000002c3   Thumb Code     0  iusefp.o(.text)
    _float_round                             0x000002c3   Thumb Code    18  fepilogue.o(.text)
    _float_epilogue                          0x000002d5   Thumb Code    92  fepilogue.o(.text)
    _double_round                            0x00000331   Thumb Code    30  depilogue.o(.text)
    _double_epilogue                         0x0000034f   Thumb Code   156  depilogue.o(.text)
    __scatterload                            0x000003ed   Thumb Code    28  init.o(.text)
    __scatterload_rt2                        0x000003ed   Thumb Code     0  init.o(.text)
    __aeabi_llsl                             0x00000411   Thumb Code    30  llshl.o(.text)
    _ll_shift_l                              0x00000411   Thumb Code     0  llshl.o(.text)
    __aeabi_llsr                             0x0000042f   Thumb Code    32  llushr.o(.text)
    _ll_ushift_r                             0x0000042f   Thumb Code     0  llushr.o(.text)
    ADC_RegularChannelConfig                 0x0000044f   Thumb Code    34  ht32f1655_56_adc.o(i.ADC_RegularChannelConfig)
    ADC_RegularGroupConfig                   0x00000471   Thumb Code    22  ht32f1655_56_adc.o(i.ADC_RegularGroupConfig)
    ADC_RegularTrigConfig                    0x00000487   Thumb Code    12  ht32f1655_56_adc.o(i.ADC_RegularTrigConfig)
    ADC_SoftwareStartConvCmd                 0x00000493   Thumb Code    24  ht32f1655_56_adc.o(i.ADC_SoftwareStartConvCmd)
    AFIO_GPxConfig                           0x000004ad   Thumb Code    90  ht32f1655_56_gpio.o(i.AFIO_GPxConfig)
    BFTM0_IRQHandler                         0x0000050d   Thumb Code     2  ht32f1655_56_it.o(i.BFTM0_IRQHandler)
    BusFault_Handler                         0x0000050f   Thumb Code     2  ht32f1655_56_it.o(i.BusFault_Handler)
    CKCU_PeripClockConfig                    0x00000511   Thumb Code    32  ht32f1655_56_ckcu.o(i.CKCU_PeripClockConfig)
    CKCU_SetADCPrescaler                     0x00000535   Thumb Code    16  ht32f1655_56_ckcu.o(i.CKCU_SetADCPrescaler)
    DebugMon_Handler                         0x00000549   Thumb Code     2  ht32f1655_56_it.o(i.DebugMon_Handler)
    HardFault_Handler                        0x0000054b   Thumb Code     2  ht32f1655_56_it.o(i.HardFault_Handler)
    MemManage_Handler                        0x0000054d   Thumb Code     2  ht32f1655_56_it.o(i.MemManage_Handler)
    NMI_Handler                              0x0000054f   Thumb Code     2  ht32f1655_56_it.o(i.NMI_Handler)
    PendSV_Handler                           0x00000551   Thumb Code     2  ht32f1655_56_it.o(i.PendSV_Handler)
    RSTCU_PeripReset                         0x00000555   Thumb Code    44  ht32f1655_56_rstcu.o(i.RSTCU_PeripReset)
    SVC_Handler                              0x00000585   Thumb Code     2  ht32f1655_56_it.o(i.SVC_Handler)
    SysTick_Handler                          0x00000587   Thumb Code     2  ht32f1655_56_it.o(i.SysTick_Handler)
    SystemInit                               0x00000589   Thumb Code    82  system_ht32f1655_56.o(i.SystemInit)
    USBDCore_IRQHandler                      0x000005e9   Thumb Code   434  ht32_usbd_core.o(i.USBDCore_IRQHandler)
    USBD_ClearINT                            0x0000079d   Thumb Code     6  ht32f1655_56_usbd.o(i.USBD_ClearINT)
    USBD_DeInit                              0x000007a9   Thumb Code    12  ht32f1655_56_usbd.o(i.USBD_DeInit)
    USBD_EPTClearDTG                         0x000007b5   Thumb Code    16  ht32f1655_56_usbd.o(i.USBD_EPTClearDTG)
    USBD_EPTClearHalt                        0x000007c5   Thumb Code    16  ht32f1655_56_usbd.o(i.USBD_EPTClearHalt)
    USBD_EPTClearINT                         0x000007d5   Thumb Code    12  ht32f1655_56_usbd.o(i.USBD_EPTClearINT)
    USBD_EPTGetBuffer0Addr                   0x000007e1   Thumb Code    18  ht32f1655_56_usbd.o(i.USBD_EPTGetBuffer0Addr)
    USBD_EPTGetBuffer1Addr                   0x000007f9   Thumb Code    30  ht32f1655_56_usbd.o(i.USBD_EPTGetBuffer1Addr)
    USBD_EPTGetBufferLen                     0x0000081d   Thumb Code    14  ht32f1655_56_usbd.o(i.USBD_EPTGetBufferLen)
    USBD_EPTGetHalt                          0x0000082b   Thumb Code    26  ht32f1655_56_usbd.o(i.USBD_EPTGetHalt)
    USBD_EPTGetINT                           0x00000845   Thumb Code    14  ht32f1655_56_usbd.o(i.USBD_EPTGetINT)
    USBD_EPTGetTransferCount                 0x00000853   Thumb Code    18  ht32f1655_56_usbd.o(i.USBD_EPTGetTransferCount)
    USBD_EPTInit                             0x00000865   Thumb Code    38  ht32f1655_56_usbd.o(i.USBD_EPTInit)
    USBD_EPTReadMemory                       0x0000088b   Thumb Code    58  ht32f1655_56_usbd.o(i.USBD_EPTReadMemory)
    USBD_EPTReadOUTData                      0x000008c5   Thumb Code    48  ht32f1655_56_usbd.o(i.USBD_EPTReadOUTData)
    USBD_EPTReset                            0x000008f5   Thumb Code    16  ht32f1655_56_usbd.o(i.USBD_EPTReset)
    USBD_EPTSendSTALL                        0x00000905   Thumb Code    12  ht32f1655_56_usbd.o(i.USBD_EPTSendSTALL)
    USBD_EPTSetHalt                          0x00000911   Thumb Code    20  ht32f1655_56_usbd.o(i.USBD_EPTSetHalt)
    USBD_EPTWriteINData                      0x00000925   Thumb Code    72  ht32f1655_56_usbd.o(i.USBD_EPTWriteINData)
    USBD_EnableINT                           0x0000096d   Thumb Code    10  ht32f1655_56_usbd.o(i.USBD_EnableINT)
    USBD_GetEPTnINTNumber                    0x0000097d   Thumb Code    32  ht32f1655_56_usbd.o(i.USBD_GetEPTnINTNumber)
    USBD_GetINT                              0x0000099d   Thumb Code    10  ht32f1655_56_usbd.o(i.USBD_GetINT)
    USBD_PowerOff                            0x000009ad   Thumb Code    12  ht32f1655_56_usbd.o(i.USBD_PowerOff)
    USBD_PowerOn                             0x000009bd   Thumb Code    12  ht32f1655_56_usbd.o(i.USBD_PowerOn)
    USBD_ReadSETUPData                       0x000009cd   Thumb Code    12  ht32f1655_56_usbd.o(i.USBD_ReadSETUPData)
    USBD_SetAddress                          0x000009dd   Thumb Code    14  ht32f1655_56_usbd.o(i.USBD_SetAddress)
    USB_IRQHandler                           0x000009f1   Thumb Code     6  ht32_serial.o(i.USB_IRQHandler)
    UsageFault_Handler                       0x000009fd   Thumb Code     2  ht32f1655_56_it.o(i.UsageFault_Handler)
    __scatterload_copy                       0x00000c01   Thumb Code    14  handlers.o(i.__scatterload_copy)
    __scatterload_null                       0x00000c0f   Thumb Code     2  handlers.o(i.__scatterload_null)
    __scatterload_zeroinit                   0x00000c11   Thumb Code    14  handlers.o(i.__scatterload_zeroinit)
    main                                     0x00000c21   Thumb Code   114  main.o(i.main)
    Region$$Table$$Base                      0x00000ca4   Number         0  anon$$obj.o(Region$$Table)
    Region$$Table$$Limit                     0x00000cc4   Number         0  anon$$obj.o(Region$$Table)
    adc_value                                0x20000000   Data           4  main.o(.data)
    gPotentiometerLevel                      0x20000004   Data           2  ht32f1655_56_it.o(.data)
    gUSBCore                                 0x20000208   Data         144  ht32_serial.o(.bss)
    gUSBDriver                               0x20000298   Data          68  ht32_serial.o(.bss)
    __initial_sp                             0x200004e0   Data           0  startup_ht32f1655_56.o(STACK)



==============================================================================

Memory Map of the image

  Image Entry point : 0x00000155

  Load Region LR_1 (Base: 0x00000000, Size: 0x00000ccc, Max: 0xffffffff, ABSOLUTE)

    Execution Region ER_RO (Base: 0x00000000, Size: 0x00000cc4, Max: 0xffffffff, ABSOLUTE)

    Base Addr    Size         Type   Attr      Idx    E Section Name        Object

    0x00000000   0x00000178   Code   RO          287  * RESET               startup_ht32f1655_56.o
    0x00000178   0x00000000   Code   RO         3975  * .ARM.Collect$$$$00000000  mc_w.l(entry.o)
    0x00000178   0x00000004   Code   RO         3984    .ARM.Collect$$$$00000001  mc_w.l(entry2.o)
    0x0000017c   0x00000004   Code   RO         3987    .ARM.Collect$$$$00000004  mc_w.l(entry5.o)
    0x00000180   0x00000000   Code   RO         3989    .ARM.Collect$$$$00000008  mc_w.l(entry7b.o)
    0x00000180   0x00000000   Code   RO         3991    .ARM.Collect$$$$0000000A  mc_w.l(entry8b.o)
    0x00000180   0x00000008   Code   RO         3992    .ARM.Collect$$$$0000000B  mc_w.l(entry9a.o)
    0x00000188   0x00000000   Code   RO         3994    .ARM.Collect$$$$0000000D  mc_w.l(entry10a.o)
    0x00000188   0x00000000   Code   RO         3996    .ARM.Collect$$$$0000000F  mc_w.l(entry11a.o)
    0x00000188   0x00000004   Code   RO         3985    .ARM.Collect$$$$00002712  mc_w.l(entry2.o)
    0x0000018c   0x000000e4   Code   RO         3978    .text               mf_w.l(dmul.o)
    0x00000270   0x0000001a   Code   RO         3980    .text               mf_w.l(dfltui.o)
    0x0000028a   0x00000038   Code   RO         3982    .text               mf_w.l(d2f.o)
    0x000002c2   0x00000000   Code   RO         3998    .text               mc_w.l(iusefp.o)
    0x000002c2   0x0000006e   Code   RO         3999    .text               mf_w.l(fepilogue.o)
    0x00000330   0x000000ba   Code   RO         4001    .text               mf_w.l(depilogue.o)
    0x000003ea   0x00000002   PAD
    0x000003ec   0x00000024   Code   RO         4003    .text               mc_w.l(init.o)
    0x00000410   0x0000001e   Code   RO         4005    .text               mc_w.l(llshl.o)
    0x0000042e   0x00000020   Code   RO         4007    .text               mc_w.l(llushr.o)
    0x0000044e   0x00000022   Code   RO          461    i.ADC_RegularChannelConfig  ht32f1655_56_adc.o
    0x00000470   0x00000016   Code   RO          462    i.ADC_RegularGroupConfig  ht32f1655_56_adc.o
    0x00000486   0x0000000c   Code   RO          463    i.ADC_RegularTrigConfig  ht32f1655_56_adc.o
    0x00000492   0x00000018   Code   RO          465    i.ADC_SoftwareStartConvCmd  ht32f1655_56_adc.o
    0x000004aa   0x00000002   PAD
    0x000004ac   0x00000060   Code   RO         1297    i.AFIO_GPxConfig    ht32f1655_56_gpio.o
    0x0000050c   0x00000002   Code   RO          168    i.BFTM0_IRQHandler  ht32f1655_56_it.o
    0x0000050e   0x00000002   Code   RO          169    i.BusFault_Handler  ht32f1655_56_it.o
    0x00000510   0x00000024   Code   RO          689    i.CKCU_PeripClockConfig  ht32f1655_56_ckcu.o
    0x00000534   0x00000014   Code   RO          690    i.CKCU_SetADCPrescaler  ht32f1655_56_ckcu.o
    0x00000548   0x00000002   Code   RO          170    i.DebugMon_Handler  ht32f1655_56_it.o
    0x0000054a   0x00000002   Code   RO          171    i.HardFault_Handler  ht32f1655_56_it.o
    0x0000054c   0x00000002   Code   RO          172    i.MemManage_Handler  ht32f1655_56_it.o
    0x0000054e   0x00000002   Code   RO          173    i.NMI_Handler       ht32f1655_56_it.o
    0x00000550   0x00000002   Code   RO          174    i.PendSV_Handler    ht32f1655_56_it.o
    0x00000552   0x00000002   PAD
    0x00000554   0x00000030   Code   RO         2777    i.RSTCU_PeripReset  ht32f1655_56_rstcu.o
    0x00000584   0x00000002   Code   RO          175    i.SVC_Handler       ht32f1655_56_it.o
    0x00000586   0x00000002   Code   RO          176    i.SysTick_Handler   ht32f1655_56_it.o
    0x00000588   0x00000060   Code   RO          250    i.SystemInit        system_ht32f1655_56.o
    0x000005e8   0x000001b2   Code   RO          296    i.USBDCore_IRQHandler  ht32_usbd_core.o
    0x0000079a   0x00000002   PAD
    0x0000079c   0x0000000c   Code   RO         3473    i.USBD_ClearINT     ht32f1655_56_usbd.o
    0x000007a8   0x0000000c   Code   RO         3476    i.USBD_DeInit       ht32f1655_56_usbd.o
    0x000007b4   0x00000010   Code   RO         3478    i.USBD_EPTClearDTG  ht32f1655_56_usbd.o
    0x000007c4   0x00000010   Code   RO         3479    i.USBD_EPTClearHalt  ht32f1655_56_usbd.o
    0x000007d4   0x0000000c   Code   RO         3480    i.USBD_EPTClearINT  ht32f1655_56_usbd.o
    0x000007e0   0x00000018   Code   RO         3482    i.USBD_EPTGetBuffer0Addr  ht32f1655_56_usbd.o
    0x000007f8   0x00000024   Code   RO         3483    i.USBD_EPTGetBuffer1Addr  ht32f1655_56_usbd.o
    0x0000081c   0x0000000e   Code   RO         3484    i.USBD_EPTGetBufferLen  ht32f1655_56_usbd.o
    0x0000082a   0x0000001a   Code   RO         3485    i.USBD_EPTGetHalt   ht32f1655_56_usbd.o
    0x00000844   0x0000000e   Code   RO         3486    i.USBD_EPTGetINT    ht32f1655_56_usbd.o
    0x00000852   0x00000012   Code   RO         3487    i.USBD_EPTGetTransferCount  ht32f1655_56_usbd.o
    0x00000864   0x00000026   Code   RO         3488    i.USBD_EPTInit      ht32f1655_56_usbd.o
    0x0000088a   0x0000003a   Code   RO         3489    i.USBD_EPTReadMemory  ht32f1655_56_usbd.o
    0x000008c4   0x00000030   Code   RO         3490    i.USBD_EPTReadOUTData  ht32f1655_56_usbd.o
    0x000008f4   0x00000010   Code   RO         3491    i.USBD_EPTReset     ht32f1655_56_usbd.o
    0x00000904   0x0000000c   Code   RO         3492    i.USBD_EPTSendSTALL  ht32f1655_56_usbd.o
    0x00000910   0x00000014   Code   RO         3493    i.USBD_EPTSetHalt   ht32f1655_56_usbd.o
    0x00000924   0x00000048   Code   RO         3495    i.USBD_EPTWriteINData  ht32f1655_56_usbd.o
    0x0000096c   0x00000010   Code   RO         3496    i.USBD_EnableINT    ht32f1655_56_usbd.o
    0x0000097c   0x00000020   Code   RO         3497    i.USBD_GetEPTnINTNumber  ht32f1655_56_usbd.o
    0x0000099c   0x00000010   Code   RO         3498    i.USBD_GetINT       ht32f1655_56_usbd.o
    0x000009ac   0x00000010   Code   RO         3500    i.USBD_PowerOff     ht32f1655_56_usbd.o
    0x000009bc   0x00000010   Code   RO         3501    i.USBD_PowerOn      ht32f1655_56_usbd.o
    0x000009cc   0x00000010   Code   RO         3504    i.USBD_ReadSETUPData  ht32f1655_56_usbd.o
    0x000009dc   0x00000014   Code   RO         3507    i.USBD_SetAddress   ht32f1655_56_usbd.o
    0x000009f0   0x0000000c   Code   RO         3900    i.USB_IRQHandler    ht32_serial.o
    0x000009fc   0x00000002   Code   RO          177    i.UsageFault_Handler  ht32f1655_56_it.o
    0x000009fe   0x00000042   Code   RO          301    i._USBDCore_ControlIN  ht32_usbd_core.o
    0x00000a40   0x00000036   Code   RO          302    i._USBDCore_Standard_GetStatus  ht32_usbd_core.o
    0x00000a76   0x0000011c   Code   RO          303    i._USBDCore_Standard_Request  ht32_usbd_core.o
    0x00000b92   0x0000004c   Code   RO          304    i._USBDCore_Standard_SetClearFeature  ht32_usbd_core.o
    0x00000bde   0x00000010   Code   RO         3508    i._USBD_CopyMemory  ht32f1655_56_usbd.o
    0x00000bee   0x00000002   PAD
    0x00000bf0   0x00000010   Code   RO         3509    i._USBD_GetEPTnAddr  ht32f1655_56_usbd.o
    0x00000c00   0x0000000e   Code   RO         4011    i.__scatterload_copy  mc_w.l(handlers.o)
    0x00000c0e   0x00000002   Code   RO         4012    i.__scatterload_null  mc_w.l(handlers.o)
    0x00000c10   0x0000000e   Code   RO         4013    i.__scatterload_zeroinit  mc_w.l(handlers.o)
    0x00000c1e   0x00000002   PAD
    0x00000c20   0x00000084   Code   RO            4    i.main              main.o
    0x00000ca4   0x00000020   Data   RO         4009    Region$$Table       anon$$obj.o


    Execution Region ER_RW (Base: 0x20000000, Size: 0x00000008, Max: 0xffffffff, ABSOLUTE)

    Base Addr    Size         Type   Attr      Idx    E Section Name        Object

    0x20000000   0x00000004   Data   RW            5    .data               main.o
    0x20000004   0x00000002   Data   RW          178    .data               ht32f1655_56_it.o


    Execution Region ER_ZI (Base: 0x20000008, Size: 0x000004d8, Max: 0xffffffff, ABSOLUTE)

    Base Addr    Size         Type   Attr      Idx    E Section Name        Object

    0x20000008   0x000002d4   Zero   RW         3901    .bss                ht32_serial.o
    0x200002dc   0x00000004   PAD
    0x200002e0   0x00000200   Zero   RW          285    STACK               startup_ht32f1655_56.o


==============================================================================

Image component sizes


      Code (inc. data)   RO Data    RW Data    ZI Data      Debug   Object Name

        12          6          0          0        724       3479   ht32_serial.o
       914          0          0          0          0       6318   ht32_usbd_core.o
        92          0          0          0          0       3239   ht32f1655_56_adc.o
        56          8          0          0          0       6807   ht32f1655_56_ckcu.o
        96          6          0          0          0       5877   ht32f1655_56_gpio.o
        20          0          0          2          0       4583   ht32f1655_56_it.o
        48          4          0          0          0       2175   ht32f1655_56_rstcu.o
       628         52          0          0          0      18151   ht32f1655_56_usbd.o
       132         18          0          4          0      34923   main.o
       376        348          0          0        512        788   startup_ht32f1655_56.o
        96         14          0          0          0        497   system_ht32f1655_56.o

    ----------------------------------------------------------------------
      2478        456         32          8       1240      86837   Object Totals
         0          0         32          0          0          0   (incl. Generated)
         8          0          0          2          4          0   (incl. Padding)

    ----------------------------------------------------------------------

      Code (inc. data)   RO Data    RW Data    ZI Data      Debug   Library Member Name

         0          0          0          0          0          0   entry.o
         0          0          0          0          0          0   entry10a.o
         0          0          0          0          0          0   entry11a.o
         8          4          0          0          0          0   entry2.o
         4          0          0          0          0          0   entry5.o
         0          0          0          0          0          0   entry7b.o
         0          0          0          0          0          0   entry8b.o
         8          4          0          0          0          0   entry9a.o
        30          0          0          0          0          0   handlers.o
        36          8          0          0          0         68   init.o
         0          0          0          0          0          0   iusefp.o
        30          0          0          0          0         68   llshl.o
        32          0          0          0          0         68   llushr.o
        56          0          0          0          0         88   d2f.o
       186          0          0          0          0        176   depilogue.o
        26          0          0          0          0         76   dfltui.o
       228          0          0          0          0         96   dmul.o
       110          0          0          0          0        168   fepilogue.o

    ----------------------------------------------------------------------
       758         16          0          0          0        808   Library Totals
         4          0          0          0          0          0   (incl. Padding)

    ----------------------------------------------------------------------

      Code (inc. data)   RO Data    RW Data    ZI Data      Debug   Library Name

       148         16          0          0          0        204   mc_w.l
       606          0          0          0          0        604   mf_w.l

    ----------------------------------------------------------------------
       758         16          0          0          0        808   Library Totals

    ----------------------------------------------------------------------

==============================================================================


      Code (inc. data)   RO Data    RW Data    ZI Data      Debug   

      3236        472         32          8       1240      84833   Grand Totals
      3236        472         32          8       1240      84833   ELF Image Totals
      3236        472         32          8          0          0   ROM Totals

==============================================================================

    Total RO  Size (Code + RO Data)                 3268 (   3.19kB)
    Total RW  Size (RW Data + ZI Data)              1248 (   1.22kB)
    Total ROM Size (Code + RO Data + RW Data)       3276 (   3.20kB)

==============================================================================

