Component: ARM Compiler 5.05 update 1 (build 106) Tool: armlink [4d0efa]

==============================================================================

Section Cross References

    main.o(i.IRLED) refers to ht32f1655_56_gpio.o(i.GPIO_ReadInBit) for GPIO_ReadInBit
    main.o(i.IRLED) refers to voice.o(i.insert_filemusic) for insert_filemusic
    main.o(i.IRLED) refers to main.o(.data) for .data
    main.o(i.IRLED) refers to ht32f165x_it.o(.data) for cover_time
    main.o(i.RFID_read) refers to app_com.o(i.RfidCardRead) for RfidCardRead
    main.o(i.RFID_read) refers to main.o(i.usart_status1) for usart_status1
    main.o(i.RFID_read) refers to main.o(.bss) for .bss
    main.o(i.RFID_read) refers to main.o(.data) for .data
    main.o(i.main) refers to controll_main.o(i.System_Init) for System_Init
    main.o(i.main) refers to controll_main.o(i.pwm1_init) for pwm1_init
    main.o(i.main) refers to controll_main.o(i.pwm2_init) for pwm2_init
    main.o(i.main) refers to controll_main.o(i.adc_init) for adc_init
    main.o(i.main) refers to uart.o(i.usart0_init) for usart0_init
    main.o(i.main) refers to uart.o(i.usart1_init) for usart1_init
    main.o(i.main) refers to controll_main.o(i.INPUT_Line_Init) for INPUT_Line_Init
    main.o(i.main) refers to controll_main.o(i.DIR_Init) for DIR_Init
    main.o(i.main) refers to controll_main.o(i.infrared_init) for infrared_init
    main.o(i.main) refers to ht32f1655_56_bftm.o(i.BFTM_SetCompare) for BFTM_SetCompare
    main.o(i.main) refers to ht32f1655_56_bftm.o(i.BFTM_SetCounter) for BFTM_SetCounter
    main.o(i.main) refers to ht32f1655_56_bftm.o(i.BFTM_IntConfig) for BFTM_IntConfig
    main.o(i.main) refers to ht32f1655_56_bftm.o(i.BFTM_EnaCmd) for BFTM_EnaCmd
    main.o(i.main) refers to delay.o(i.delay_init) for delay_init
    main.o(i.main) refers to rc522.o(i.RC522_Control_IO_Init) for RC522_Control_IO_Init
    main.o(i.main) refers to rc522.o(i.PcdReset) for PcdReset
    main.o(i.main) refers to rc522.o(i.M500PcdConfigISOType) for M500PcdConfigISOType
    main.o(i.main) refers to voice.o(i.chose_music) for chose_music
    main.o(i.main) refers to ht32f1655_56_gpio.o(i.AFIO_GPxConfig) for AFIO_GPxConfig
    main.o(i.main) refers to ht32f1655_56_gpio.o(i.GPIO_DirectionConfig) for GPIO_DirectionConfig
    main.o(i.main) refers to dfltui.o(.text) for __aeabi_ui2d
    main.o(i.main) refers to dmul.o(.text) for __aeabi_dmul
    main.o(i.main) refers to d2f.o(.text) for __aeabi_d2f
    main.o(i.main) refers to main.o(i.RFID_read) for RFID_read
    main.o(i.main) refers to main.o(i.IRLED) for IRLED
    main.o(i.main) refers to system_ht32f165x.o(.data) for SystemCoreClock
    main.o(i.main) refers to ht32f165x_it.o(.data) for status_flag
    main.o(i.main) refers to main.o(.data) for .data
    main.o(i.usart_status1) refers to ht32f1655_56_usart.o(i.USART_SendData) for USART_SendData
    main.o(i.usart_status1) refers to main.o(.data) for .data
    ht32f165x_it.o(i.BFTM0_IRQHandler) refers to ht32f1655_56_bftm.o(i.BFTM_ClearFlag) for BFTM_ClearFlag
    ht32f165x_it.o(i.BFTM0_IRQHandler) refers to controll_main.o(i.step_control) for step_control
    ht32f165x_it.o(i.BFTM0_IRQHandler) refers to ht32f165x_it.o(i.stop) for stop
    ht32f165x_it.o(i.BFTM0_IRQHandler) refers to ht32f165x_it.o(i.usart_status) for usart_status
    ht32f165x_it.o(i.BFTM0_IRQHandler) refers to ht32f165x_it.o(i.Start_serving) for Start_serving
    ht32f165x_it.o(i.BFTM0_IRQHandler) refers to ht32f165x_it.o(i.backwait) for backwait
    ht32f165x_it.o(i.BFTM0_IRQHandler) refers to ht32f165x_it.o(i.status_res) for status_res
    ht32f165x_it.o(i.BFTM0_IRQHandler) refers to ht32f165x_it.o(i.charging) for charging
    ht32f165x_it.o(i.BFTM0_IRQHandler) refers to ht32f165x_it.o(i.dodge) for dodge
    ht32f165x_it.o(i.BFTM0_IRQHandler) refers to ht32f165x_it.o(i.turn_back) for turn_back
    ht32f165x_it.o(i.BFTM0_IRQHandler) refers to ht32f165x_it.o(.data) for .data
    ht32f165x_it.o(i.BFTM0_IRQHandler) refers to main.o(.data) for time_count
    ht32f165x_it.o(i.BFTM0_IRQHandler) refers to my_interruput.o(.data) for recv1_data_ok
    ht32f165x_it.o(i.BFTM0_IRQHandler) refers to my_interruput.o(.bss) for recv_buffer
    ht32f165x_it.o(i.Start_serving) refers to ht32f165x_it.o(i.control_line) for control_line
    ht32f165x_it.o(i.Start_serving) refers to ht32f165x_it.o(i.stop) for stop
    ht32f165x_it.o(i.Start_serving) refers to ht32f165x_it.o(i.usart_status) for usart_status
    ht32f165x_it.o(i.Start_serving) refers to voice.o(i.insert_filemusic) for insert_filemusic
    ht32f165x_it.o(i.Start_serving) refers to main.o(.bss) for CardRecBuffer
    ht32f165x_it.o(i.Start_serving) refers to my_interruput.o(.bss) for recv_buffer
    ht32f165x_it.o(i.Start_serving) refers to ht32f165x_it.o(.data) for .data
    ht32f165x_it.o(i.SysTick_Handler) refers to delay.o(i.TimingDelay) for TimingDelay
    ht32f165x_it.o(i.backwait) refers to ht32f165x_it.o(i.control_line) for control_line
[...]
    Removing ht32f1655_56_rstcu.o(.rev16_text), (4 bytes).
    Removing ht32f1655_56_rstcu.o(.revsh_text), (4 bytes).
    Removing ht32f1655_56_rstcu.o(.rrx_text), (6 bytes).
    Removing ht32f1655_56_rstcu.o(i.RSTCU_ClearAllResetFlag), (16 bytes).
    Removing ht32f1655_56_rstcu.o(i.RSTCU_ClearResetFlag), (16 bytes).
    Removing ht32f1655_56_rstcu.o(i.RSTCU_GetResetFlagStatus), (28 bytes).
    Removing ht32f1655_56_rstcu.o(i.RSTCU_PeripReset), (48 bytes).
    Removing ht32f1655_56_rtc.o(.rev16_text), (4 bytes).
    Removing ht32f1655_56_rtc.o(.revsh_text), (4 bytes).
    Removing ht32f1655_56_rtc.o(.rrx_text), (6 bytes).
    Removing ht32f1655_56_rtc.o(i.RTC_CMPCLRCmd), (12 bytes).
    Removing ht32f1655_56_rtc.o(i.RTC_ClockSourceConfig), (12 bytes).
    Removing ht32f1655_56_rtc.o(i.RTC_Cmd), (12 bytes).
    Removing ht32f1655_56_rtc.o(i.RTC_DeInit), (40 bytes).
    Removing ht32f1655_56_rtc.o(i.RTC_GetCompare), (12 bytes).
    Removing ht32f1655_56_rtc.o(i.RTC_GetCounter), (12 bytes).
    Removing ht32f1655_56_rtc.o(i.RTC_GetFlagStatus), (12 bytes).
    Removing ht32f1655_56_rtc.o(i.RTC_GetOutStatus), (16 bytes).
    Removing ht32f1655_56_rtc.o(i.RTC_GetPrescaler), (20 bytes).
    Removing ht32f1655_56_rtc.o(i.RTC_IntConfig), (24 bytes).
    Removing ht32f1655_56_rtc.o(i.RTC_LSECmd), (44 bytes).
    Removing ht32f1655_56_rtc.o(i.RTC_LSESMConfig), (12 bytes).
    Removing ht32f1655_56_rtc.o(i.RTC_LSICmd), (44 bytes).
    Removing ht32f1655_56_rtc.o(i.RTC_LSILoadTrimData), (40 bytes).
    Removing ht32f1655_56_rtc.o(i.RTC_OutCmd), (12 bytes).
    Removing ht32f1655_56_rtc.o(i.RTC_OutConfig), (28 bytes).
    Removing ht32f1655_56_rtc.o(i.RTC_SetCompare), (12 bytes).
    Removing ht32f1655_56_rtc.o(i.RTC_SetPrescaler), (20 bytes).
    Removing ht32f1655_56_rtc.o(i.RTC_WakeupConfig), (24 bytes).
    Removing ht32f1655_56_sci.o(.rev16_text), (4 bytes).
    Removing ht32f1655_56_sci.o(.revsh_text), (4 bytes).
    Removing ht32f1655_56_sci.o(.rrx_text), (6 bytes).
    Removing ht32f1655_56_sci.o(i.SCI_ClearFlag), (30 bytes).
    Removing ht32f1655_56_sci.o(i.SCI_ClockModeConfig), (20 bytes).
    Removing ht32f1655_56_sci.o(i.SCI_Cmd), (20 bytes).
    Removing ht32f1655_56_sci.o(i.SCI_DeInit), (14 bytes).
    Removing ht32f1655_56_sci.o(i.SCI_ETUConfig), (6 bytes).
    Removing ht32f1655_56_sci.o(i.SCI_GetFlagStatus), (14 bytes).
    Removing ht32f1655_56_sci.o(i.SCI_Init), (32 bytes).
    Removing ht32f1655_56_sci.o(i.SCI_IntConfig), (16 bytes).
    Removing ht32f1655_56_sci.o(i.SCI_OutputDIO), (20 bytes).
    Removing ht32f1655_56_sci.o(i.SCI_PDMACmd), (16 bytes).
    Removing ht32f1655_56_sci.o(i.SCI_ReceiveData), (6 bytes).
    Removing ht32f1655_56_sci.o(i.SCI_SendData), (4 bytes).
    Removing ht32f1655_56_sci.o(i.SCI_SetGuardTimeValue), (4 bytes).
    Removing ht32f1655_56_sci.o(i.SCI_SetWaitingTimeValue), (4 bytes).
    Removing ht32f1655_56_sci.o(i.SCI_SoftwareClockCmd), (20 bytes).
    Removing ht32f1655_56_sci.o(i.SCI_StructInit), (14 bytes).
    Removing ht32f1655_56_sci.o(i.SCI_WaitingTimeCounterCmd), (20 bytes).
    Removing ht32f1655_56_spi.o(.rev16_text), (4 bytes).
    Removing ht32f1655_56_spi.o(.revsh_text), (4 bytes).
    Removing ht32f1655_56_spi.o(.rrx_text), (6 bytes).
    Removing ht32f1655_56_spi.o(i.SPI_ClearFlag), (4 bytes).
    Removing ht32f1655_56_spi.o(i.SPI_Cmd), (20 bytes).
    Removing ht32f1655_56_spi.o(i.SPI_DUALCmd), (20 bytes).
    Removing ht32f1655_56_spi.o(i.SPI_DeInit), (24 bytes).
    Removing ht32f1655_56_spi.o(i.SPI_FIFOCmd), (20 bytes).
    Removing ht32f1655_56_spi.o(i.SPI_FIFOTriggerLevelConfig), (30 bytes).
    Removing ht32f1655_56_spi.o(i.SPI_GUADTCmd), (20 bytes).
    Removing ht32f1655_56_spi.o(i.SPI_GUADTSPI_GUADTConfig), (16 bytes).
    Removing ht32f1655_56_spi.o(i.SPI_GetFIFOStatus), (20 bytes).
    Removing ht32f1655_56_spi.o(i.SPI_GetFlagStatus), (14 bytes).
    Removing ht32f1655_56_spi.o(i.SPI_Init), (74 bytes).
    Removing ht32f1655_56_spi.o(i.SPI_IntConfig), (16 bytes).
    Removing ht32f1655_56_spi.o(i.SPI_PDMACmd), (16 bytes).
    Removing ht32f1655_56_spi.o(i.SPI_ReceiveData), (6 bytes).
    Removing ht32f1655_56_spi.o(i.SPI_SELHTConfig), (10 bytes).
    Removing ht32f1655_56_spi.o(i.SPI_SELModeConfig), (20 bytes).
    Removing ht32f1655_56_spi.o(i.SPI_SELOutputCmd), (20 bytes).
    Removing ht32f1655_56_spi.o(i.SPI_SendData), (4 bytes).
    Removing ht32f1655_56_spi.o(i.SPI_SetDataLength), (16 bytes).
    Removing ht32f1655_56_spi.o(i.SPI_SetTimeOutValue), (4 bytes).
    Removing ht32f1655_56_spi.o(i.SPI_SoftwareSELCmd), (20 bytes).
    Removing ht32f1655_56_spi.o(i.SPI_StructInit), (28 bytes).
    Removing ht32f1655_56_usart.o(.rev16_text), (4 bytes).
    Removing ht32f1655_56_usart.o(.revsh_text), (4 bytes).
    Removing ht32f1655_56_usart.o(.rrx_text), (6 bytes).
    Removing ht32f1655_56_usart.o(i.USART_DeInit), (60 bytes).
    Removing ht32f1655_56_usart.o(i.USART_ForceBreakCmd), (20 bytes).
    Removing ht32f1655_56_usart.o(i.USART_ForceModemPinState), (20 bytes).
    Removing ht32f1655_56_usart.o(i.USART_GetFIFOStatus), (18 bytes).
    Removing ht32f1655_56_usart.o(i.USART_GetIntID), (6 bytes).
    Removing ht32f1655_56_usart.o(i.USART_GetLineStatus), (10 bytes).
    Removing ht32f1655_56_usart.o(i.USART_GetModemStatus), (6 bytes).
    Removing ht32f1655_56_usart.o(i.USART_HardwareFlowControlCmd), (20 bytes).
    Removing ht32f1655_56_usart.o(i.USART_IrDACmd), (20 bytes).
    Removing ht32f1655_56_usart.o(i.USART_IrDAConfig), (20 bytes).
    Removing ht32f1655_56_usart.o(i.USART_IrDADirectionConfig), (20 bytes).
    Removing ht32f1655_56_usart.o(i.USART_IrDAInvtInputCmd), (20 bytes).
    Removing ht32f1655_56_usart.o(i.USART_IrDAInvtOutputCmd), (20 bytes).
    Removing ht32f1655_56_usart.o(i.USART_RS485AADCmd), (20 bytes).
    Removing ht32f1655_56_usart.o(i.USART_RS485NMMCmd), (20 bytes).
    Removing ht32f1655_56_usart.o(i.USART_RS485TxEnablePolarityConfig), (20 bytes).
    Removing ht32f1655_56_usart.o(i.USART_RxPDMACmd), (20 bytes).
    Removing ht32f1655_56_usart.o(i.USART_SetAddressMatchValue), (14 bytes).
    Removing ht32f1655_56_usart.o(i.USART_SetGuardTime), (14 bytes).
    Removing ht32f1655_56_usart.o(i.USART_SetIrDAPrescaler), (14 bytes).
    Removing ht32f1655_56_usart.o(i.USART_SetTimeOutValue), (12 bytes).
    Removing ht32f1655_56_usart.o(i.USART_StickParityCmd), (20 bytes).
    Removing ht32f1655_56_usart.o(i.USART_StickParityConfig), (20 bytes).
    Removing ht32f1655_56_usart.o(i.USART_StructInit), (20 bytes).
    Removing ht32f1655_56_usart.o(i.USART_SynClockInit), (26 bytes).
    Removing ht32f1655_56_usart.o(i.USART_SynClockStructInit), (12 bytes).
    Removing ht32f1655_56_usart.o(i.USART_TimeOutIntConfig), (20 bytes).
    Removing ht32f1655_56_usart.o(i.USART_TxPDMACmd), (20 bytes).
    Removing ht32f1655_56_usbd.o(.rev16_text), (4 bytes).
    Removing ht32f1655_56_usbd.o(.revsh_text), (4 bytes).
    Removing ht32f1655_56_usbd.o(.rrx_text), (6 bytes).
    Removing ht32f1655_56_usbd.o(i.USBD_ClearINT), (12 bytes).
    Removing ht32f1655_56_usbd.o(i.USBD_DPWakeUpCmd), (28 bytes).
    Removing ht32f1655_56_usbd.o(i.USBD_DPpullupCmd), (28 bytes).
    Removing ht32f1655_56_usbd.o(i.USBD_DeInit), (12 bytes).
    Removing ht32f1655_56_usbd.o(i.USBD_DisableINT), (16 bytes).
    Removing ht32f1655_56_usbd.o(i.USBD_EPTClearDTG), (16 bytes).
    Removing ht32f1655_56_usbd.o(i.USBD_EPTClearHalt), (16 bytes).
    Removing ht32f1655_56_usbd.o(i.USBD_EPTClearINT), (12 bytes).
    Removing ht32f1655_56_usbd.o(i.USBD_EPTEnableINT), (12 bytes).
    Removing ht32f1655_56_usbd.o(i.USBD_EPTGetBuffer0Addr), (24 bytes).
    Removing ht32f1655_56_usbd.o(i.USBD_EPTGetBuffer1Addr), (36 bytes).
    Removing ht32f1655_56_usbd.o(i.USBD_EPTGetBufferLen), (14 bytes).
    Removing ht32f1655_56_usbd.o(i.USBD_EPTGetHalt), (26 bytes).
    Removing ht32f1655_56_usbd.o(i.USBD_EPTGetINT), (14 bytes).
    Removing ht32f1655_56_usbd.o(i.USBD_EPTGetTransferCount), (18 bytes).
    Removing ht32f1655_56_usbd.o(i.USBD_EPTInit), (38 bytes).
    Removing ht32f1655_56_usbd.o(i.USBD_EPTReadMemory), (58 bytes).
    Removing ht32f1655_56_usbd.o(i.USBD_EPTReadOUTData), (48 bytes).
    Removing ht32f1655_56_usbd.o(i.USBD_EPTReset), (16 bytes).
    Removing ht32f1655_56_usbd.o(i.USBD_EPTSendSTALL), (12 bytes).
    Removing ht32f1655_56_usbd.o(i.USBD_EPTSetHalt), (20 bytes).
    Removing ht32f1655_56_usbd.o(i.USBD_EPTWaitSTALLSent), (36 bytes).
    Removing ht32f1655_56_usbd.o(i.USBD_EPTWriteINData), (72 bytes).
    Removing ht32f1655_56_usbd.o(i.USBD_EnableINT), (16 bytes).
    Removing ht32f1655_56_usbd.o(i.USBD_GetEPTnINTNumber), (32 bytes).
    Removing ht32f1655_56_usbd.o(i.USBD_GetINT), (16 bytes).
    Removing ht32f1655_56_usbd.o(i.USBD_Init), (4 bytes).
    Removing ht32f1655_56_usbd.o(i.USBD_PowerOff), (16 bytes).
    Removing ht32f1655_56_usbd.o(i.USBD_PowerOn), (16 bytes).
    Removing ht32f1655_56_usbd.o(i.USBD_PowerUp), (104 bytes).
    Removing ht32f1655_56_usbd.o(i.USBD_PreInit), (24 bytes).
    Removing ht32f1655_56_usbd.o(i.USBD_ReadSETUPData), (16 bytes).
    Removing ht32f1655_56_usbd.o(i.USBD_RemoteWakeup), (16 bytes).
    Removing ht32f1655_56_usbd.o(i.USBD_SRAMResetConditionCmd), (28 bytes).
    Removing ht32f1655_56_usbd.o(i.USBD_SetAddress), (20 bytes).
    Removing ht32f1655_56_usbd.o(i._USBD_CopyMemory), (16 bytes).
    Removing ht32f1655_56_usbd.o(i._USBD_GetEPTnAddr), (16 bytes).
    Removing ht32f1655_56_usbd.o(.data), (4 bytes).
    Removing ht32f1655_56_wdt.o(.rev16_text), (4 bytes).
    Removing ht32f1655_56_wdt.o(.revsh_text), (4 bytes).
    Removing ht32f1655_56_wdt.o(.rrx_text), (6 bytes).
    Removing ht32f1655_56_wdt.o(i.WDT_Cmd), (28 bytes).
    Removing ht32f1655_56_wdt.o(i.WDT_DeInit), (12 bytes).
    Removing ht32f1655_56_wdt.o(i.WDT_GetDeltaValue), (16 bytes).
    Removing ht32f1655_56_wdt.o(i.WDT_GetFlagStatus), (20 bytes).
    Removing ht32f1655_56_wdt.o(i.WDT_GetPrescaler), (24 bytes).
    Removing ht32f1655_56_wdt.o(i.WDT_GetReloadValue), (16 bytes).
    Removing ht32f1655_56_wdt.o(i.WDT_HaltConfig), (24 bytes).
    Removing ht32f1655_56_wdt.o(i.WDT_IntConfig), (28 bytes).
    Removing ht32f1655_56_wdt.o(i.WDT_LockCmd), (32 bytes).
    Removing ht32f1655_56_wdt.o(i.WDT_ProtectCmd), (24 bytes).
    Removing ht32f1655_56_wdt.o(i.WDT_ResetCmd), (28 bytes).
    Removing ht32f1655_56_wdt.o(i.WDT_Restart), (16 bytes).
    Removing ht32f1655_56_wdt.o(i.WDT_SetDeltaValue), (20 bytes).
    Removing ht32f1655_56_wdt.o(i.WDT_SetPrescaler), (20 bytes).
    Removing ht32f1655_56_wdt.o(i.WDT_SetReloadValue), (20 bytes).
    Removing ht32f1655_56_wdt.o(i.WDT_SourceConfig), (16 bytes).
    Removing ht32_retarget.o(.rev16_text), (4 bytes).
    Removing ht32_retarget.o(.revsh_text), (4 bytes).
    Removing ht32_retarget.o(.rrx_text), (6 bytes).
    Removing ht32_retarget.o(i.RETARGET_Configuration), (36 bytes).
    Removing ht32_retarget.o(i.__backspace), (4 bytes).
    Removing ht32_retarget.o(i._sys_exit), (2 bytes).
    Removing ht32_retarget.o(i._ttywrch), (4 bytes).
    Removing ht32_retarget.o(i.fgetc), (4 bytes).
    Removing ht32_retarget.o(i.fputc), (4 bytes).
    Removing ht32_retarget.o(.data), (4 bytes).
    Removing ht32_retarget.o(.data), (4 bytes).
    Removing ht32_serial.o(.rev16_text), (4 bytes).
    Removing ht32_serial.o(.revsh_text), (4 bytes).
    Removing ht32_serial.o(.rrx_text), (6 bytes).
    Removing ht32_serial.o(i.SERIAL_GetChar), (28 bytes).
    Removing ht32_serial.o(i.SERIAL_PutChar), (32 bytes).
    Removing ht32_board.o(.rev16_text), (4 bytes).
    Removing ht32_board.o(.revsh_text), (4 bytes).
    Removing ht32_board.o(.rrx_text), (6 bytes).
    Removing ht32_board.o(i.HT32F_DVB_BuzzerFun), (288 bytes).
    Removing ht32_board.o(i.HT32F_DVB_BuzzerOutputCmd), (16 bytes).
    Removing ht32_board.o(i.HT32F_DVB_COMInit), (92 bytes).
    Removing ht32_board.o(i.HT32F_DVB_LEDInit), (88 bytes).
    Removing ht32_board.o(i.HT32F_DVB_LEDOff), (28 bytes).
    Removing ht32_board.o(i.HT32F_DVB_LEDOn), (28 bytes).
    Removing ht32_board.o(i.HT32F_DVB_LEDToggle), (32 bytes).
    Removing ht32_board.o(i.HT32F_DVB_PBGetState), (28 bytes).
    Removing ht32_board.o(i.HT32F_DVB_PBInit), (188 bytes).
    Removing ht32_board.o(i._HT32F_DVB_ClockConfig), (64 bytes).
    Removing ht32_board.o(.constdata), (80 bytes).
    Removing i2c_eeprom.o(.rev16_text), (4 bytes).
    Removing i2c_eeprom.o(.revsh_text), (4 bytes).
    Removing i2c_eeprom.o(.rrx_text), (6 bytes).
    Removing i2c_eeprom.o(i.I2C_EEPROM_BufferRead), (160 bytes).
    Removing i2c_eeprom.o(i.I2C_EEPROM_BufferWrite), (54 bytes).
    Removing i2c_eeprom.o(i.I2C_EEPROM_Init), (80 bytes).
    Removing i2c_eeprom.o(i.I2C_EEPROM_PageWrite), (96 bytes).
    Removing i2c_eeprom.o(i._I2C_EEPROM_AckPolling), (60 bytes).
    Removing spi_flash.o(.rev16_text), (4 bytes).
    Removing spi_flash.o(.revsh_text), (4 bytes).
    Removing spi_flash.o(.rrx_text), (6 bytes).
    Removing spi_flash.o(i.SPI_FLASH_BlockErase), (68 bytes).
    Removing spi_flash.o(i.SPI_FLASH_BufferDualRead), (108 bytes).
    Removing spi_flash.o(i.SPI_FLASH_BufferRead), (80 bytes).
    Removing spi_flash.o(i.SPI_FLASH_BufferWrite), (182 bytes).
    Removing spi_flash.o(i.SPI_FLASH_ChipErase), (44 bytes).
    Removing spi_flash.o(i.SPI_FLASH_Init), (144 bytes).
    Removing spi_flash.o(i.SPI_FLASH_PageWrite), (88 bytes).
    Removing spi_flash.o(i.SPI_FLASH_ReadJEDECID), (68 bytes).
    Removing spi_flash.o(i.SPI_FLASH_SectorErase), (68 bytes).
    Removing spi_flash.o(i.SPI_FLASH_SendByte), (50 bytes).
    Removing spi_flash.o(i.SPI_FLASH_WaitForWriteEnd), (44 bytes).
    Removing spi_flash.o(i.SPI_FLASH_WriteDisable), (36 bytes).
    Removing spi_flash.o(i.SPI_FLASH_WriteEnable), (36 bytes).
    Removing spi_flash.o(i.SPI_FLASH_WriteStatus), (48 bytes).
    Removing ebi_lcd.o(.rev16_text), (4 bytes).
    Removing ebi_lcd.o(.revsh_text), (4 bytes).
    Removing ebi_lcd.o(.rrx_text), (6 bytes).
    Removing ebi_lcd.o(i.LCD_BackColorSet), (12 bytes).
    Removing ebi_lcd.o(i.LCD_CharDisplay), (20 bytes).
    Removing ebi_lcd.o(i.LCD_CharDraw), (96 bytes).
    Removing ebi_lcd.o(i.LCD_CircleDraw), (204 bytes).
    Removing ebi_lcd.o(i.LCD_Clear), (32 bytes).
    Removing ebi_lcd.o(i.LCD_Config), (640 bytes).
    Removing ebi_lcd.o(i.LCD_DisplayOff), (8 bytes).
    Removing ebi_lcd.o(i.LCD_DisplayOn), (8 bytes).
    Removing ebi_lcd.o(i.LCD_Init), (352 bytes).
    Removing ebi_lcd.o(i.LCD_LineDraw), (76 bytes).
    Removing ebi_lcd.o(i.LCD_PicDraw), (84 bytes).
    Removing ebi_lcd.o(i.LCD_RectDraw), (60 bytes).
    Removing ebi_lcd.o(i.LCD_SetDisplayArea), (84 bytes).
    Removing ebi_lcd.o(i.LCD_StarterSet), (46 bytes).
    Removing ebi_lcd.o(i.LCD_StringLineDisplay), (40 bytes).
    Removing ebi_lcd.o(i.LCD_TextColorSet), (12 bytes).
    Removing ebi_lcd.o(i.LCD_WriteRAM), (8 bytes).
    Removing ebi_lcd.o(i.LCD_WriteRAMPrior), (10 bytes).
    Removing ebi_lcd.o(i.LCD_WriteRAMWord), (12 bytes).
    Removing ebi_lcd.o(i.LCD_WriteReg), (10 bytes).
    Removing ebi_lcd.o(i._delay), (28 bytes).
    Removing ebi_lcd.o(.data), (4564 bytes).
    Removing app_com.o(.rev16_text), (4 bytes).
    Removing app_com.o(.revsh_text), (4 bytes).
    Removing app_com.o(.rrx_text), (6 bytes).
    Removing app_com.o(i.RC500Main), (56 bytes).
    Removing app_com.o(i.RequestA), (24 bytes).
    Removing app_com.o(i.RfidCardWrite), (104 bytes).
    Removing app_com.o(i.test), (14 bytes).
    Removing rc522.o(.rev16_text), (4 bytes).
    Removing rc522.o(.revsh_text), (4 bytes).
    Removing rc522.o(.rrx_text), (6 bytes).
    Removing rc522.o(i.PcdAntennaOff), (8 bytes).
    Removing rc522.o(i.PcdBakValue), (160 bytes).
    Removing rc522.o(i.PcdHalt), (48 bytes).
    Removing rc522.o(i.PcdWrite), (132 bytes).
    Removing rc522.o(i.delay_10ms), (6 bytes).
    Removing delay.o(.rev16_text), (4 bytes).
    Removing delay.o(.revsh_text), (4 bytes).
    Removing delay.o(.rrx_text), (6 bytes).
    Removing fuzzy.o(i.Fuzzy_sp), (924 bytes).

690 unused section(s) (total 22874 bytes) removed from the image.

==============================================================================

Image Symbol Table

    Local Symbols

    Symbol Name                              Value     Ov Type        Size  Object(Section)

    RESET                                    0x00000000   Section      376  startup_ht32f165x.o(RESET)
    ../clib/microlib/init/entry.s            0x00000000   Number         0  entry11b.o ABSOLUTE
    ../clib/microlib/init/entry.s            0x00000000   Number         0  entry.o ABSOLUTE
    ../clib/microlib/init/entry.s            0x00000000   Number         0  entry10b.o ABSOLUTE
    ../clib/microlib/init/entry.s            0x00000000   Number         0  entry7b.o ABSOLUTE
    ../clib/microlib/init/entry.s            0x00000000   Number         0  entry8a.o ABSOLUTE
    ../clib/microlib/init/entry.s            0x00000000   Number         0  entry8b.o ABSOLUTE
    ../clib/microlib/init/entry.s            0x00000000   Number         0  entry9a.o ABSOLUTE
    ../clib/microlib/init/entry.s            0x00000000   Number         0  entry9b.o ABSOLUTE
    ../clib/microlib/init/entry.s            0x00000000   Number         0  entry2.o ABSOLUTE
    ../clib/microlib/init/entry.s            0x00000000   Number         0  entry5.o ABSOLUTE
    ../clib/microlib/init/entry.s            0x00000000   Number         0  entry11a.o ABSOLUTE
    ../clib/microlib/init/entry.s            0x00000000   Number         0  entry10a.o ABSOLUTE
    ../clib/microlib/init/entry.s            0x00000000   Number         0  entry7a.o ABSOLUTE
    ../clib/microlib/longlong.c              0x00000000   Number         0  llshl.o ABSOLUTE
    ../clib/microlib/longlong.c              0x00000000   Number         0  llushr.o ABSOLUTE
    ../clib/microlib/string/memcpy.c         0x00000000   Number         0  memcpya.o ABSOLUTE
    ../clib/microlib/string/memcpy.c         0x00000000   Number         0  memcpyb.o ABSOLUTE
    ../clib/microlib/stubs.s                 0x00000000   Number         0  iusefp.o ABSOLUTE
    ../clib/microlib/stubs.s                 0x00000000   Number         0  useno.o ABSOLUTE
    ../fplib/microlib/d2f.c                  0x00000000   Number         0  d2f.o ABSOLUTE
    ../fplib/microlib/fpadd.c                0x00000000   Number         0  fadd.o ABSOLUTE
    ../fplib/microlib/fpdiv.c                0x00000000   Number         0  fdiv.o ABSOLUTE
    ../fplib/microlib/fpepilogue.c           0x00000000   Number         0  depilogue.o ABSOLUTE
    ../fplib/microlib/fpepilogue.c           0x00000000   Number         0  fepilogue.o ABSOLUTE
    ../fplib/microlib/fpfix.c                0x00000000   Number         0  ffixi.o ABSOLUTE
    ../fplib/microlib/fpflt.c                0x00000000   Number         0  fflti.o ABSOLUTE
    ../fplib/microlib/fpflt.c                0x00000000   Number         0  ffltui.o ABSOLUTE
    ../fplib/microlib/fpflt.c                0x00000000   Number         0  dfltui.o ABSOLUTE
    ../fplib/microlib/fpmul.c                0x00000000   Number         0  fmul.o ABSOLUTE
    ../fplib/microlib/fpmul.c                0x00000000   Number         0  dmul.o ABSOLUTE
    ..\..\..\..\library\HT32F1655_56_Driver\src\ht32_cm3_misc.c 0x00000000   Number         0  ht32_cm3_misc.o ABSOLUTE
    ..\..\..\..\library\HT32F1655_56_Driver\src\ht32_retarget.c 0x00000000   Number         0  ht32_retarget.o ABSOLUTE
    ..\..\..\..\library\HT32F1655_56_Driver\src\ht32_serial.c 0x00000000   Number         0  ht32_serial.o ABSOLUTE
    ..\..\..\..\library\HT32F1655_56_Driver\src\ht32f1655_56_adc.c 0x00000000   Number         0  ht32f1655_56_adc.o ABSOLUTE
    ..\..\..\..\library\HT32F1655_56_Driver\src\ht32f1655_56_bftm.c 0x00000000   Number         0  ht32f1655_56_bftm.o ABSOLUTE
    ..\..\..\..\library\HT32F1655_56_Driver\src\ht32f1655_56_ckcu.c 0x00000000   Number         0  ht32f1655_56_ckcu.o ABSOLUTE
    ..\..\..\..\library\HT32F1655_56_Driver\src\ht32f1655_56_cmp_op.c 0x00000000   Number         0  ht32f1655_56_cmp_op.o ABSOLUTE
    ..\..\..\..\library\HT32F1655_56_Driver\src\ht32f1655_56_crc.c 0x00000000   Number         0  ht32f1655_56_crc.o ABSOLUTE
    ..\..\..\..\library\HT32F1655_56_Driver\src\ht32f1655_56_ebi.c 0x00000000   Number         0  ht32f1655_56_ebi.o ABSOLUTE
    ..\..\..\..\library\HT32F1655_56_Driver\src\ht32f1655_56_exti.c 0x00000000   Number         0  ht32f1655_56_exti.o ABSOLUTE
    ..\..\..\..\library\HT32F1655_56_Driver\src\ht32f1655_56_flash.c 0x00000000   Number         0  ht32f1655_56_flash.o ABSOLUTE
    ..\..\..\..\library\HT32F1655_56_Driver\src\ht32f1655_56_gpio.c 0x00000000   Number         0  ht32f1655_56_gpio.o ABSOLUTE
    ..\..\..\..\library\HT32F1655_56_Driver\src\ht32f1655_56_gptm.c 0x00000000   Number         0  ht32f1655_56_gptm.o ABSOLUTE
    ..\..\..\..\library\HT32F1655_56_Driver\src\ht32f1655_56_i2c.c 0x00000000   Number         0  ht32f1655_56_i2c.o ABSOLUTE
    ..\..\..\..\library\HT32F1655_56_Driver\src\ht32f1655_56_i2s.c 0x00000000   Number         0  ht32f1655_56_i2s.o ABSOLUTE
    ..\..\..\..\library\HT32F1655_56_Driver\src\ht32f1655_56_mctm.c 0x00000000   Number         0  ht32f1655_56_mctm.o ABSOLUTE
    ..\..\..\..\library\HT32F1655_56_Driver\src\ht32f1655_56_pdma.c 0x00000000   Number         0  ht32f1655_56_pdma.o ABSOLUTE
    ..\..\..\..\library\HT32F1655_56_Driver\src\ht32f1655_56_pwrcu.c 0x00000000   Number         0  ht32f1655_56_pwrcu.o ABSOLUTE
    ..\..\..\..\library\HT32F1655_56_Driver\src\ht32f1655_56_rstcu.c 0x00000000   Number         0  ht32f1655_56_rstcu.o ABSOLUTE
    ..\..\..\..\library\HT32F1655_56_Driver\src\ht32f1655_56_rtc.c 0x00000000   Number         0  ht32f1655_56_rtc.o ABSOLUTE
    ..\..\..\..\library\HT32F1655_56_Driver\src\ht32f1655_56_sci.c 0x00000000   Number         0  ht32f1655_56_sci.o ABSOLUTE
    ..\..\..\..\library\HT32F1655_56_Driver\src\ht32f1655_56_spi.c 0x00000000   Number         0  ht32f1655_56_spi.o ABSOLUTE
    ..\..\..\..\library\HT32F1655_56_Driver\src\ht32f1655_56_usart.c 0x00000000   Number         0  ht32f1655_56_usart.o ABSOLUTE
    ..\..\..\..\library\HT32F1655_56_Driver\src\ht32f1655_56_usbd.c 0x00000000   Number         0  ht32f1655_56_usbd.o ABSOLUTE
    ..\..\..\..\library\HT32F1655_56_Driver\src\ht32f1655_56_wdt.c 0x00000000   Number         0  ht32f1655_56_wdt.o ABSOLUTE
    ..\..\..\..\library\HT32_USBD_Library\src\ht32_usbd_core.c 0x00000000   Number         0  ht32_usbd_core.o ABSOLUTE
    ..\..\..\..\utilities\common\ebi_lcd.c   0x00000000   Number         0  ebi_lcd.o ABSOLUTE
    ..\..\..\..\utilities\common\i2c_eeprom.c 0x00000000   Number         0  i2c_eeprom.o ABSOLUTE
    ..\..\..\..\utilities\common\spi_flash.c 0x00000000   Number         0  spi_flash.o ABSOLUTE
    ..\..\..\..\utilities\ht32_board.c       0x00000000   Number         0  ht32_board.o ABSOLUTE
    ..\MDK_ARM\ht32_op.s                     0x00000000   Number         0  ht32_op.o ABSOLUTE
    ..\UART.c                                0x00000000   Number         0  uart.o ABSOLUTE
    ..\\..\\..\\..\\library\\HT32F1655_56_Driver\\src\\ht32_cm3_misc.c 0x00000000   Number         0  ht32_cm3_misc.o ABSOLUTE
    ..\\..\\..\\..\\library\\HT32F1655_56_Driver\\src\\ht32_retarget.c 0x00000000   Number         0  ht32_retarget.o ABSOLUTE
    ..\\..\\..\\..\\library\\HT32F1655_56_Driver\\src\\ht32_serial.c 0x00000000   Number         0  ht32_serial.o ABSOLUTE
    ..\\..\\..\\..\\library\\HT32F1655_56_Driver\\src\\ht32f1655_56_adc.c 0x00000000   Number         0  ht32f1655_56_adc.o ABSOLUTE
    ..\\..\\..\\..\\library\\HT32F1655_56_Driver\\src\\ht32f1655_56_bftm.c 0x00000000   Number         0  ht32f1655_56_bftm.o ABSOLUTE
    ..\\..\\..\\..\\library\\HT32F1655_56_Driver\\src\\ht32f1655_56_ckcu.c 0x00000000   Number         0  ht32f1655_56_ckcu.o ABSOLUTE
    ..\\..\\..\\..\\library\\HT32F1655_56_Driver\\src\\ht32f1655_56_cmp_op.c 0x00000000   Number         0  ht32f1655_56_cmp_op.o ABSOLUTE
    ..\\..\\..\\..\\library\\HT32F1655_56_Driver\\src\\ht32f1655_56_crc.c 0x00000000   Number         0  ht32f1655_56_crc.o ABSOLUTE
    ..\\..\\..\\..\\library\\HT32F1655_56_Driver\\src\\ht32f1655_56_ebi.c 0x00000000   Number         0  ht32f1655_56_ebi.o ABSOLUTE
    ..\\..\\..\\..\\library\\HT32F1655_56_Driver\\src\\ht32f1655_56_exti.c 0x00000000   Number         0  ht32f1655_56_exti.o ABSOLUTE
    ..\\..\\..\\..\\library\\HT32F1655_56_Driver\\src\\ht32f1655_56_flash.c 0x00000000   Number         0  ht32f1655_56_flash.o ABSOLUTE
    ..\\..\\..\\..\\library\\HT32F1655_56_Driver\\src\\ht32f1655_56_gpio.c 0x00000000   Number         0  ht32f1655_56_gpio.o ABSOLUTE
    ..\\..\\..\\..\\library\\HT32F1655_56_Driver\\src\\ht32f1655_56_gptm.c 0x00000000   Number         0  ht32f1655_56_gptm.o ABSOLUTE
    ..\\..\\..\\..\\library\\HT32F1655_56_Driver\\src\\ht32f1655_56_i2c.c 0x00000000   Number         0  ht32f1655_56_i2c.o ABSOLUTE
    ..\\..\\..\\..\\library\\HT32F1655_56_Driver\\src\\ht32f1655_56_i2s.c 0x00000000   Number         0  ht32f1655_56_i2s.o ABSOLUTE
    ..\\..\\..\\..\\library\\HT32F1655_56_Driver\\src\\ht32f1655_56_mctm.c 0x00000000   Number         0  ht32f1655_56_mctm.o ABSOLUTE
    ..\\..\\..\\..\\library\\HT32F1655_56_Driver\\src\\ht32f1655_56_pdma.c 0x00000000   Number         0  ht32f1655_56_pdma.o ABSOLUTE
    ..\\..\\..\\..\\library\\HT32F1655_56_Driver\\src\\ht32f1655_56_pwrcu.c 0x00000000   Number         0  ht32f1655_56_pwrcu.o ABSOLUTE
    ..\\..\\..\\..\\library\\HT32F1655_56_Driver\\src\\ht32f1655_56_rstcu.c 0x00000000   Number         0  ht32f1655_56_rstcu.o ABSOLUTE
    ..\\..\\..\\..\\library\\HT32F1655_56_Driver\\src\\ht32f1655_56_rtc.c 0x00000000   Number         0  ht32f1655_56_rtc.o ABSOLUTE
    ..\\..\\..\\..\\library\\HT32F1655_56_Driver\\src\\ht32f1655_56_sci.c 0x00000000   Number         0  ht32f1655_56_sci.o ABSOLUTE
    ..\\..\\..\\..\\library\\HT32F1655_56_Driver\\src\\ht32f1655_56_spi.c 0x00000000   Number         0  ht32f1655_56_spi.o ABSOLUTE
    ..\\..\\..\\..\\library\\HT32F1655_56_Driver\\src\\ht32f1655_56_usart.c 0x00000000   Number         0  ht32f1655_56_usart.o ABSOLUTE
    ..\\..\\..\\..\\library\\HT32F1655_56_Driver\\src\\ht32f1655_56_usbd.c 0x00000000   Number         0  ht32f1655_56_usbd.o ABSOLUTE
    ..\\..\\..\\..\\library\\HT32F1655_56_Driver\\src\\ht32f1655_56_wdt.c 0x00000000   Number         0  ht32f1655_56_wdt.o ABSOLUTE
    ..\\..\\..\\..\\library\\HT32_USBD_Library\\src\\ht32_usbd_core.c 0x00000000   Number         0  ht32_usbd_core.o ABSOLUTE
    ..\\..\\..\\..\\utilities\\common\\ebi_lcd.c 0x00000000   Number         0  ebi_lcd.o ABSOLUTE
    ..\\..\\..\\..\\utilities\\common\\i2c_eeprom.c 0x00000000   Number         0  i2c_eeprom.o ABSOLUTE
    ..\\..\\..\\..\\utilities\\common\\spi_flash.c 0x00000000   Number         0  spi_flash.o ABSOLUTE
    ..\\..\\..\\..\\utilities\\ht32_board.c  0x00000000   Number         0  ht32_board.o ABSOLUTE
    ..\\UART.c                               0x00000000   Number         0  uart.o ABSOLUTE
    ..\\ht32f165x_it.c                       0x00000000   Number         0  ht32f165x_it.o ABSOLUTE
    ..\\main.c                               0x00000000   Number         0  main.o ABSOLUTE
    ..\\my_interruput.c                      0x00000000   Number         0  my_interruput.o ABSOLUTE
    ..\\system_ht32f165x.c                   0x00000000   Number         0  system_ht32f165x.o ABSOLUTE
    ..\ht32f165x_it.c                        0x00000000   Number         0  ht32f165x_it.o ABSOLUTE
    ..\main.c                                0x00000000   Number         0  main.o ABSOLUTE
    ..\my_interruput.c                       0x00000000   Number         0  my_interruput.o ABSOLUTE
    ..\system_ht32f165x.c                    0x00000000   Number         0  system_ht32f165x.o ABSOLUTE
    Fuzzy\fuzzy.c                            0x00000000   Number         0  fuzzy.o ABSOLUTE
    RFID\RC522.C                             0x00000000   Number         0  rc522.o ABSOLUTE
    RFID\\RC522.C                            0x00000000   Number         0  rc522.o ABSOLUTE
    RFID\\app_com.c                          0x00000000   Number         0  app_com.o ABSOLUTE
    RFID\app_com.c                           0x00000000   Number         0  app_com.o ABSOLUTE
    cfcmple.s                                0x00000000   Number         0  cfcmple.o ABSOLUTE
    cfrcmple.s                               0x00000000   Number         0  cfrcmple.o ABSOLUTE
    dc.s                                     0x00000000   Number         0  dc.o ABSOLUTE
    delay\\delay.c                           0x00000000   Number         0  delay.o ABSOLUTE
    delay\delay.c                            0x00000000   Number         0  delay.o ABSOLUTE
    handlers.s                               0x00000000   Number         0  handlers.o ABSOLUTE
    init.s                                   0x00000000   Number         0  init.o ABSOLUTE
    made_by_kramo\\controll_main.c           0x00000000   Number         0  controll_main.o ABSOLUTE
    made_by_kramo\controll_main.c            0x00000000   Number         0  controll_main.o ABSOLUTE
    startup_ht32f165x.s                      0x00000000   Number         0  startup_ht32f165x.o ABSOLUTE
    voice\\voice.c                           0x00000000   Number         0  voice.o ABSOLUTE
    voice\voice.c                            0x00000000   Number         0  voice.o ABSOLUTE
    .ARM.Collect$$$$00000000                 0x00000178   Section        0  entry.o(.ARM.Collect$$$$00000000)
    .ARM.Collect$$$$00000001                 0x00000178   Section        4  entry2.o(.ARM.Collect$$$$00000001)
    .ARM.Collect$$$$00000004                 0x0000017c   Section        4  entry5.o(.ARM.Collect$$$$00000004)
    .ARM.Collect$$$$00000008                 0x00000180   Section        0  entry7b.o(.ARM.Collect$$$$00000008)
    .ARM.Collect$$$$0000000A                 0x00000180   Section        0  entry8b.o(.ARM.Collect$$$$0000000A)
    .ARM.Collect$$$$0000000B                 0x00000180   Section        8  entry9a.o(.ARM.Collect$$$$0000000B)
    .ARM.Collect$$$$0000000D                 0x00000188   Section        0  entry10a.o(.ARM.Collect$$$$0000000D)
    .ARM.Collect$$$$0000000F                 0x00000188   Section        0  entry11a.o(.ARM.Collect$$$$0000000F)
    .ARM.Collect$$$$00002712                 0x00000188   Section        4  entry2.o(.ARM.Collect$$$$00002712)
    __lit__00000000                          0x00000188   Data           4  entry2.o(.ARM.Collect$$$$00002712)
    .text                                    0x0000018c   Section        0  memcpya.o(.text)
    .text                                    0x000001b0   Section        0  fadd.o(.text)
    .text                                    0x00000260   Section        0  fmul.o(.text)
    .text                                    0x000002c4   Section        0  fdiv.o(.text)
    .text                                    0x00000340   Section        0  dmul.o(.text)
    .text                                    0x00000424   Section        0  fflti.o(.text)
    .text                                    0x00000436   Section        0  ffltui.o(.text)
    .text                                    0x00000440   Section        0  dfltui.o(.text)
    .text                                    0x0000045a   Section        0  ffixi.o(.text)
    .text                                    0x0000048c   Section        0  d2f.o(.text)
    .text                                    0x000004c4   Section       20  cfcmple.o(.text)
    .text                                    0x000004d8   Section       20  cfrcmple.o(.text)
    .text                                    0x000004ec   Section        0  iusefp.o(.text)
    .text                                    0x000004ec   Section        0  fepilogue.o(.text)
    .text                                    0x0000055a   Section        0  depilogue.o(.text)
    .text                                    0x00000614   Section       36  init.o(.text)
    .text                                    0x00000638   Section        0  llshl.o(.text)
    .text                                    0x00000656   Section        0  llushr.o(.text)
    i.ADC_RegularChannelConfig               0x00000676   Section        0  ht32f1655_56_adc.o(i.ADC_RegularChannelConfig)
    i.ADC_RegularGroupConfig                 0x00000698   Section        0  ht32f1655_56_adc.o(i.ADC_RegularGroupConfig)
    i.ADC_RegularTrigConfig                  0x000006ae   Section        0  ht32f1655_56_adc.o(i.ADC_RegularTrigConfig)
    i.ADC_SoftwareStartConvCmd               0x000006ba   Section        0  ht32f1655_56_adc.o(i.ADC_SoftwareStartConvCmd)
    i.AFIO_GPxConfig                         0x000006d4   Section        0  ht32f1655_56_gpio.o(i.AFIO_GPxConfig)
    i.BFTM0_IRQHandler                       0x00000738   Section        0  ht32f165x_it.o(i.BFTM0_IRQHandler)
    i.BFTM_ClearFlag                         0x00000854   Section        0  ht32f1655_56_bftm.o(i.BFTM_ClearFlag)
    i.BFTM_EnaCmd                            0x00000862   Section        0  ht32f1655_56_bftm.o(i.BFTM_EnaCmd)
    i.BFTM_IntConfig                         0x00000876   Section        0  ht32f1655_56_bftm.o(i.BFTM_IntConfig)
    i.BFTM_SetCompare                        0x0000088a   Section        0  ht32f1655_56_bftm.o(i.BFTM_SetCompare)
    i.BFTM_SetCounter                        0x0000088e   Section        0  ht32f1655_56_bftm.o(i.BFTM_SetCounter)
    i.CKCU_GetClocksFrequency                0x00000894   Section        0  ht32f1655_56_ckcu.o(i.CKCU_GetClocksFrequency)
    i.CKCU_GetPLLFrequency                   0x000008e8   Section        0  ht32f1655_56_ckcu.o(i.CKCU_GetPLLFrequency)
    i.CKCU_GetUSARTClockFreq                 0x00000928   Section        0  ht32f1655_56_ckcu.o(i.CKCU_GetUSARTClockFreq)
    i.CKCU_PeripClockConfig                  0x00000938   Section        0  ht32f1655_56_ckcu.o(i.CKCU_PeripClockConfig)
    i.CKCU_SetADCPrescaler                   0x0000095c   Section        0  ht32f1655_56_ckcu.o(i.CKCU_SetADCPrescaler)
    i.CalulateCRC                            0x00000970   Section        0  rc522.o(i.CalulateCRC)
    i.ClearBitMask                           0x000009d6   Section        0  rc522.o(i.ClearBitMask)
    i.DIR_Init                               0x000009f0   Section        0  controll_main.o(i.DIR_Init)
    i.Delay                                  0x00000ad0   Section        0  delay.o(i.Delay)
    i.Fuzzy                                  0x00000af8   Section        0  fuzzy.o(i.Fuzzy)
    i.GPIO_DirectionConfig                   0x00000ea0   Section        0  ht32f1655_56_gpio.o(i.GPIO_DirectionConfig)
    i.GPIO_InputConfig                       0x00000eb0   Section        0  ht32f1655_56_gpio.o(i.GPIO_InputConfig)
    i.GPIO_PullResistorConfig                0x00000ec0   Section        0  ht32f1655_56_gpio.o(i.GPIO_PullResistorConfig)
    i.GPIO_ReadInBit                         0x00000ee8   Section        0  ht32f1655_56_gpio.o(i.GPIO_ReadInBit)
    i.GPIO_WriteOutBits                      0x00000ef2   Section        0  ht32f1655_56_gpio.o(i.GPIO_WriteOutBits)
    i.GPTM_Cmd                               0x00000efc   Section        0  ht32f1655_56_gptm.o(i.GPTM_Cmd)
    i.GPTM_OutputInit                        0x00000f10   Section        0  ht32f1655_56_gptm.o(i.GPTM_OutputInit)
    i.GPTM_OutputStructInit                  0x00000f68   Section        0  ht32f1655_56_gptm.o(i.GPTM_OutputStructInit)
    i.GPTM_SetCounterReload                  0x00000f78   Section        0  ht32f1655_56_gptm.o(i.GPTM_SetCounterReload)
    i.GPTM_TimeBaseInit                      0x00000f7e   Section        0  ht32f1655_56_gptm.o(i.GPTM_TimeBaseInit)
    i.GPTM_TimeBaseStructInit                0x00000fa8   Section        0  ht32f1655_56_gptm.o(i.GPTM_TimeBaseStructInit)
    i.INPUT_Line_Init                        0x00000fbc   Section        0  controll_main.o(i.INPUT_Line_Init)
    i.IRLED                                  0x00001108   Section        0  main.o(i.IRLED)
    i.M500PcdConfigISOType                   0x00001140   Section        0  rc522.o(i.M500PcdConfigISOType)
    i.MCTM_CHMOECmd                          0x0000119a   Section        0  ht32f1655_56_mctm.o(i.MCTM_CHMOECmd)
    i.MCTM_Cmd                               0x000011ae   Section        0  ht32f1655_56_mctm.o(i.MCTM_Cmd)
    i.MCTM_OutputInit                        0x000011c2   Section        0  ht32f1655_56_mctm.o(i.MCTM_OutputInit)
    i.MCTM_SetCounterReload                  0x00001240   Section        0  ht32f1655_56_mctm.o(i.MCTM_SetCounterReload)
    i.MCTM_TimeBaseInit                      0x00001246   Section        0  ht32f1655_56_mctm.o(i.MCTM_TimeBaseInit)
    i.NVIC_EnableIRQ                         0x00001276   Section        0  my_interruput.o(i.NVIC_EnableIRQ)
    NVIC_EnableIRQ                           0x00001277   Thumb Code    22  my_interruput.o(i.NVIC_EnableIRQ)
    i.PcdAntennaOn                           0x0000128c   Section        0  rc522.o(i.PcdAntennaOn)
    i.PcdAnticoll                            0x000012a6   Section        0  rc522.o(i.PcdAnticoll)
    i.PcdAuthState                           0x00001312   Section        0  rc522.o(i.PcdAuthState)
    i.PcdComMF522                            0x00001366   Section        0  rc522.o(i.PcdComMF522)
    i.PcdRead                                0x00001478   Section        0  rc522.o(i.PcdRead)
    i.PcdRequest                             0x000014c4   Section        0  rc522.o(i.PcdRequest)
    i.PcdReset                               0x00001518   Section        0  rc522.o(i.PcdReset)
    i.PcdSelect                              0x00001594   Section        0  rc522.o(i.PcdSelect)
    i.RC522_Control_IO_Init                  0x000015f8   Section        0  rc522.o(i.RC522_Control_IO_Init)
    i.RFID_read                              0x00001684   Section        0  main.o(i.RFID_read)
    i.ReadData                               0x000016fc   Section        0  controll_main.o(i.ReadData)
    i.ReadRawRC                              0x0000178c   Section        0  rc522.o(i.ReadRawRC)
    i.RfidCardRead                           0x0000183c   Section        0  app_com.o(i.RfidCardRead)
    i.SYSTICK_ClockSourceConfig              0x000018a4   Section        0  ht32_cm3_misc.o(i.SYSTICK_ClockSourceConfig)
    i.SYSTICK_CounterCmd                     0x000018bc   Section        0  ht32_cm3_misc.o(i.SYSTICK_CounterCmd)
    i.SYSTICK_IntConfig                      0x000018dc   Section        0  ht32_cm3_misc.o(i.SYSTICK_IntConfig)
    i.SYSTICK_SetReloadValue                 0x000018f4   Section        0  ht32_cm3_misc.o(i.SYSTICK_SetReloadValue)
    i.SetBitMask                             0x000018fc   Section        0  rc522.o(i.SetBitMask)
    i.Start_serving                          0x00001914   Section        0  ht32f165x_it.o(i.Start_serving)
    i.SysTick_Handler                        0x00001960   Section        0  ht32f165x_it.o(i.SysTick_Handler)
    i.SystemInit                             0x00001964   Section        0  system_ht32f165x.o(i.SystemInit)
    i.System_Init                            0x000019c4   Section        0  controll_main.o(i.System_Init)
    i.TimingDelay                            0x000019d8   Section        0  delay.o(i.TimingDelay)
    i.UART_other                             0x000019ec   Section        0  my_interruput.o(i.UART_other)
    i.USART0_IRQHandler                      0x00001a40   Section        0  my_interruput.o(i.USART0_IRQHandler)
    i.USART_FIFOReset                        0x00001b98   Section        0  ht32f1655_56_usart.o(i.USART_FIFOReset)
    i.USART_Init                             0x00001ba0   Section        0  ht32f1655_56_usart.o(i.USART_Init)
    i.USART_IntConfig                        0x00001bd4   Section        0  ht32f1655_56_usart.o(i.USART_IntConfig)
    i.USART_Interrupt_Init                   0x00001be4   Section        0  my_interruput.o(i.USART_Interrupt_Init)
    i.USART_RFITLConfig                      0x00001c66   Section        0  ht32f1655_56_usart.o(i.USART_RFITLConfig)
    i.USART_ReceiveData                      0x00001c72   Section        0  ht32f1655_56_usart.o(i.USART_ReceiveData)
    i.USART_RxCmd                            0x00001c78   Section        0  ht32f1655_56_usart.o(i.USART_RxCmd)
    i.USART_SendData                         0x00001c8c   Section        0  ht32f1655_56_usart.o(i.USART_SendData)
    i.USART_TFITLConfig                      0x00001c90   Section        0  ht32f1655_56_usart.o(i.USART_TFITLConfig)
    i.USART_TxCmd                            0x00001c9c   Section        0  ht32f1655_56_usart.o(i.USART_TxCmd)
    i.WriteRawRC                             0x00001cb0   Section        0  rc522.o(i.WriteRawRC)
    i.__scatterload_copy                     0x00001d60   Section       14  handlers.o(i.__scatterload_copy)
    i.__scatterload_null                     0x00001d6e   Section        2  handlers.o(i.__scatterload_null)
    i.__scatterload_zeroinit                 0x00001d70   Section       14  handlers.o(i.__scatterload_zeroinit)
    i.adc_init                               0x00001d80   Section        0  controll_main.o(i.adc_init)
    i.backwait                               0x00001dc4   Section        0  ht32f165x_it.o(i.backwait)
    i.charging                               0x00001e08   Section        0  ht32f165x_it.o(i.charging)
    i.chose_music                            0x00001e4c   Section        0  voice.o(i.chose_music)
    i.control_line                           0x00001e80   Section        0  ht32f165x_it.o(i.control_line)
    i.delay_init                             0x00002060   Section        0  delay.o(i.delay_init)
    i.dodge                                  0x0000207c   Section        0  ht32f165x_it.o(i.dodge)
    i.infrared_init                          0x00002254   Section        0  controll_main.o(i.infrared_init)
    i.insert_filemusic                       0x0000228c   Section        0  voice.o(i.insert_filemusic)
    i.led_display                            0x000022c0   Section        0  controll_main.o(i.led_display)
    i.main                                   0x00002380   Section        0  main.o(i.main)
    i.my_abs                                 0x000024d4   Section        0  ht32f165x_it.o(i.my_abs)
    i.pwm1_init                              0x000024dc   Section        0  controll_main.o(i.pwm1_init)
    i.pwm2_init                              0x0000256c   Section        0  controll_main.o(i.pwm2_init)
    i.status_res                             0x000025e8   Section        0  ht32f165x_it.o(i.status_res)
    i.step_control                           0x00002650   Section        0  controll_main.o(i.step_control)
    i.stop                                   0x000026c8   Section        0  ht32f165x_it.o(i.stop)
    i.turn_RI                                0x000026dc   Section        0  ht32f165x_it.o(i.turn_RI)
    i.turn_back                              0x000027f8   Section        0  ht32f165x_it.o(i.turn_back)
    i.usart0_init                            0x00002960   Section        0  uart.o(i.usart0_init)
    i.usart1_init                            0x00002994   Section        0  uart.o(i.usart1_init)
    i.usart_status                           0x00002a18   Section        0  ht32f165x_it.o(i.usart_status)
    i.usart_status1                          0x00002a5c   Section        0  main.o(i.usart_status1)
    .constdata                               0x00002aa0   Section      512  fuzzy.o(.constdata)
    .data                                    0x20000000   Section       19  main.o(.data)
    .data                                    0x20000013   Section        6  main.o(.data)
    .data                                    0x20000019   Section        4  main.o(.data)
    .data                                    0x2000001d   Section        2  main.o(.data)
    .data                                    0x2000001f   Section        1  main.o(.data)
    .data                                    0x20000020   Section       83  ht32f165x_it.o(.data)
    .data                                    0x20000073   Section        1  ht32f165x_it.o(.data)
    .data                                    0x20000074   Section       21  my_interruput.o(.data)
    .data                                    0x2000008c   Section       12  controll_main.o(.data)
    .data                                    0x20000098   Section       14  voice.o(.data)
    .data                                    0x200000a8   Section        4  system_ht32f165x.o(.data)
    .data                                    0x200000ac   Section        4  delay.o(.data)
    DelayTime                                0x200000ac   Data           4  delay.o(.data)
    .bss                                     0x200000b0   Section       16  main.o(.bss)
    .bss                                     0x200000c0   Section      652  my_interruput.o(.bss)
    STACK                                    0x20000350   Section      512  startup_ht32f165x.o(STACK)

    Global Symbols

    Symbol Name                              Value     Ov Type        Size  Object(Section)

    BuildAttributes$$THM_ISAv4$P$D$K$B$S$PE$A:L22UL41UL21$X:L11$S22US41US21$IEEE1$IW$USESV6$~STKCKD$USESV7$~SHL$OTIME$ROPI$EBA8$MICROLIB$REQ8$PRES8$EABIv2 0x00000000   Number         0  anon$$obj.o ABSOLUTE
    __ARM_use_no_argv                        0x00000000   Number         0  main.o ABSOLUTE
    __Vectors                                0x00000000   Data           4  startup_ht32f165x.o(RESET)
    __use_no_errno                           0x00000000   Number         0  useno.o ABSOLUTE
    __use_no_exception_handling              0x00000000   Number         0  useno.o ABSOLUTE
    __use_no_fp                              0x00000000   Number         0  useno.o ABSOLUTE
    __use_no_heap                            0x00000000   Number         0  useno.o ABSOLUTE
    __use_no_heap_region                     0x00000000   Number         0  useno.o ABSOLUTE
    __use_no_semihosting                     0x00000000   Number         0  useno.o ABSOLUTE
    __use_no_semihosting_swi                 0x00000000   Number         0  useno.o ABSOLUTE
    __use_no_signal_handling                 0x00000000   Number         0  useno.o ABSOLUTE
    __cpp_initialize__aeabi_                  - Undefined Weak Reference
    __cxa_finalize                            - Undefined Weak Reference
    __decompress                              - Undefined Weak Reference
    _clock_init                               - Undefined Weak Reference
    _microlib_exit                            - Undefined Weak Reference
    Reset_Handler                            0x00000155   Thumb Code     8  startup_ht32f165x.o(RESET)
    NMI_Handler                              0x0000015d   Thumb Code     2  startup_ht32f165x.o(RESET)
    HardFault_Handler                        0x0000015f   Thumb Code     2  startup_ht32f165x.o(RESET)
    MemManage_Handler                        0x00000161   Thumb Code     2  startup_ht32f165x.o(RESET)
    BusFault_Handler                         0x00000163   Thumb Code     2  startup_ht32f165x.o(RESET)
    UsageFault_Handler                       0x00000165   Thumb Code     2  startup_ht32f165x.o(RESET)
    SVC_Handler                              0x00000167   Thumb Code     2  startup_ht32f165x.o(RESET)
    DebugMon_Handler                         0x00000169   Thumb Code     2  startup_ht32f165x.o(RESET)
    PendSV_Handler                           0x0000016b   Thumb Code     2  startup_ht32f165x.o(RESET)
    ADC_IRQHandler                           0x0000016f   Thumb Code     0  startup_ht32f165x.o(RESET)
    BFTM1_IRQHandler                         0x0000016f   Thumb Code     0  startup_ht32f165x.o(RESET)
    BOD_IRQHandler                           0x0000016f   Thumb Code     0  startup_ht32f165x.o(RESET)
    CKRDY_IRQHandler                         0x0000016f   Thumb Code     0  startup_ht32f165x.o(RESET)
    COMP_IRQHandler                          0x0000016f   Thumb Code     0  startup_ht32f165x.o(RESET)
    EBI_IRQHandler                           0x0000016f   Thumb Code     0  startup_ht32f165x.o(RESET)
    EVWUP_IRQHandler                         0x0000016f   Thumb Code     0  startup_ht32f165x.o(RESET)
    EXTI0_IRQHandler                         0x0000016f   Thumb Code     0  startup_ht32f165x.o(RESET)
    EXTI10_IRQHandler                        0x0000016f   Thumb Code     0  startup_ht32f165x.o(RESET)
    EXTI11_IRQHandler                        0x0000016f   Thumb Code     0  startup_ht32f165x.o(RESET)
    EXTI12_IRQHandler                        0x0000016f   Thumb Code     0  startup_ht32f165x.o(RESET)
    EXTI13_IRQHandler                        0x0000016f   Thumb Code     0  startup_ht32f165x.o(RESET)
    EXTI14_IRQHandler                        0x0000016f   Thumb Code     0  startup_ht32f165x.o(RESET)
    EXTI15_IRQHandler                        0x0000016f   Thumb Code     0  startup_ht32f165x.o(RESET)
    EXTI1_IRQHandler                         0x0000016f   Thumb Code     0  startup_ht32f165x.o(RESET)
    EXTI2_IRQHandler                         0x0000016f   Thumb Code     0  startup_ht32f165x.o(RESET)
    EXTI3_IRQHandler                         0x0000016f   Thumb Code     0  startup_ht32f165x.o(RESET)
    EXTI4_IRQHandler                         0x0000016f   Thumb Code     0  startup_ht32f165x.o(RESET)
    EXTI5_IRQHandler                         0x0000016f   Thumb Code     0  startup_ht32f165x.o(RESET)
    EXTI6_IRQHandler                         0x0000016f   Thumb Code     0  startup_ht32f165x.o(RESET)
    EXTI7_IRQHandler                         0x0000016f   Thumb Code     0  startup_ht32f165x.o(RESET)
    EXTI8_IRQHandler                         0x0000016f   Thumb Code     0  startup_ht32f165x.o(RESET)
    EXTI9_IRQHandler                         0x0000016f   Thumb Code     0  startup_ht32f165x.o(RESET)
    FLASH_IRQHandler                         0x0000016f   Thumb Code     0  startup_ht32f165x.o(RESET)
    GPTM0_IRQHandler                         0x0000016f   Thumb Code     0  startup_ht32f165x.o(RESET)
    GPTM1_IRQHandler                         0x0000016f   Thumb Code     0  startup_ht32f165x.o(RESET)
    I2C0_IRQHandler                          0x0000016f   Thumb Code     0  startup_ht32f165x.o(RESET)
    I2C1_IRQHandler                          0x0000016f   Thumb Code     0  startup_ht32f165x.o(RESET)
    I2S_IRQHandler                           0x0000016f   Thumb Code     0  startup_ht32f165x.o(RESET)
    LPWUP_IRQHandler                         0x0000016f   Thumb Code     0  startup_ht32f165x.o(RESET)
    LVD_IRQHandler                           0x0000016f   Thumb Code     0  startup_ht32f165x.o(RESET)
    MCTM0BRK_IRQHandler                      0x0000016f   Thumb Code     0  startup_ht32f165x.o(RESET)
    MCTM0CC_IRQHandler                       0x0000016f   Thumb Code     0  startup_ht32f165x.o(RESET)
    MCTM0TR_IRQHandler                       0x0000016f   Thumb Code     0  startup_ht32f165x.o(RESET)
    MCTM0UP_IRQHandler                       0x0000016f   Thumb Code     0  startup_ht32f165x.o(RESET)
    MCTM1BRK_IRQHandler                      0x0000016f   Thumb Code     0  startup_ht32f165x.o(RESET)
    MCTM1CC_IRQHandler                       0x0000016f   Thumb Code     0  startup_ht32f165x.o(RESET)
    MCTM1TR_IRQHandler                       0x0000016f   Thumb Code     0  startup_ht32f165x.o(RESET)
    MCTM1UP_IRQHandler                       0x0000016f   Thumb Code     0  startup_ht32f165x.o(RESET)
    PDMA_CH0_IRQHandler                      0x0000016f   Thumb Code     0  startup_ht32f165x.o(RESET)
    PDMA_CH1_IRQHandler                      0x0000016f   Thumb Code     0  startup_ht32f165x.o(RESET)
    PDMA_CH2_IRQHandler                      0x0000016f   Thumb Code     0  startup_ht32f165x.o(RESET)
    PDMA_CH3_IRQHandler                      0x0000016f   Thumb Code     0  startup_ht32f165x.o(RESET)
    PDMA_CH4_IRQHandler                      0x0000016f   Thumb Code     0  startup_ht32f165x.o(RESET)
    PDMA_CH5_IRQHandler                      0x0000016f   Thumb Code     0  startup_ht32f165x.o(RESET)
    PDMA_CH6_IRQHandler                      0x0000016f   Thumb Code     0  startup_ht32f165x.o(RESET)
    PDMA_CH7_IRQHandler                      0x0000016f   Thumb Code     0  startup_ht32f165x.o(RESET)
    RTC_IRQHandler                           0x0000016f   Thumb Code     0  startup_ht32f165x.o(RESET)
    SCI_IRQHandler                           0x0000016f   Thumb Code     0  startup_ht32f165x.o(RESET)
    SPI0_IRQHandler                          0x0000016f   Thumb Code     0  startup_ht32f165x.o(RESET)
    SPI1_IRQHandler                          0x0000016f   Thumb Code     0  startup_ht32f165x.o(RESET)
    UART0_IRQHandler                         0x0000016f   Thumb Code     0  startup_ht32f165x.o(RESET)
    UART1_IRQHandler                         0x0000016f   Thumb Code     0  startup_ht32f165x.o(RESET)
    USART1_IRQHandler                        0x0000016f   Thumb Code     0  startup_ht32f165x.o(RESET)
    USB_IRQHandler                           0x0000016f   Thumb Code     0  startup_ht32f165x.o(RESET)
    WDT_IRQHandler                           0x0000016f   Thumb Code     0  startup_ht32f165x.o(RESET)
    __main                                   0x00000179   Thumb Code     0  entry.o(.ARM.Collect$$$$00000000)
    _main_stk                                0x00000179   Thumb Code     0  entry2.o(.ARM.Collect$$$$00000001)
    _main_scatterload                        0x0000017d   Thumb Code     0  entry5.o(.ARM.Collect$$$$00000004)
    __main_after_scatterload                 0x00000181   Thumb Code     0  entry5.o(.ARM.Collect$$$$00000004)
    _main_clock                              0x00000181   Thumb Code     0  entry7b.o(.ARM.Collect$$$$00000008)
    _main_cpp_init                           0x00000181   Thumb Code     0  entry8b.o(.ARM.Collect$$$$0000000A)
    _main_init                               0x00000181   Thumb Code     0  entry9a.o(.ARM.Collect$$$$0000000B)
    __rt_final_cpp                           0x00000189   Thumb Code     0  entry10a.o(.ARM.Collect$$$$0000000D)
    __rt_final_exit                          0x00000189   Thumb Code     0  entry11a.o(.ARM.Collect$$$$0000000F)
    __aeabi_memcpy                           0x0000018d   Thumb Code    36  memcpya.o(.text)
    __aeabi_memcpy4                          0x0000018d   Thumb Code     0  memcpya.o(.text)
    __aeabi_memcpy8                          0x0000018d   Thumb Code     0  memcpya.o(.text)
    __aeabi_fadd                             0x000001b1   Thumb Code   164  fadd.o(.text)
    __aeabi_fsub                             0x00000255   Thumb Code     6  fadd.o(.text)
    __aeabi_frsub                            0x0000025b   Thumb Code     6  fadd.o(.text)
    __aeabi_fmul                             0x00000261   Thumb Code   100  fmul.o(.text)
    __aeabi_fdiv                             0x000002c5   Thumb Code   124  fdiv.o(.text)
    __aeabi_dmul                             0x00000341   Thumb Code   228  dmul.o(.text)
    __aeabi_i2f                              0x00000425   Thumb Code    18  fflti.o(.text)
    __aeabi_ui2f                             0x00000437   Thumb Code    10  ffltui.o(.text)
    __aeabi_ui2d                             0x00000441   Thumb Code    26  dfltui.o(.text)
    __aeabi_f2iz                             0x0000045b   Thumb Code    50  ffixi.o(.text)
    __aeabi_d2f                              0x0000048d   Thumb Code    56  d2f.o(.text)
    __aeabi_cfcmpeq                          0x000004c5   Thumb Code     0  cfcmple.o(.text)
    __aeabi_cfcmple                          0x000004c5   Thumb Code    20  cfcmple.o(.text)
    __aeabi_cfrcmple                         0x000004d9   Thumb Code    20  cfrcmple.o(.text)
    __I$use$fp                               0x000004ed   Thumb Code     0  iusefp.o(.text)
    _float_round                             0x000004ed   Thumb Code    18  fepilogue.o(.text)
    _float_epilogue                          0x000004ff   Thumb Code    92  fepilogue.o(.text)
    _double_round                            0x0000055b   Thumb Code    30  depilogue.o(.text)
    _double_epilogue                         0x00000579   Thumb Code   156  depilogue.o(.text)
    __scatterload                            0x00000615   Thumb Code    28  init.o(.text)
    __scatterload_rt2                        0x00000615   Thumb Code     0  init.o(.text)
    __aeabi_llsl                             0x00000639   Thumb Code    30  llshl.o(.text)
    _ll_shift_l                              0x00000639   Thumb Code     0  llshl.o(.text)
    __aeabi_llsr                             0x00000657   Thumb Code    32  llushr.o(.text)
    _ll_ushift_r                             0x00000657   Thumb Code     0  llushr.o(.text)
    ADC_RegularChannelConfig                 0x00000677   Thumb Code    34  ht32f1655_56_adc.o(i.ADC_RegularChannelConfig)
    ADC_RegularGroupConfig                   0x00000699   Thumb Code    22  ht32f1655_56_adc.o(i.ADC_RegularGroupConfig)
    ADC_RegularTrigConfig                    0x000006af   Thumb Code    12  ht32f1655_56_adc.o(i.ADC_RegularTrigConfig)
    ADC_SoftwareStartConvCmd                 0x000006bb   Thumb Code    24  ht32f1655_56_adc.o(i.ADC_SoftwareStartConvCmd)
    AFIO_GPxConfig                           0x000006d5   Thumb Code    94  ht32f1655_56_gpio.o(i.AFIO_GPxConfig)
    BFTM0_IRQHandler                         0x00000739   Thumb Code   244  ht32f165x_it.o(i.BFTM0_IRQHandler)
    BFTM_ClearFlag                           0x00000855   Thumb Code    14  ht32f1655_56_bftm.o(i.BFTM_ClearFlag)
    BFTM_EnaCmd                              0x00000863   Thumb Code    20  ht32f1655_56_bftm.o(i.BFTM_EnaCmd)
    BFTM_IntConfig                           0x00000877   Thumb Code    20  ht32f1655_56_bftm.o(i.BFTM_IntConfig)
    BFTM_SetCompare                          0x0000088b   Thumb Code     4  ht32f1655_56_bftm.o(i.BFTM_SetCompare)
    BFTM_SetCounter                          0x0000088f   Thumb Code     4  ht32f1655_56_bftm.o(i.BFTM_SetCounter)
    CKCU_GetClocksFrequency                  0x00000895   Thumb Code    76  ht32f1655_56_ckcu.o(i.CKCU_GetClocksFrequency)
    CKCU_GetPLLFrequency                     0x000008e9   Thumb Code    52  ht32f1655_56_ckcu.o(i.CKCU_GetPLLFrequency)
    CKCU_GetUSARTClockFreq                   0x00000929   Thumb Code    16  ht32f1655_56_ckcu.o(i.CKCU_GetUSARTClockFreq)
    CKCU_PeripClockConfig                    0x00000939   Thumb Code    32  ht32f1655_56_ckcu.o(i.CKCU_PeripClockConfig)
    CKCU_SetADCPrescaler                     0x0000095d   Thumb Code    16  ht32f1655_56_ckcu.o(i.CKCU_SetADCPrescaler)
    CalulateCRC                              0x00000971   Thumb Code   102  rc522.o(i.CalulateCRC)
    ClearBitMask                             0x000009d7   Thumb Code    24  rc522.o(i.ClearBitMask)
    DIR_Init                                 0x000009f1   Thumb Code   214  controll_main.o(i.DIR_Init)
    Delay                                    0x00000ad1   Thumb Code    36  delay.o(i.Delay)
    Fuzzy                                    0x00000af9   Thumb Code   928  fuzzy.o(i.Fuzzy)
    GPIO_DirectionConfig                     0x00000ea1   Thumb Code    16  ht32f1655_56_gpio.o(i.GPIO_DirectionConfig)
    GPIO_InputConfig                         0x00000eb1   Thumb Code    16  ht32f1655_56_gpio.o(i.GPIO_InputConfig)
    GPIO_PullResistorConfig                  0x00000ec1   Thumb Code    40  ht32f1655_56_gpio.o(i.GPIO_PullResistorConfig)
    GPIO_ReadInBit                           0x00000ee9   Thumb Code    10  ht32f1655_56_gpio.o(i.GPIO_ReadInBit)
    GPIO_WriteOutBits                        0x00000ef3   Thumb Code    10  ht32f1655_56_gpio.o(i.GPIO_WriteOutBits)
    GPTM_Cmd                                 0x00000efd   Thumb Code    20  ht32f1655_56_gptm.o(i.GPTM_Cmd)
    GPTM_OutputInit                          0x00000f11   Thumb Code    88  ht32f1655_56_gptm.o(i.GPTM_OutputInit)
    GPTM_OutputStructInit                    0x00000f69   Thumb Code    16  ht32f1655_56_gptm.o(i.GPTM_OutputStructInit)
    GPTM_SetCounterReload                    0x00000f79   Thumb Code     6  ht32f1655_56_gptm.o(i.GPTM_SetCounterReload)
    GPTM_TimeBaseInit                        0x00000f7f   Thumb Code    42  ht32f1655_56_gptm.o(i.GPTM_TimeBaseInit)
    GPTM_TimeBaseStructInit                  0x00000fa9   Thumb Code    20  ht32f1655_56_gptm.o(i.GPTM_TimeBaseStructInit)
    INPUT_Line_Init                          0x00000fbd   Thumb Code   328  controll_main.o(i.INPUT_Line_Init)
    IRLED                                    0x00001109   Thumb Code    44  main.o(i.IRLED)
    M500PcdConfigISOType                     0x00001141   Thumb Code    90  rc522.o(i.M500PcdConfigISOType)
    MCTM_CHMOECmd                            0x0000119b   Thumb Code    20  ht32f1655_56_mctm.o(i.MCTM_CHMOECmd)
    MCTM_Cmd                                 0x000011af   Thumb Code    20  ht32f1655_56_mctm.o(i.MCTM_Cmd)
    MCTM_OutputInit                          0x000011c3   Thumb Code   126  ht32f1655_56_mctm.o(i.MCTM_OutputInit)
    MCTM_SetCounterReload                    0x00001241   Thumb Code     6  ht32f1655_56_mctm.o(i.MCTM_SetCounterReload)
    MCTM_TimeBaseInit                        0x00001247   Thumb Code    48  ht32f1655_56_mctm.o(i.MCTM_TimeBaseInit)
    PcdAntennaOn                             0x0000128d   Thumb Code    26  rc522.o(i.PcdAntennaOn)
    PcdAnticoll                              0x000012a7   Thumb Code   108  rc522.o(i.PcdAnticoll)
    PcdAuthState                             0x00001313   Thumb Code    84  rc522.o(i.PcdAuthState)
    PcdComMF522                              0x00001367   Thumb Code   274  rc522.o(i.PcdComMF522)
    PcdRead                                  0x00001479   Thumb Code    76  rc522.o(i.PcdRead)
    PcdRequest                               0x000014c5   Thumb Code    82  rc522.o(i.PcdRequest)
    PcdReset                                 0x00001519   Thumb Code   120  rc522.o(i.PcdReset)
    PcdSelect                                0x00001595   Thumb Code   100  rc522.o(i.PcdSelect)
    RC522_Control_IO_Init                    0x000015f9   Thumb Code   134  rc522.o(i.RC522_Control_IO_Init)
    RFID_read                                0x00001685   Thumb Code   108  main.o(i.RFID_read)
    ReadData                                 0x000016fd   Thumb Code   136  controll_main.o(i.ReadData)
    ReadRawRC                                0x0000178d   Thumb Code   172  rc522.o(i.ReadRawRC)
    RfidCardRead                             0x0000183d   Thumb Code    82  app_com.o(i.RfidCardRead)
    SYSTICK_ClockSourceConfig                0x000018a5   Thumb Code    24  ht32_cm3_misc.o(i.SYSTICK_ClockSourceConfig)
    SYSTICK_CounterCmd                       0x000018bd   Thumb Code    32  ht32_cm3_misc.o(i.SYSTICK_CounterCmd)
    SYSTICK_IntConfig                        0x000018dd   Thumb Code    24  ht32_cm3_misc.o(i.SYSTICK_IntConfig)
    SYSTICK_SetReloadValue                   0x000018f5   Thumb Code     8  ht32_cm3_misc.o(i.SYSTICK_SetReloadValue)
    SetBitMask                               0x000018fd   Thumb Code    24  rc522.o(i.SetBitMask)
    Start_serving                            0x00001915   Thumb Code    62  ht32f165x_it.o(i.Start_serving)
    SysTick_Handler                          0x00001961   Thumb Code     4  ht32f165x_it.o(i.SysTick_Handler)
    SystemInit                               0x00001965   Thumb Code    82  system_ht32f165x.o(i.SystemInit)
    System_Init                              0x000019c5   Thumb Code    16  controll_main.o(i.System_Init)
    TimingDelay                              0x000019d9   Thumb Code    16  delay.o(i.TimingDelay)
    UART_other                               0x000019ed   Thumb Code    76  my_interruput.o(i.UART_other)
    USART0_IRQHandler                        0x00001a41   Thumb Code   328  my_interruput.o(i.USART0_IRQHandler)
    USART_FIFOReset                          0x00001b99   Thumb Code     8  ht32f1655_56_usart.o(i.USART_FIFOReset)
    USART_Init                               0x00001ba1   Thumb Code    52  ht32f1655_56_usart.o(i.USART_Init)
    USART_IntConfig                          0x00001bd5   Thumb Code    16  ht32f1655_56_usart.o(i.USART_IntConfig)
    USART_Interrupt_Init                     0x00001be5   Thumb Code   130  my_interruput.o(i.USART_Interrupt_Init)
    USART_RFITLConfig                        0x00001c67   Thumb Code    12  ht32f1655_56_usart.o(i.USART_RFITLConfig)
    USART_ReceiveData                        0x00001c73   Thumb Code     6  ht32f1655_56_usart.o(i.USART_ReceiveData)
    USART_RxCmd                              0x00001c79   Thumb Code    20  ht32f1655_56_usart.o(i.USART_RxCmd)
    USART_SendData                           0x00001c8d   Thumb Code     4  ht32f1655_56_usart.o(i.USART_SendData)
    USART_TFITLConfig                        0x00001c91   Thumb Code    12  ht32f1655_56_usart.o(i.USART_TFITLConfig)
    USART_TxCmd                              0x00001c9d   Thumb Code    20  ht32f1655_56_usart.o(i.USART_TxCmd)
    WriteRawRC                               0x00001cb1   Thumb Code   170  rc522.o(i.WriteRawRC)
    __scatterload_copy                       0x00001d61   Thumb Code    14  handlers.o(i.__scatterload_copy)
    __scatterload_null                       0x00001d6f   Thumb Code     2  handlers.o(i.__scatterload_null)
    __scatterload_zeroinit                   0x00001d71   Thumb Code    14  handlers.o(i.__scatterload_zeroinit)
    adc_init                                 0x00001d81   Thumb Code    64  controll_main.o(i.adc_init)
    backwait                                 0x00001dc5   Thumb Code    54  ht32f165x_it.o(i.backwait)
    charging                                 0x00001e09   Thumb Code    54  ht32f165x_it.o(i.charging)
    chose_music                              0x00001e4d   Thumb Code    42  voice.o(i.chose_music)
    control_line                             0x00001e81   Thumb Code   440  ht32f165x_it.o(i.control_line)
    delay_init                               0x00002061   Thumb Code    28  delay.o(i.delay_init)
    dodge                                    0x0000207d   Thumb Code   440  ht32f165x_it.o(i.dodge)
    infrared_init                            0x00002255   Thumb Code    52  controll_main.o(i.infrared_init)
    insert_filemusic                         0x0000228d   Thumb Code    42  voice.o(i.insert_filemusic)
    led_display                              0x000022c1   Thumb Code   184  controll_main.o(i.led_display)
    main                                     0x00002381   Thumb Code   290  main.o(i.main)
    my_abs                                   0x000024d5   Thumb Code     8  ht32f165x_it.o(i.my_abs)
    pwm1_init                                0x000024dd   Thumb Code   134  controll_main.o(i.pwm1_init)
    pwm2_init                                0x0000256d   Thumb Code   116  controll_main.o(i.pwm2_init)
    status_res                               0x000025e9   Thumb Code    86  ht32f165x_it.o(i.status_res)
    step_control                             0x00002651   Thumb Code   114  controll_main.o(i.step_control)
    stop                                     0x000026c9   Thumb Code    14  ht32f165x_it.o(i.stop)
    turn_RI                                  0x000026dd   Thumb Code   252  ht32f165x_it.o(i.turn_RI)
    turn_back                                0x000027f9   Thumb Code   330  ht32f165x_it.o(i.turn_back)
    usart0_init                              0x00002961   Thumb Code    52  uart.o(i.usart0_init)
    usart1_init                              0x00002995   Thumb Code   122  uart.o(i.usart1_init)
    usart_status                             0x00002a19   Thumb Code    64  ht32f165x_it.o(i.usart_status)
    usart_status1                            0x00002a5d   Thumb Code    62  main.o(i.usart_status1)
    Region$$Table$$Base                      0x00002ca0   Number         0  anon$$obj.o(Region$$Table)
    Region$$Table$$Limit                     0x00002cc0   Number         0  anon$$obj.o(Region$$Table)
    time_count                               0x20000000   Data           1  main.o(.data)
    send_dis                                 0x20000001   Data           1  main.o(.data)
    play_music_flag                          0x20000002   Data           1  main.o(.data)
    stop_flag                                0x20000003   Data           1  main.o(.data)
    cur_landmark                             0x20000004   Data           1  main.o(.data)
    DataBlockAddr                            0x20000005   Data           1  main.o(.data)
    gPotentiometerLevel                      0x20000006   Data           2  main.o(.data)
    adc_value                                0x20000008   Data           4  main.o(.data)
    current_state2                           0x2000000c   Data           7  main.o(.data)
    DefaultKey                               0x20000013   Data           6  main.o(.data)
    MLastSelectedSnr                         0x20000019   Data           4  main.o(.data)
    atq                                      0x2000001d   Data           2  main.o(.data)
    ControlBlockAddr                         0x2000001f   Data           1  main.o(.data)
    status_flag                              0x20000020   Data           1  ht32f165x_it.o(.data)
    task_ok                                  0x20000021   Data           1  ht32f165x_it.o(.data)
    USART_send_flag                          0x20000022   Data           1  ht32f165x_it.o(.data)
    turn_back_complete_flag                  0x20000023   Data           1  ht32f165x_it.o(.data)
    complete_dodge_back_flag                 0x20000024   Data           1  ht32f165x_it.o(.data)
    complete_dodge_flag                      0x20000025   Data           1  ht32f165x_it.o(.data)
    check_bit1                               0x20000026   Data           1  ht32f165x_it.o(.data)
    time5ms                                  0x20000027   Data           1  ht32f165x_it.o(.data)
    number_x                                 0x20000028   Data           1  ht32f165x_it.o(.data)
    pwm1_truevalue                           0x2000002c   Data           4  ht32f165x_it.o(.data)
    pwm2_truevalue                           0x20000030   Data           4  ht32f165x_it.o(.data)
    pwm1_value                               0x20000034   Data           4  ht32f165x_it.o(.data)
    pwm2_value                               0x20000038   Data           4  ht32f165x_it.o(.data)
    val_err_L                                0x2000003c   Data           4  ht32f165x_it.o(.data)
    val_err                                  0x20000040   Data           4  ht32f165x_it.o(.data)
    val_err_R                                0x20000044   Data           4  ht32f165x_it.o(.data)
    waiting_time                             0x20000048   Data           4  ht32f165x_it.o(.data)
    back_flag                                0x2000004c   Data           4  ht32f165x_it.o(.data)
    timer_5ms_count                          0x20000050   Data           4  ht32f165x_it.o(.data)
    cover_time                               0x20000054   Data           4  ht32f165x_it.o(.data)
    turn_time                                0x20000058   Data           4  ht32f165x_it.o(.data)
    fuzzy_value                              0x2000005c   Data           4  ht32f165x_it.o(.data)
    err1                                     0x20000060   Data           4  ht32f165x_it.o(.data)
    err1_last                                0x20000064   Data           4  ht32f165x_it.o(.data)
    err_ec                                   0x20000068   Data           4  ht32f165x_it.o(.data)
    current_state                            0x2000006c   Data           7  ht32f165x_it.o(.data)
    answer                                   0x20000073   Data           1  ht32f165x_it.o(.data)
    recv1_data_p                             0x20000074   Data           1  my_interruput.o(.data)
    recv1_data_ok                            0x20000075   Data           1  my_interruput.o(.data)
    recv1_data_ok1                           0x20000076   Data           1  my_interruput.o(.data)
    curve_number                             0x20000077   Data           1  my_interruput.o(.data)
    UR0TxReadIndex                           0x20000078   Data           4  my_interruput.o(.data)
    UR0TxWriteIndex                          0x2000007c   Data           4  my_interruput.o(.data)
    recvl_data_err                           0x20000080   Data           9  my_interruput.o(.data)
    data                                     0x2000008c   Data           1  controll_main.o(.data)
    IO_data                                  0x2000008d   Data           1  controll_main.o(.data)
    wCRR                                     0x20000090   Data           4  controll_main.o(.data)
    err                                      0x20000094   Data           4  controll_main.o(.data)
    music_num                                0x20000098   Data           7  voice.o(.data)
    insert_music                             0x2000009f   Data           7  voice.o(.data)
    SystemCoreClock                          0x200000a8   Data           4  system_ht32f165x.o(.data)
    CardRecBuffer                            0x200000b0   Data          16  main.o(.bss)
    food_buffer                              0x200000c0   Data         131  my_interruput.o(.bss)
    walk_route                               0x20000143   Data         131  my_interruput.o(.bss)
    recv_buffer                              0x200001c6   Data         131  my_interruput.o(.bss)
    lastrecv_buffer                          0x20000249   Data         131  my_interruput.o(.bss)
    UR0TxBuf                                 0x200002cc   Data         128  my_interruput.o(.bss)
    __initial_sp                             0x20000550   Data           0  startup_ht32f165x.o(STACK)



==============================================================================

Memory Map of the image

  Image Entry point : 0x00000155

  Load Region LR_1 (Base: 0x00000000, Size: 0x00002d70, Max: 0xffffffff, ABSOLUTE)

    Execution Region ER_RO (Base: 0x00000000, Size: 0x00002cc0, Max: 0xffffffff, ABSOLUTE)

    Base Addr    Size         Type   Attr      Idx    E Section Name        Object

    0x00000000   0x00000178   Code   RO          600  * RESET               startup_ht32f165x.o
    0x00000178   0x00000000   Code   RO         4900  * .ARM.Collect$$$$00000000  mc_w.l(entry.o)
    0x00000178   0x00000004   Code   RO         4929    .ARM.Collect$$$$00000001  mc_w.l(entry2.o)
    0x0000017c   0x00000004   Code   RO         4932    .ARM.Collect$$$$00000004  mc_w.l(entry5.o)
    0x00000180   0x00000000   Code   RO         4934    .ARM.Collect$$$$00000008  mc_w.l(entry7b.o)
    0x00000180   0x00000000   Code   RO         4936    .ARM.Collect$$$$0000000A  mc_w.l(entry8b.o)
    0x00000180   0x00000008   Code   RO         4937    .ARM.Collect$$$$0000000B  mc_w.l(entry9a.o)
    0x00000188   0x00000000   Code   RO         4939    .ARM.Collect$$$$0000000D  mc_w.l(entry10a.o)
    0x00000188   0x00000000   Code   RO         4941    .ARM.Collect$$$$0000000F  mc_w.l(entry11a.o)
    0x00000188   0x00000004   Code   RO         4930    .ARM.Collect$$$$00002712  mc_w.l(entry2.o)
    0x0000018c   0x00000024   Code   RO         4903    .text               mc_w.l(memcpya.o)
    0x000001b0   0x000000b0   Code   RO         4907    .text               mf_w.l(fadd.o)
    0x00000260   0x00000064   Code   RO         4909    .text               mf_w.l(fmul.o)
    0x000002c4   0x0000007c   Code   RO         4911    .text               mf_w.l(fdiv.o)
    0x00000340   0x000000e4   Code   RO         4913    .text               mf_w.l(dmul.o)
    0x00000424   0x00000012   Code   RO         4915    .text               mf_w.l(fflti.o)
    0x00000436   0x0000000a   Code   RO         4917    .text               mf_w.l(ffltui.o)
    0x00000440   0x0000001a   Code   RO         4919    .text               mf_w.l(dfltui.o)
    0x0000045a   0x00000032   Code   RO         4921    .text               mf_w.l(ffixi.o)
    0x0000048c   0x00000038   Code   RO         4923    .text               mf_w.l(d2f.o)
    0x000004c4   0x00000014   Code   RO         4925    .text               mf_w.l(cfcmple.o)
    0x000004d8   0x00000014   Code   RO         4927    .text               mf_w.l(cfrcmple.o)
    0x000004ec   0x00000000   Code   RO         4943    .text               mc_w.l(iusefp.o)
    0x000004ec   0x0000006e   Code   RO         4944    .text               mf_w.l(fepilogue.o)
    0x0000055a   0x000000ba   Code   RO         4946    .text               mf_w.l(depilogue.o)
    0x00000614   0x00000024   Code   RO         4948    .text               mc_w.l(init.o)
    0x00000638   0x0000001e   Code   RO         4950    .text               mc_w.l(llshl.o)
    0x00000656   0x00000020   Code   RO         4952    .text               mc_w.l(llushr.o)
    0x00000676   0x00000022   Code   RO          777    i.ADC_RegularChannelConfig  ht32f1655_56_adc.o
    0x00000698   0x00000016   Code   RO          778    i.ADC_RegularGroupConfig  ht32f1655_56_adc.o
    0x000006ae   0x0000000c   Code   RO          779    i.ADC_RegularTrigConfig  ht32f1655_56_adc.o
    0x000006ba   0x00000018   Code   RO          781    i.ADC_SoftwareStartConvCmd  ht32f1655_56_adc.o
    0x000006d2   0x00000002   PAD
    0x000006d4   0x00000064   Code   RO         1616    i.AFIO_GPxConfig    ht32f1655_56_gpio.o
    0x00000738   0x0000011c   Code   RO          225    i.BFTM0_IRQHandler  ht32f165x_it.o
    0x00000854   0x0000000e   Code   RO          906    i.BFTM_ClearFlag    ht32f1655_56_bftm.o
    0x00000862   0x00000014   Code   RO          908    i.BFTM_EnaCmd       ht32f1655_56_bftm.o
    0x00000876   0x00000014   Code   RO          912    i.BFTM_IntConfig    ht32f1655_56_bftm.o
    0x0000088a   0x00000004   Code   RO          914    i.BFTM_SetCompare   ht32f1655_56_bftm.o
    0x0000088e   0x00000004   Code   RO          915    i.BFTM_SetCounter   ht32f1655_56_bftm.o
    0x00000892   0x00000002   PAD
    0x00000894   0x00000054   Code   RO          993    i.CKCU_GetClocksFrequency  ht32f1655_56_ckcu.o
    0x000008e8   0x00000040   Code   RO          995    i.CKCU_GetPLLFrequency  ht32f1655_56_ckcu.o
    0x00000928   0x00000010   Code   RO          997    i.CKCU_GetUSARTClockFreq  ht32f1655_56_ckcu.o
    0x00000938   0x00000024   Code   RO         1008    i.CKCU_PeripClockConfig  ht32f1655_56_ckcu.o
    0x0000095c   0x00000014   Code   RO         1009    i.CKCU_SetADCPrescaler  ht32f1655_56_ckcu.o
    0x00000970   0x00000066   Code   RO         4701    i.CalulateCRC       rc522.o
    0x000009d6   0x00000018   Code   RO         4702    i.ClearBitMask      rc522.o
    0x000009ee   0x00000002   PAD
    0x000009f0   0x000000e0   Code   RO          429    i.DIR_Init          controll_main.o
    0x00000ad0   0x00000028   Code   RO         4836    i.Delay             delay.o
    0x00000af8   0x000003a8   Code   RO         4874    i.Fuzzy             fuzzy.o
    0x00000ea0   0x00000010   Code   RO         1619    i.GPIO_DirectionConfig  ht32f1655_56_gpio.o
    0x00000eb0   0x00000010   Code   RO         1621    i.GPIO_InputConfig  ht32f1655_56_gpio.o
    0x00000ec0   0x00000028   Code   RO         1626    i.GPIO_PullResistorConfig  ht32f1655_56_gpio.o
    0x00000ee8   0x0000000a   Code   RO         1627    i.GPIO_ReadInBit    ht32f1655_56_gpio.o
    0x00000ef2   0x0000000a   Code   RO         1632    i.GPIO_WriteOutBits  ht32f1655_56_gpio.o
    0x00000efc   0x00000014   Code   RO         1780    i.GPTM_Cmd          ht32f1655_56_gptm.o
    0x00000f10   0x00000058   Code   RO         1805    i.GPTM_OutputInit   ht32f1655_56_gptm.o
    0x00000f68   0x00000010   Code   RO         1807    i.GPTM_OutputStructInit  ht32f1655_56_gptm.o
    0x00000f78   0x00000006   Code   RO         1820    i.GPTM_SetCounterReload  ht32f1655_56_gptm.o
    0x00000f7e   0x0000002a   Code   RO         1825    i.GPTM_TimeBaseInit  ht32f1655_56_gptm.o
    0x00000fa8   0x00000014   Code   RO         1826    i.GPTM_TimeBaseStructInit  ht32f1655_56_gptm.o
    0x00000fbc   0x0000014c   Code   RO          430    i.INPUT_Line_Init   controll_main.o
    0x00001108   0x00000038   Code   RO            4    i.IRLED             main.o
    0x00001140   0x0000005a   Code   RO         4703    i.M500PcdConfigISOType  rc522.o
    0x0000119a   0x00000014   Code   RO         2437    i.MCTM_CHMOECmd     ht32f1655_56_mctm.o
    0x000011ae   0x00000014   Code   RO         2453    i.MCTM_Cmd          ht32f1655_56_mctm.o
    0x000011c2   0x0000007e   Code   RO         2478    i.MCTM_OutputInit   ht32f1655_56_mctm.o
    0x00001240   0x00000006   Code   RO         2493    i.MCTM_SetCounterReload  ht32f1655_56_mctm.o
    0x00001246   0x00000030   Code   RO         2498    i.MCTM_TimeBaseInit  ht32f1655_56_mctm.o
    0x00001276   0x00000016   Code   RO          335    i.NVIC_EnableIRQ    my_interruput.o
    0x0000128c   0x0000001a   Code   RO         4705    i.PcdAntennaOn      rc522.o
    0x000012a6   0x0000006c   Code   RO         4706    i.PcdAnticoll       rc522.o
    0x00001312   0x00000054   Code   RO         4707    i.PcdAuthState      rc522.o
    0x00001366   0x00000112   Code   RO         4709    i.PcdComMF522       rc522.o
    0x00001478   0x0000004c   Code   RO         4711    i.PcdRead           rc522.o
    0x000014c4   0x00000052   Code   RO         4712    i.PcdRequest        rc522.o
    0x00001516   0x00000002   PAD
    0x00001518   0x0000007c   Code   RO         4713    i.PcdReset          rc522.o
    0x00001594   0x00000064   Code   RO         4714    i.PcdSelect         rc522.o
    0x000015f8   0x0000008c   Code   RO         4716    i.RC522_Control_IO_Init  rc522.o
    0x00001684   0x00000078   Code   RO            5    i.RFID_read         main.o
    0x000016fc   0x00000090   Code   RO          431    i.ReadData          controll_main.o
    0x0000178c   0x000000b0   Code   RO         4717    i.ReadRawRC         rc522.o
    0x0000183c   0x00000068   Code   RO         4649    i.RfidCardRead      app_com.o
    0x000018a4   0x00000018   Code   RO          697    i.SYSTICK_ClockSourceConfig  ht32_cm3_misc.o
    0x000018bc   0x00000020   Code   RO          698    i.SYSTICK_CounterCmd  ht32_cm3_misc.o
    0x000018dc   0x00000018   Code   RO          699    i.SYSTICK_IntConfig  ht32_cm3_misc.o
    0x000018f4   0x00000008   Code   RO          700    i.SYSTICK_SetReloadValue  ht32_cm3_misc.o
    0x000018fc   0x00000018   Code   RO         4718    i.SetBitMask        rc522.o
    0x00001914   0x0000004c   Code   RO          226    i.Start_serving     ht32f165x_it.o
    0x00001960   0x00000004   Code   RO          227    i.SysTick_Handler   ht32f165x_it.o
    0x00001964   0x00000060   Code   RO          566    i.SystemInit        system_ht32f165x.o
    0x000019c4   0x00000014   Code   RO          432    i.System_Init       controll_main.o
    0x000019d8   0x00000014   Code   RO         4837    i.TimingDelay       delay.o
    0x000019ec   0x00000054   Code   RO          336    i.UART_other        my_interruput.o
    0x00001a40   0x00000158   Code   RO          337    i.USART0_IRQHandler  my_interruput.o
    0x00001b98   0x00000008   Code   RO         3550    i.USART_FIFOReset   ht32f1655_56_usart.o
    0x00001ba0   0x00000034   Code   RO         3558    i.USART_Init        ht32f1655_56_usart.o
    0x00001bd4   0x00000010   Code   RO         3559    i.USART_IntConfig   ht32f1655_56_usart.o
    0x00001be4   0x00000082   Code   RO          338    i.USART_Interrupt_Init  my_interruput.o
    0x00001c66   0x0000000c   Code   RO         3565    i.USART_RFITLConfig  ht32f1655_56_usart.o
    0x00001c72   0x00000006   Code   RO         3569    i.USART_ReceiveData  ht32f1655_56_usart.o
    0x00001c78   0x00000014   Code   RO         3570    i.USART_RxCmd       ht32f1655_56_usart.o
    0x00001c8c   0x00000004   Code   RO         3572    i.USART_SendData    ht32f1655_56_usart.o
    0x00001c90   0x0000000c   Code   RO         3582    i.USART_TFITLConfig  ht32f1655_56_usart.o
    0x00001c9c   0x00000014   Code   RO         3584    i.USART_TxCmd       ht32f1655_56_usart.o
    0x00001cb0   0x000000b0   Code   RO         4719    i.WriteRawRC        rc522.o
    0x00001d60   0x0000000e   Code   RO         4956    i.__scatterload_copy  mc_w.l(handlers.o)
    0x00001d6e   0x00000002   Code   RO         4957    i.__scatterload_null  mc_w.l(handlers.o)
    0x00001d70   0x0000000e   Code   RO         4958    i.__scatterload_zeroinit  mc_w.l(handlers.o)
    0x00001d7e   0x00000002   PAD
    0x00001d80   0x00000044   Code   RO          433    i.adc_init          controll_main.o
    0x00001dc4   0x00000044   Code   RO          228    i.backwait          ht32f165x_it.o
    0x00001e08   0x00000044   Code   RO          229    i.charging          ht32f165x_it.o
    0x00001e4c   0x00000034   Code   RO          528    i.chose_music       voice.o
    0x00001e80   0x000001e0   Code   RO          230    i.control_line      ht32f165x_it.o
    0x00002060   0x0000001c   Code   RO         4838    i.delay_init        delay.o
    0x0000207c   0x000001d8   Code   RO          231    i.dodge             ht32f165x_it.o
    0x00002254   0x00000038   Code   RO          434    i.infrared_init     controll_main.o
    0x0000228c   0x00000034   Code   RO          529    i.insert_filemusic  voice.o
    0x000022c0   0x000000c0   Code   RO          435    i.led_display       controll_main.o
    0x00002380   0x00000154   Code   RO            6    i.main              main.o
    0x000024d4   0x00000008   Code   RO          232    i.my_abs            ht32f165x_it.o
    0x000024dc   0x00000090   Code   RO          437    i.pwm1_init         controll_main.o
    0x0000256c   0x0000007c   Code   RO          438    i.pwm2_init         controll_main.o
    0x000025e8   0x00000068   Code   RO          233    i.status_res        ht32f165x_it.o
    0x00002650   0x00000078   Code   RO          439    i.step_control      controll_main.o
    0x000026c8   0x00000014   Code   RO          234    i.stop              ht32f165x_it.o
    0x000026dc   0x0000011c   Code   RO          235    i.turn_RI           ht32f165x_it.o
    0x000027f8   0x00000168   Code   RO          236    i.turn_back         ht32f165x_it.o
    0x00002960   0x00000034   Code   RO          394    i.usart0_init       uart.o
    0x00002994   0x00000084   Code   RO          395    i.usart1_init       uart.o
    0x00002a18   0x00000044   Code   RO          237    i.usart_status      ht32f165x_it.o
    0x00002a5c   0x00000044   Code   RO            7    i.usart_status1     main.o
    0x00002aa0   0x00000200   Data   RO         4876    .constdata          fuzzy.o
    0x00002ca0   0x00000020   Data   RO         4954    Region$$Table       anon$$obj.o


    Execution Region ER_RW (Base: 0x20000000, Size: 0x000000b0, Max: 0xffffffff, ABSOLUTE)

    Base Addr    Size         Type   Attr      Idx    E Section Name        Object

    0x20000000   0x00000013   Data   RW           14    .data               main.o
    0x20000013   0x00000006   Data   RW           20    .data               main.o
    0x20000019   0x00000004   Data   RW           21    .data               main.o
    0x2000001d   0x00000002   Data   RW           23    .data               main.o
    0x2000001f   0x00000001   Data   RW           24    .data               main.o
    0x20000020   0x00000053   Data   RW          238    .data               ht32f165x_it.o
    0x20000073   0x00000001   Data   RW          243    .data               ht32f165x_it.o
    0x20000074   0x00000015   Data   RW          343    .data               my_interruput.o
    0x20000089   0x00000003   PAD
    0x2000008c   0x0000000c   Data   RW          441    .data               controll_main.o
    0x20000098   0x0000000e   Data   RW          531    .data               voice.o
    0x200000a6   0x00000002   PAD
    0x200000a8   0x00000004   Data   RW          567    .data               system_ht32f165x.o
    0x200000ac   0x00000004   Data   RW         4839    .data               delay.o


    Execution Region ER_ZI (Base: 0x200000b0, Size: 0x000004a0, Max: 0xffffffff, ABSOLUTE)

    Base Addr    Size         Type   Attr      Idx    E Section Name        Object

    0x200000b0   0x00000010   Zero   RW            9    .bss                main.o
    0x200000c0   0x0000028c   Zero   RW          339    .bss                my_interruput.o
    0x2000034c   0x00000004   PAD
    0x20000350   0x00000200   Zero   RW          598    STACK               startup_ht32f165x.o


==============================================================================

Image component sizes


      Code (inc. data)   RO Data    RW Data    ZI Data      Debug   Object Name

       104         22          0          0          0        591   app_com.o
      1424         66          0         12          0       7031   controll_main.o
        88          8          0          4          0       1555   delay.o
       936          8        512          0          0       1456   fuzzy.o
        88          0          0          0          0       2306   ht32_cm3_misc.o
        92          0          0          0          0       3023   ht32f1655_56_adc.o
        62          0          0          0          0       3208   ht32f1655_56_bftm.o
       220         28          0          0          0      11047   ht32f1655_56_ckcu.o
       192          6          0          0          0       8642   ht32f1655_56_gpio.o
       192          0          0          0          0      12168   ht32f1655_56_gptm.o
       220          0          0          0          0      14038   ht32f1655_56_mctm.o
       150          0          0          0          0      12898   ht32f1655_56_usart.o
      2296        254          0         84          0      11761   ht32f165x_it.o
       584         80          0         32         16      72714   main.o
       580         24          0         21        652       4866   my_interruput.o
      1606         20          0          0          0      10249   rc522.o
       376        348          0          0        512        780   startup_ht32f165x.o
        96         14          0          4          0       1687   system_ht32f165x.o
       184         10          0          0          0       1044   uart.o
       104         20          0         14          0       1736   voice.o

    ----------------------------------------------------------------------
      9602        908        544        176       1184     182800   Object Totals
         0          0         32          0          0          0   (incl. Generated)
         8          0          0          5          4          0   (incl. Padding)

    ----------------------------------------------------------------------

      Code (inc. data)   RO Data    RW Data    ZI Data      Debug   Library Member Name

         0          0          0          0          0          0   entry.o
         0          0          0          0          0          0   entry10a.o
         0          0          0          0          0          0   entry11a.o
         8          4          0          0          0          0   entry2.o
         4          0          0          0          0          0   entry5.o
         0          0          0          0          0          0   entry7b.o
         0          0          0          0          0          0   entry8b.o
         8          4          0          0          0          0   entry9a.o
        30          0          0          0          0          0   handlers.o
        36          8          0          0          0         68   init.o
         0          0          0          0          0          0   iusefp.o
        30          0          0          0          0         68   llshl.o
        32          0          0          0          0         68   llushr.o
        36          0          0          0          0         68   memcpya.o
        20          0          0          0          0         68   cfcmple.o
        20          0          0          0          0         68   cfrcmple.o
        56          0          0          0          0         88   d2f.o
       186          0          0          0          0        176   depilogue.o
        26          0          0          0          0         76   dfltui.o
       228          0          0          0          0         96   dmul.o
       176          0          0          0          0        140   fadd.o
       124          0          0          0          0         88   fdiv.o
       110          0          0          0          0        168   fepilogue.o
        50          0          0          0          0         68   ffixi.o
        18          0          0          0          0         68   fflti.o
        10          0          0          0          0         68   ffltui.o
       100          0          0          0          0         76   fmul.o

    ----------------------------------------------------------------------
      1310         16          0          0          0       1520   Library Totals
         2          0          0          0          0          0   (incl. Padding)

    ----------------------------------------------------------------------

      Code (inc. data)   RO Data    RW Data    ZI Data      Debug   Library Name

       184         16          0          0          0        272   mc_w.l
      1124          0          0          0          0       1248   mf_w.l

    ----------------------------------------------------------------------
      1310         16          0          0          0       1520   Library Totals

    ----------------------------------------------------------------------

==============================================================================


      Code (inc. data)   RO Data    RW Data    ZI Data      Debug   

     10912        924        544        176       1184     178596   Grand Totals
     10912        924        544        176       1184     178596   ELF Image Totals
     10912        924        544        176          0          0   ROM Totals

==============================================================================

    Total RO  Size (Code + RO Data)                11456 (  11.19kB)
    Total RW  Size (RW Data + ZI Data)              1360 (   1.33kB)
    Total ROM Size (Code + RO Data + RW Data)      11632 (  11.36kB)

==============================================================================

