<html>
<body>
<pre>
<h1>µVision Build Log</h1>
<h2>Tool Versions:</h2>
IDE-Version: ¦ÌVision V5.14.0.0
Copyright (C) 2015 ARM Ltd and ARM Germany GmbH. All rights reserved.
License Information: zengwangfa zengwangfa, zengwangfa, LIC=0VR56-DM1R2-GNQA5-G77NV-AGN9A-037D3
 
Tool Versions:
Toolchain:       MDK-ARM Professional  Version: 5.14.0.0
Toolchain Path:  Z:\Software\Keil5\ARM\ARMCC\Bin
C Compiler:      Armcc.exe V5.05 update 1 (build 106)
Assembler:       Armasm.exe V5.05 update 1 (build 106)
Linker/Locator:  ArmLink.exe V5.05 update 1 (build 106)
Library Manager: ArmAr.exe V5.05 update 1 (build 106)
Hex Converter:   FromElf.exe V5.05 update 1 (build 106)
CPU DLL:         SARMCM3.DLL V5.14.0.0
Dialog DLL:      DCM.DLL V1.13.1.0
Target DLL:      Segger\JL2CM3.dll V2.99.13.0
Dialog DLL:      TCM.DLL V1.14.4.0
 
<h2>Project:</h2>
C:\Users\zengwangfa\Desktop\18ºÏÌ©-ÖÇÄÜ·äÏä\HT32 for din\mytest + ´®¿Ú\Example\MDK_ARM\Project.uvprojx
Project File Date:  04/26/2018

<h2>Output:</h2>
Build target 'HT32F1656_DVB'
compiling main.c...
..\main.c(66): warning:  #550-D: variable "USART_InitStructure" was set but never used
    USART_InitTypeDef USART_InitStructure;
..\main.c: 1 warning, 0 errors
linking...
Program Size: Code=2364 RO-data=16 RW-data=0 ZI-data=1240  
FromELF: creating hex file...
".\HT32F1656_DVB\Obj\HT32F1656_DVB.axf" - 0 Error(s), 1 Warning(s).

<h2>Software Packages used:</h2>

Package Vendor: ARM
                http://www.keil.com/pack/ARM.CMSIS.4.2.0.pack
                ARM::CMSIS:CORE:3.40.0
                CMSIS (Cortex Microcontroller Software Interface Standard)
   * Component: CORE Version: 3.40.0

<h2>Collection of Component include folders:</h2>
  C:\Users\zengwangfa\Desktop\18ºÏÌ©-ÖÇÄÜ·äÏä\HT32 for din\mytest + ´®¿Ú\Example\MDK_ARM\RTE
  Z:\Software\Keil5\ARM\PACK\ARM\CMSIS\4.2.0\CMSIS\Include
  Z:\Software\Keil5\ARM\PACK\Holtek\HT32_DFP\1.0.12

<h2>Collection of Component Files used:</h2>

   * Component: ARM::CMSIS:CORE:3.40.0
      Source file:   CMSIS\UserCodeTemplates\ARM\ITM_Retarget.c
</pre>
</body>
</html>
