<!doctype html public "-//w3c//dtd html 4.0 transitional//en">
<html><head>
<title>Static Call Graph - [.\HT32\Obj\HT32.axf]</title></head>
<body><HR>
<H1>Static Call Graph for image .\HT32\Obj\HT32.axf</H1><HR>
<BR><P>#&#060CALLGRAPH&#062# ARM Linker, 5050106: Last Updated: Mon Apr 30 23:42:29 2018
<BR><P>
<H3>Maximum Stack Usage =        136 bytes + Unknown(Cycles, Untraceable Function Pointers)</H3><H3>
Call chain for Maximum Stack Depth:</H3>
main &rArr; PCexchange &rArr; tack &rArr; getaction &rArr; Store &rArr; ZMoveback
<P>
<H3>
Mutually Recursive functions
</H3> <LI><a href="#[1]">NMI_Handler</a>&nbsp;&nbsp;&nbsp;&rArr;&nbsp;&nbsp;&nbsp;<a href="#[1]">NMI_Handler</a><BR>
 <LI><a href="#[2]">HardFault_Handler</a>&nbsp;&nbsp;&nbsp;&rArr;&nbsp;&nbsp;&nbsp;<a href="#[2]">HardFault_Handler</a><BR>
 <LI><a href="#[3]">MemManage_Handler</a>&nbsp;&nbsp;&nbsp;&rArr;&nbsp;&nbsp;&nbsp;<a href="#[3]">MemManage_Handler</a><BR>
 <LI><a href="#[4]">BusFault_Handler</a>&nbsp;&nbsp;&nbsp;&rArr;&nbsp;&nbsp;&nbsp;<a href="#[4]">BusFault_Handler</a><BR>
 <LI><a href="#[5]">UsageFault_Handler</a>&nbsp;&nbsp;&nbsp;&rArr;&nbsp;&nbsp;&nbsp;<a href="#[5]">UsageFault_Handler</a><BR>
 <LI><a href="#[6]">SVC_Handler</a>&nbsp;&nbsp;&nbsp;&rArr;&nbsp;&nbsp;&nbsp;<a href="#[6]">SVC_Handler</a><BR>
 <LI><a href="#[7]">DebugMon_Handler</a>&nbsp;&nbsp;&nbsp;&rArr;&nbsp;&nbsp;&nbsp;<a href="#[7]">DebugMon_Handler</a><BR>
 <LI><a href="#[8]">PendSV_Handler</a>&nbsp;&nbsp;&nbsp;&rArr;&nbsp;&nbsp;&nbsp;<a href="#[8]">PendSV_Handler</a><BR>
 <LI><a href="#[23]">ADC_IRQHandler</a>&nbsp;&nbsp;&nbsp;&rArr;&nbsp;&nbsp;&nbsp;<a href="#[23]">ADC_IRQHandler</a><BR>
</UL>
<P>
<H3>
Function Pointers
</H3><UL>
 <LI><a href="#[23]">ADC_IRQHandler</a> from startup_ht32f165x.o(RESET) referenced from startup_ht32f165x.o(RESET)
 <LI><a href="#[2e]">BFTM0_IRQHandler</a> from ht32f165x_it.o(i.BFTM0_IRQHandler) referenced from startup_ht32f165x.o(RESET)
 <LI><a href="#[2f]">BFTM1_IRQHandler</a> from ht32f165x_it.o(i.BFTM1_IRQHandler) referenced from startup_ht32f165x.o(RESET)
 <LI><a href="#[c]">BOD_IRQHandler</a> from startup_ht32f165x.o(RESET) referenced from startup_ht32f165x.o(RESET)
 <LI><a href="#[4]">BusFault_Handler</a> from startup_ht32f165x.o(RESET) referenced from startup_ht32f165x.o(RESET)
 <LI><a href="#[a]">CKRDY_IRQHandler</a> from startup_ht32f165x.o(RESET) referenced from startup_ht32f165x.o(RESET)
 <LI><a href="#[22]">COMP_IRQHandler</a> from startup_ht32f165x.o(RESET) referenced from startup_ht32f165x.o(RESET)
 <LI><a href="#[7]">DebugMon_Handler</a> from startup_ht32f165x.o(RESET) referenced from startup_ht32f165x.o(RESET)
 <LI><a href="#[43]">EBI_IRQHandler</a> from startup_ht32f165x.o(RESET) referenced from startup_ht32f165x.o(RESET)
 <LI><a href="#[10]">EVWUP_IRQHandler</a> from startup_ht32f165x.o(RESET) referenced from startup_ht32f165x.o(RESET)
 <LI><a href="#[12]">EXTI0_IRQHandler</a> from startup_ht32f165x.o(RESET) referenced from startup_ht32f165x.o(RESET)
 <LI><a href="#[1c]">EXTI10_IRQHandler</a> from startup_ht32f165x.o(RESET) referenced from startup_ht32f165x.o(RESET)
 <LI><a href="#[1d]">EXTI11_IRQHandler</a> from startup_ht32f165x.o(RESET) referenced from startup_ht32f165x.o(RESET)
 <LI><a href="#[1e]">EXTI12_IRQHandler</a> from startup_ht32f165x.o(RESET) referenced from startup_ht32f165x.o(RESET)
 <LI><a href="#[1f]">EXTI13_IRQHandler</a> from startup_ht32f165x.o(RESET) referenced from startup_ht32f165x.o(RESET)
 <LI><a href="#[20]">EXTI14_IRQHandler</a> from startup_ht32f165x.o(RESET) referenced from startup_ht32f165x.o(RESET)
 <LI><a href="#[21]">EXTI15_IRQHandler</a> from startup_ht32f165x.o(RESET) referenced from startup_ht32f165x.o(RESET)
 <LI><a href="#[13]">EXTI1_IRQHandler</a> from startup_ht32f165x.o(RESET) referenced from startup_ht32f165x.o(RESET)
 <LI><a href="#[14]">EXTI2_IRQHandler</a> from startup_ht32f165x.o(RESET) referenced from startup_ht32f165x.o(RESET)
 <LI><a href="#[15]">EXTI3_IRQHandler</a> from startup_ht32f165x.o(RESET) referenced from startup_ht32f165x.o(RESET)
 <LI><a href="#[16]">EXTI4_IRQHandler</a> from startup_ht32f165x.o(RESET) referenced from startup_ht32f165x.o(RESET)
 <LI><a href="#[17]">EXTI5_IRQHandler</a> from startup_ht32f165x.o(RESET) referenced from startup_ht32f165x.o(RESET)
 <LI><a href="#[18]">EXTI6_IRQHandler</a> from startup_ht32f165x.o(RESET) referenced from startup_ht32f165x.o(RESET)
 <LI><a href="#[19]">EXTI7_IRQHandler</a> from startup_ht32f165x.o(RESET) referenced from startup_ht32f165x.o(RESET)
 <LI><a href="#[1a]">EXTI8_IRQHandler</a> from startup_ht32f165x.o(RESET) referenced from startup_ht32f165x.o(RESET)
 <LI><a href="#[1b]">EXTI9_IRQHandler</a> from startup_ht32f165x.o(RESET) referenced from startup_ht32f165x.o(RESET)
 <LI><a href="#[f]">FLASH_IRQHandler</a> from startup_ht32f165x.o(RESET) referenced from startup_ht32f165x.o(RESET)
 <LI><a href="#[2c]">GPTM0_IRQHandler</a> from startup_ht32f165x.o(RESET) referenced from startup_ht32f165x.o(RESET)
 <LI><a href="#[2d]">GPTM1_IRQHandler</a> from startup_ht32f165x.o(RESET) referenced from startup_ht32f165x.o(RESET)
 <LI><a href="#[2]">HardFault_Handler</a> from startup_ht32f165x.o(RESET) referenced from startup_ht32f165x.o(RESET)
 <LI><a href="#[30]">I2C0_IRQHandler</a> from startup_ht32f165x.o(RESET) referenced from startup_ht32f165x.o(RESET)
 <LI><a href="#[31]">I2C1_IRQHandler</a> from startup_ht32f165x.o(RESET) referenced from startup_ht32f165x.o(RESET)
 <LI><a href="#[39]">I2S_IRQHandler</a> from startup_ht32f165x.o(RESET) referenced from startup_ht32f165x.o(RESET)
 <LI><a href="#[11]">LPWUP_IRQHandler</a> from startup_ht32f165x.o(RESET) referenced from startup_ht32f165x.o(RESET)
 <LI><a href="#[b]">LVD_IRQHandler</a> from startup_ht32f165x.o(RESET) referenced from startup_ht32f165x.o(RESET)
 <LI><a href="#[24]">MCTM0BRK_IRQHandler</a> from startup_ht32f165x.o(RESET) referenced from startup_ht32f165x.o(RESET)
 <LI><a href="#[27]">MCTM0CC_IRQHandler</a> from startup_ht32f165x.o(RESET) referenced from startup_ht32f165x.o(RESET)
 <LI><a href="#[26]">MCTM0TR_IRQHandler</a> from startup_ht32f165x.o(RESET) referenced from startup_ht32f165x.o(RESET)
 <LI><a href="#[25]">MCTM0UP_IRQHandler</a> from startup_ht32f165x.o(RESET) referenced from startup_ht32f165x.o(RESET)
 <LI><a href="#[28]">MCTM1BRK_IRQHandler</a> from startup_ht32f165x.o(RESET) referenced from startup_ht32f165x.o(RESET)
 <LI><a href="#[2b]">MCTM1CC_IRQHandler</a> from startup_ht32f165x.o(RESET) referenced from startup_ht32f165x.o(RESET)
 <LI><a href="#[2a]">MCTM1TR_IRQHandler</a> from startup_ht32f165x.o(RESET) referenced from startup_ht32f165x.o(RESET)
 <LI><a href="#[29]">MCTM1UP_IRQHandler</a> from startup_ht32f165x.o(RESET) referenced from startup_ht32f165x.o(RESET)
 <LI><a href="#[3]">MemManage_Handler</a> from startup_ht32f165x.o(RESET) referenced from startup_ht32f165x.o(RESET)
 <LI><a href="#[1]">NMI_Handler</a> from startup_ht32f165x.o(RESET) referenced from startup_ht32f165x.o(RESET)
 <LI><a href="#[3b]">PDMA_CH0_IRQHandler</a> from startup_ht32f165x.o(RESET) referenced from startup_ht32f165x.o(RESET)
 <LI><a href="#[3c]">PDMA_CH1_IRQHandler</a> from startup_ht32f165x.o(RESET) referenced from startup_ht32f165x.o(RESET)
 <LI><a href="#[3d]">PDMA_CH2_IRQHandler</a> from startup_ht32f165x.o(RESET) referenced from startup_ht32f165x.o(RESET)
 <LI><a href="#[3e]">PDMA_CH3_IRQHandler</a> from startup_ht32f165x.o(RESET) referenced from startup_ht32f165x.o(RESET)
 <LI><a href="#[3f]">PDMA_CH4_IRQHandler</a> from startup_ht32f165x.o(RESET) referenced from startup_ht32f165x.o(RESET)
 <LI><a href="#[40]">PDMA_CH5_IRQHandler</a> from startup_ht32f165x.o(RESET) referenced from startup_ht32f165x.o(RESET)
 <LI><a href="#[41]">PDMA_CH6_IRQHandler</a> from startup_ht32f165x.o(RESET) referenced from startup_ht32f165x.o(RESET)
 <LI><a href="#[42]">PDMA_CH7_IRQHandler</a> from startup_ht32f165x.o(RESET) referenced from startup_ht32f165x.o(RESET)
 <LI><a href="#[8]">PendSV_Handler</a> from startup_ht32f165x.o(RESET) referenced from startup_ht32f165x.o(RESET)
 <LI><a href="#[e]">RTC_IRQHandler</a> from startup_ht32f165x.o(RESET) referenced from startup_ht32f165x.o(RESET)
 <LI><a href="#[47]">Reset_Handler</a> from startup_ht32f165x.o(RESET) referenced from startup_ht32f165x.o(RESET)
 <LI><a href="#[38]">SCI_IRQHandler</a> from startup_ht32f165x.o(RESET) referenced from startup_ht32f165x.o(RESET)
 <LI><a href="#[32]">SPI0_IRQHandler</a> from startup_ht32f165x.o(RESET) referenced from startup_ht32f165x.o(RESET)
 <LI><a href="#[33]">SPI1_IRQHandler</a> from startup_ht32f165x.o(RESET) referenced from startup_ht32f165x.o(RESET)
 <LI><a href="#[6]">SVC_Handler</a> from startup_ht32f165x.o(RESET) referenced from startup_ht32f165x.o(RESET)
 <LI><a href="#[9]">SysTick_Handler</a> from ht32f165x_it.o(i.SysTick_Handler) referenced from startup_ht32f165x.o(RESET)
 <LI><a href="#[44]">SystemInit</a> from system_ht32f165x.o(i.SystemInit) referenced from startup_ht32f165x.o(RESET)
 <LI><a href="#[36]">UART0_IRQHandler</a> from my_interruput.o(i.UART0_IRQHandler) referenced from startup_ht32f165x.o(RESET)
 <LI><a href="#[37]">UART1_IRQHandler</a> from startup_ht32f165x.o(RESET) referenced from startup_ht32f165x.o(RESET)
 <LI><a href="#[34]">USART0_IRQHandler</a> from my_interruput.o(i.USART0_IRQHandler) referenced from startup_ht32f165x.o(RESET)
 <LI><a href="#[35]">USART1_IRQHandler</a> from startup_ht32f165x.o(RESET) referenced from startup_ht32f165x.o(RESET)
 <LI><a href="#[3a]">USB_IRQHandler</a> from startup_ht32f165x.o(RESET) referenced from startup_ht32f165x.o(RESET)
 <LI><a href="#[5]">UsageFault_Handler</a> from startup_ht32f165x.o(RESET) referenced from startup_ht32f165x.o(RESET)
 <LI><a href="#[d]">WDT_IRQHandler</a> from startup_ht32f165x.o(RESET) referenced from startup_ht32f165x.o(RESET)
 <LI><a href="#[45]">__main</a> from entry.o(.ARM.Collect$$$$00000000) referenced from startup_ht32f165x.o(RESET)
 <LI><a href="#[46]">main</a> from main.o(i.main) referenced from entry9a.o(.ARM.Collect$$$$0000000B)
</UL>
<P>
<H3>
Global Symbols
</H3>
<P><STRONG><a name="[47]"></a>Reset_Handler</STRONG> (Thumb, 8 bytes, Stack size 0 bytes, startup_ht32f165x.o(RESET))

<P><STRONG><a name="[1]"></a>NMI_Handler</STRONG> (Thumb, 2 bytes, Stack size 0 bytes, startup_ht32f165x.o(RESET))
<BR><BR>[Calls]<UL><LI><a href="#[1]">&gt;&gt;</a>&nbsp;&nbsp;&nbsp;NMI_Handler
</UL>
<BR>[Called By]<UL><LI><a href="#[1]">&gt;&gt;</a>&nbsp;&nbsp;&nbsp;NMI_Handler
</UL>
<BR>[Address Reference Count : 1]<UL><LI> startup_ht32f165x.o(RESET)
</UL>
<P><STRONG><a name="[2]"></a>HardFault_Handler</STRONG> (Thumb, 2 bytes, Stack size 0 bytes, startup_ht32f165x.o(RESET))
<BR><BR>[Calls]<UL><LI><a href="#[2]">&gt;&gt;</a>&nbsp;&nbsp;&nbsp;HardFault_Handler
</UL>
<BR>[Called By]<UL><LI><a href="#[2]">&gt;&gt;</a>&nbsp;&nbsp;&nbsp;HardFault_Handler
</UL>
<BR>[Address Reference Count : 1]<UL><LI> startup_ht32f165x.o(RESET)
</UL>
<P><STRONG><a name="[3]"></a>MemManage_Handler</STRONG> (Thumb, 2 bytes, Stack size 0 bytes, startup_ht32f165x.o(RESET))
<BR><BR>[Calls]<UL><LI><a href="#[3]">&gt;&gt;</a>&nbsp;&nbsp;&nbsp;MemManage_Handler
</UL>
<BR>[Called By]<UL><LI><a href="#[3]">&gt;&gt;</a>&nbsp;&nbsp;&nbsp;MemManage_Handler
</UL>
<BR>[Address Reference Count : 1]<UL><LI> startup_ht32f165x.o(RESET)
</UL>
<P><STRONG><a name="[4]"></a>BusFault_Handler</STRONG> (Thumb, 2 bytes, Stack size 0 bytes, startup_ht32f165x.o(RESET))
<BR><BR>[Calls]<UL><LI><a href="#[4]">&gt;&gt;</a>&nbsp;&nbsp;&nbsp;BusFault_Handler
</UL>
<BR>[Called By]<UL><LI><a href="#[4]">&gt;&gt;</a>&nbsp;&nbsp;&nbsp;BusFault_Handler
</UL>
<BR>[Address Reference Count : 1]<UL><LI> startup_ht32f165x.o(RESET)
</UL>
<P><STRONG><a name="[5]"></a>UsageFault_Handler</STRONG> (Thumb, 2 bytes, Stack size 0 bytes, startup_ht32f165x.o(RESET))
<BR><BR>[Calls]<UL><LI><a href="#[5]">&gt;&gt;</a>&nbsp;&nbsp;&nbsp;UsageFault_Handler
</UL>
<BR>[Called By]<UL><LI><a href="#[5]">&gt;&gt;</a>&nbsp;&nbsp;&nbsp;UsageFault_Handler
</UL>
<BR>[Address Reference Count : 1]<UL><LI> startup_ht32f165x.o(RESET)
</UL>
<P><STRONG><a name="[6]"></a>SVC_Handler</STRONG> (Thumb, 2 bytes, Stack size 0 bytes, startup_ht32f165x.o(RESET))
<BR><BR>[Calls]<UL><LI><a href="#[6]">&gt;&gt;</a>&nbsp;&nbsp;&nbsp;SVC_Handler
</UL>
<BR>[Called By]<UL><LI><a href="#[6]">&gt;&gt;</a>&nbsp;&nbsp;&nbsp;SVC_Handler
</UL>
<BR>[Address Reference Count : 1]<UL><LI> startup_ht32f165x.o(RESET)
</UL>
<P><STRONG><a name="[7]"></a>DebugMon_Handler</STRONG> (Thumb, 2 bytes, Stack size 0 bytes, startup_ht32f165x.o(RESET))
<BR><BR>[Calls]<UL><LI><a href="#[7]">&gt;&gt;</a>&nbsp;&nbsp;&nbsp;DebugMon_Handler
</UL>
<BR>[Called By]<UL><LI><a href="#[7]">&gt;&gt;</a>&nbsp;&nbsp;&nbsp;DebugMon_Handler
</UL>
<BR>[Address Reference Count : 1]<UL><LI> startup_ht32f165x.o(RESET)
</UL>
<P><STRONG><a name="[8]"></a>PendSV_Handler</STRONG> (Thumb, 2 bytes, Stack size 0 bytes, startup_ht32f165x.o(RESET))
<BR><BR>[Calls]<UL><LI><a href="#[8]">&gt;&gt;</a>&nbsp;&nbsp;&nbsp;PendSV_Handler
</UL>
<BR>[Called By]<UL><LI><a href="#[8]">&gt;&gt;</a>&nbsp;&nbsp;&nbsp;PendSV_Handler
</UL>
<BR>[Address Reference Count : 1]<UL><LI> startup_ht32f165x.o(RESET)
</UL>
<P><STRONG><a name="[23]"></a>ADC_IRQHandler</STRONG> (Thumb, 0 bytes, Stack size 0 bytes, startup_ht32f165x.o(RESET))
<BR><BR>[Calls]<UL><LI><a href="#[23]">&gt;&gt;</a>&nbsp;&nbsp;&nbsp;ADC_IRQHandler
</UL>
<BR>[Called By]<UL><LI><a href="#[23]">&gt;&gt;</a>&nbsp;&nbsp;&nbsp;ADC_IRQHandler
</UL>
<BR>[Address Reference Count : 1]<UL><LI> startup_ht32f165x.o(RESET)
</UL>
<P><STRONG><a name="[c]"></a>BOD_IRQHandler</STRONG> (Thumb, 0 bytes, Stack size 0 bytes, startup_ht32f165x.o(RESET))
<BR>[Address Reference Count : 1]<UL><LI> startup_ht32f165x.o(RESET)
</UL>
<P><STRONG><a name="[a]"></a>CKRDY_IRQHandler</STRONG> (Thumb, 0 bytes, Stack size 0 bytes, startup_ht32f165x.o(RESET))
<BR>[Address Reference Count : 1]<UL><LI> startup_ht32f165x.o(RESET)
</UL>
<P><STRONG><a name="[22]"></a>COMP_IRQHandler</STRONG> (Thumb, 0 bytes, Stack size 0 bytes, startup_ht32f165x.o(RESET))
<BR>[Address Reference Count : 1]<UL><LI> startup_ht32f165x.o(RESET)
</UL>
<P><STRONG><a name="[43]"></a>EBI_IRQHandler</STRONG> (Thumb, 0 bytes, Stack size 0 bytes, startup_ht32f165x.o(RESET))
<BR>[Address Reference Count : 1]<UL><LI> startup_ht32f165x.o(RESET)
</UL>
<P><STRONG><a name="[10]"></a>EVWUP_IRQHandler</STRONG> (Thumb, 0 bytes, Stack size 0 bytes, startup_ht32f165x.o(RESET))
<BR>[Address Reference Count : 1]<UL><LI> startup_ht32f165x.o(RESET)
</UL>
<P><STRONG><a name="[12]"></a>EXTI0_IRQHandler</STRONG> (Thumb, 0 bytes, Stack size 0 bytes, startup_ht32f165x.o(RESET))
<BR>[Address Reference Count : 1]<UL><LI> startup_ht32f165x.o(RESET)
</UL>
<P><STRONG><a name="[1c]"></a>EXTI10_IRQHandler</STRONG> (Thumb, 0 bytes, Stack size 0 bytes, startup_ht32f165x.o(RESET))
<BR>[Address Reference Count : 1]<UL><LI> startup_ht32f165x.o(RESET)
</UL>
<P><STRONG><a name="[1d]"></a>EXTI11_IRQHandler</STRONG> (Thumb, 0 bytes, Stack size 0 bytes, startup_ht32f165x.o(RESET))
<BR>[Address Reference Count : 1]<UL><LI> startup_ht32f165x.o(RESET)
</UL>
<P><STRONG><a name="[1e]"></a>EXTI12_IRQHandler</STRONG> (Thumb, 0 bytes, Stack size 0 bytes, startup_ht32f165x.o(RESET))
<BR>[Address Reference Count : 1]<UL><LI> startup_ht32f165x.o(RESET)
</UL>
<P><STRONG><a name="[1f]"></a>EXTI13_IRQHandler</STRONG> (Thumb, 0 bytes, Stack size 0 bytes, startup_ht32f165x.o(RESET))
<BR>[Address Reference Count : 1]<UL><LI> startup_ht32f165x.o(RESET)
</UL>
<P><STRONG><a name="[20]"></a>EXTI14_IRQHandler</STRONG> (Thumb, 0 bytes, Stack size 0 bytes, startup_ht32f165x.o(RESET))
<BR>[Address Reference Count : 1]<UL><LI> startup_ht32f165x.o(RESET)
</UL>
<P><STRONG><a name="[21]"></a>EXTI15_IRQHandler</STRONG> (Thumb, 0 bytes, Stack size 0 bytes, startup_ht32f165x.o(RESET))
<BR>[Address Reference Count : 1]<UL><LI> startup_ht32f165x.o(RESET)
</UL>
<P><STRONG><a name="[13]"></a>EXTI1_IRQHandler</STRONG> (Thumb, 0 bytes, Stack size 0 bytes, startup_ht32f165x.o(RESET))
<BR>[Address Reference Count : 1]<UL><LI> startup_ht32f165x.o(RESET)
</UL>
<P><STRONG><a name="[14]"></a>EXTI2_IRQHandler</STRONG> (Thumb, 0 bytes, Stack size 0 bytes, startup_ht32f165x.o(RESET))
<BR>[Address Reference Count : 1]<UL><LI> startup_ht32f165x.o(RESET)
</UL>
<P><STRONG><a name="[15]"></a>EXTI3_IRQHandler</STRONG> (Thumb, 0 bytes, Stack size 0 bytes, startup_ht32f165x.o(RESET))
<BR>[Address Reference Count : 1]<UL><LI> startup_ht32f165x.o(RESET)
</UL>
<P><STRONG><a name="[16]"></a>EXTI4_IRQHandler</STRONG> (Thumb, 0 bytes, Stack size 0 bytes, startup_ht32f165x.o(RESET))
<BR>[Address Reference Count : 1]<UL><LI> startup_ht32f165x.o(RESET)
</UL>
<P><STRONG><a name="[17]"></a>EXTI5_IRQHandler</STRONG> (Thumb, 0 bytes, Stack size 0 bytes, startup_ht32f165x.o(RESET))
<BR>[Address Reference Count : 1]<UL><LI> startup_ht32f165x.o(RESET)
</UL>
<P><STRONG><a name="[18]"></a>EXTI6_IRQHandler</STRONG> (Thumb, 0 bytes, Stack size 0 bytes, startup_ht32f165x.o(RESET))
<BR>[Address Reference Count : 1]<UL><LI> startup_ht32f165x.o(RESET)
</UL>
<P><STRONG><a name="[19]"></a>EXTI7_IRQHandler</STRONG> (Thumb, 0 bytes, Stack size 0 bytes, startup_ht32f165x.o(RESET))
<BR>[Address Reference Count : 1]<UL><LI> startup_ht32f165x.o(RESET)
</UL>
<P><STRONG><a name="[1a]"></a>EXTI8_IRQHandler</STRONG> (Thumb, 0 bytes, Stack size 0 bytes, startup_ht32f165x.o(RESET))
<BR>[Address Reference Count : 1]<UL><LI> startup_ht32f165x.o(RESET)
</UL>
<P><STRONG><a name="[1b]"></a>EXTI9_IRQHandler</STRONG> (Thumb, 0 bytes, Stack size 0 bytes, startup_ht32f165x.o(RESET))
<BR>[Address Reference Count : 1]<UL><LI> startup_ht32f165x.o(RESET)
</UL>
<P><STRONG><a name="[f]"></a>FLASH_IRQHandler</STRONG> (Thumb, 0 bytes, Stack size 0 bytes, startup_ht32f165x.o(RESET))
<BR>[Address Reference Count : 1]<UL><LI> startup_ht32f165x.o(RESET)
</UL>
<P><STRONG><a name="[2c]"></a>GPTM0_IRQHandler</STRONG> (Thumb, 0 bytes, Stack size 0 bytes, startup_ht32f165x.o(RESET))
<BR>[Address Reference Count : 1]<UL><LI> startup_ht32f165x.o(RESET)
</UL>
<P><STRONG><a name="[2d]"></a>GPTM1_IRQHandler</STRONG> (Thumb, 0 bytes, Stack size 0 bytes, startup_ht32f165x.o(RESET))
<BR>[Address Reference Count : 1]<UL><LI> startup_ht32f165x.o(RESET)
</UL>
<P><STRONG><a name="[30]"></a>I2C0_IRQHandler</STRONG> (Thumb, 0 bytes, Stack size 0 bytes, startup_ht32f165x.o(RESET))
<BR>[Address Reference Count : 1]<UL><LI> startup_ht32f165x.o(RESET)
</UL>
<P><STRONG><a name="[31]"></a>I2C1_IRQHandler</STRONG> (Thumb, 0 bytes, Stack size 0 bytes, startup_ht32f165x.o(RESET))
<BR>[Address Reference Count : 1]<UL><LI> startup_ht32f165x.o(RESET)
</UL>
<P><STRONG><a name="[39]"></a>I2S_IRQHandler</STRONG> (Thumb, 0 bytes, Stack size 0 bytes, startup_ht32f165x.o(RESET))
<BR>[Address Reference Count : 1]<UL><LI> startup_ht32f165x.o(RESET)
</UL>
<P><STRONG><a name="[11]"></a>LPWUP_IRQHandler</STRONG> (Thumb, 0 bytes, Stack size 0 bytes, startup_ht32f165x.o(RESET))
<BR>[Address Reference Count : 1]<UL><LI> startup_ht32f165x.o(RESET)
</UL>
<P><STRONG><a name="[b]"></a>LVD_IRQHandler</STRONG> (Thumb, 0 bytes, Stack size 0 bytes, startup_ht32f165x.o(RESET))
<BR>[Address Reference Count : 1]<UL><LI> startup_ht32f165x.o(RESET)
</UL>
<P><STRONG><a name="[24]"></a>MCTM0BRK_IRQHandler</STRONG> (Thumb, 0 bytes, Stack size 0 bytes, startup_ht32f165x.o(RESET))
<BR>[Address Reference Count : 1]<UL><LI> startup_ht32f165x.o(RESET)
</UL>
<P><STRONG><a name="[27]"></a>MCTM0CC_IRQHandler</STRONG> (Thumb, 0 bytes, Stack size 0 bytes, startup_ht32f165x.o(RESET))
<BR>[Address Reference Count : 1]<UL><LI> startup_ht32f165x.o(RESET)
</UL>
<P><STRONG><a name="[26]"></a>MCTM0TR_IRQHandler</STRONG> (Thumb, 0 bytes, Stack size 0 bytes, startup_ht32f165x.o(RESET))
<BR>[Address Reference Count : 1]<UL><LI> startup_ht32f165x.o(RESET)
</UL>
<P><STRONG><a name="[25]"></a>MCTM0UP_IRQHandler</STRONG> (Thumb, 0 bytes, Stack size 0 bytes, startup_ht32f165x.o(RESET))
<BR>[Address Reference Count : 1]<UL><LI> startup_ht32f165x.o(RESET)
</UL>
<P><STRONG><a name="[28]"></a>MCTM1BRK_IRQHandler</STRONG> (Thumb, 0 bytes, Stack size 0 bytes, startup_ht32f165x.o(RESET))
<BR>[Address Reference Count : 1]<UL><LI> startup_ht32f165x.o(RESET)
</UL>
<P><STRONG><a name="[2b]"></a>MCTM1CC_IRQHandler</STRONG> (Thumb, 0 bytes, Stack size 0 bytes, startup_ht32f165x.o(RESET))
<BR>[Address Reference Count : 1]<UL><LI> startup_ht32f165x.o(RESET)
</UL>
<P><STRONG><a name="[2a]"></a>MCTM1TR_IRQHandler</STRONG> (Thumb, 0 bytes, Stack size 0 bytes, startup_ht32f165x.o(RESET))
<BR>[Address Reference Count : 1]<UL><LI> startup_ht32f165x.o(RESET)
</UL>
<P><STRONG><a name="[29]"></a>MCTM1UP_IRQHandler</STRONG> (Thumb, 0 bytes, Stack size 0 bytes, startup_ht32f165x.o(RESET))
<BR>[Address Reference Count : 1]<UL><LI> startup_ht32f165x.o(RESET)
</UL>
<P><STRONG><a name="[3b]"></a>PDMA_CH0_IRQHandler</STRONG> (Thumb, 0 bytes, Stack size 0 bytes, startup_ht32f165x.o(RESET))
<BR>[Address Reference Count : 1]<UL><LI> startup_ht32f165x.o(RESET)
</UL>
<P><STRONG><a name="[3c]"></a>PDMA_CH1_IRQHandler</STRONG> (Thumb, 0 bytes, Stack size 0 bytes, startup_ht32f165x.o(RESET))
<BR>[Address Reference Count : 1]<UL><LI> startup_ht32f165x.o(RESET)
</UL>
<P><STRONG><a name="[3d]"></a>PDMA_CH2_IRQHandler</STRONG> (Thumb, 0 bytes, Stack size 0 bytes, startup_ht32f165x.o(RESET))
<BR>[Address Reference Count : 1]<UL><LI> startup_ht32f165x.o(RESET)
</UL>
<P><STRONG><a name="[3e]"></a>PDMA_CH3_IRQHandler</STRONG> (Thumb, 0 bytes, Stack size 0 bytes, startup_ht32f165x.o(RESET))
<BR>[Address Reference Count : 1]<UL><LI> startup_ht32f165x.o(RESET)
</UL>
<P><STRONG><a name="[3f]"></a>PDMA_CH4_IRQHandler</STRONG> (Thumb, 0 bytes, Stack size 0 bytes, startup_ht32f165x.o(RESET))
<BR>[Address Reference Count : 1]<UL><LI> startup_ht32f165x.o(RESET)
</UL>
<P><STRONG><a name="[40]"></a>PDMA_CH5_IRQHandler</STRONG> (Thumb, 0 bytes, Stack size 0 bytes, startup_ht32f165x.o(RESET))
<BR>[Address Reference Count : 1]<UL><LI> startup_ht32f165x.o(RESET)
</UL>
<P><STRONG><a name="[41]"></a>PDMA_CH6_IRQHandler</STRONG> (Thumb, 0 bytes, Stack size 0 bytes, startup_ht32f165x.o(RESET))
<BR>[Address Reference Count : 1]<UL><LI> startup_ht32f165x.o(RESET)
</UL>
<P><STRONG><a name="[42]"></a>PDMA_CH7_IRQHandler</STRONG> (Thumb, 0 bytes, Stack size 0 bytes, startup_ht32f165x.o(RESET))
<BR>[Address Reference Count : 1]<UL><LI> startup_ht32f165x.o(RESET)
</UL>
<P><STRONG><a name="[e]"></a>RTC_IRQHandler</STRONG> (Thumb, 0 bytes, Stack size 0 bytes, startup_ht32f165x.o(RESET))
<BR>[Address Reference Count : 1]<UL><LI> startup_ht32f165x.o(RESET)
</UL>
<P><STRONG><a name="[38]"></a>SCI_IRQHandler</STRONG> (Thumb, 0 bytes, Stack size 0 bytes, startup_ht32f165x.o(RESET))
<BR>[Address Reference Count : 1]<UL><LI> startup_ht32f165x.o(RESET)
</UL>
<P><STRONG><a name="[32]"></a>SPI0_IRQHandler</STRONG> (Thumb, 0 bytes, Stack size 0 bytes, startup_ht32f165x.o(RESET))
<BR>[Address Reference Count : 1]<UL><LI> startup_ht32f165x.o(RESET)
</UL>
<P><STRONG><a name="[33]"></a>SPI1_IRQHandler</STRONG> (Thumb, 0 bytes, Stack size 0 bytes, startup_ht32f165x.o(RESET))
<BR>[Address Reference Count : 1]<UL><LI> startup_ht32f165x.o(RESET)
</UL>
<P><STRONG><a name="[37]"></a>UART1_IRQHandler</STRONG> (Thumb, 0 bytes, Stack size 0 bytes, startup_ht32f165x.o(RESET))
<BR>[Address Reference Count : 1]<UL><LI> startup_ht32f165x.o(RESET)
</UL>
<P><STRONG><a name="[35]"></a>USART1_IRQHandler</STRONG> (Thumb, 0 bytes, Stack size 0 bytes, startup_ht32f165x.o(RESET))
<BR>[Address Reference Count : 1]<UL><LI> startup_ht32f165x.o(RESET)
</UL>
<P><STRONG><a name="[3a]"></a>USB_IRQHandler</STRONG> (Thumb, 0 bytes, Stack size 0 bytes, startup_ht32f165x.o(RESET))
<BR>[Address Reference Count : 1]<UL><LI> startup_ht32f165x.o(RESET)
</UL>
<P><STRONG><a name="[d]"></a>WDT_IRQHandler</STRONG> (Thumb, 0 bytes, Stack size 0 bytes, startup_ht32f165x.o(RESET))
<BR>[Address Reference Count : 1]<UL><LI> startup_ht32f165x.o(RESET)
</UL>
<P><STRONG><a name="[45]"></a>__main</STRONG> (Thumb, 0 bytes, Stack size unknown bytes, entry.o(.ARM.Collect$$$$00000000))
<BR>[Address Reference Count : 1]<UL><LI> startup_ht32f165x.o(RESET)
</UL>
<P><STRONG><a name="[83]"></a>_main_stk</STRONG> (Thumb, 0 bytes, Stack size unknown bytes, entry2.o(.ARM.Collect$$$$00000001))

<P><STRONG><a name="[48]"></a>_main_scatterload</STRONG> (Thumb, 0 bytes, Stack size unknown bytes, entry5.o(.ARM.Collect$$$$00000004))
<BR><BR>[Calls]<UL><LI><a href="#[49]">&gt;&gt;</a>&nbsp;&nbsp;&nbsp;__scatterload
</UL>

<P><STRONG><a name="[4a]"></a>__main_after_scatterload</STRONG> (Thumb, 0 bytes, Stack size unknown bytes, entry5.o(.ARM.Collect$$$$00000004))
<BR><BR>[Called By]<UL><LI><a href="#[49]">&gt;&gt;</a>&nbsp;&nbsp;&nbsp;__scatterload
</UL>

<P><STRONG><a name="[84]"></a>_main_clock</STRONG> (Thumb, 0 bytes, Stack size unknown bytes, entry7b.o(.ARM.Collect$$$$00000008))

<P><STRONG><a name="[85]"></a>_main_cpp_init</STRONG> (Thumb, 0 bytes, Stack size unknown bytes, entry8b.o(.ARM.Collect$$$$0000000A))

<P><STRONG><a name="[86]"></a>_main_init</STRONG> (Thumb, 0 bytes, Stack size unknown bytes, entry9a.o(.ARM.Collect$$$$0000000B))

<P><STRONG><a name="[87]"></a>__rt_final_cpp</STRONG> (Thumb, 0 bytes, Stack size unknown bytes, entry10a.o(.ARM.Collect$$$$0000000D))

<P><STRONG><a name="[88]"></a>__rt_final_exit</STRONG> (Thumb, 0 bytes, Stack size unknown bytes, entry11a.o(.ARM.Collect$$$$0000000F))

<P><STRONG><a name="[89]"></a>__aeabi_memcpy</STRONG> (Thumb, 36 bytes, Stack size 0 bytes, memcpya.o(.text), UNUSED)

<P><STRONG><a name="[82]"></a>__aeabi_memcpy4</STRONG> (Thumb, 0 bytes, Stack size 0 bytes, memcpya.o(.text))
<BR><BR>[Called By]<UL><LI><a href="#[62]">&gt;&gt;</a>&nbsp;&nbsp;&nbsp;tack
<LI><a href="#[7e]">&gt;&gt;</a>&nbsp;&nbsp;&nbsp;showgarage
</UL>

<P><STRONG><a name="[8a]"></a>__aeabi_memcpy8</STRONG> (Thumb, 0 bytes, Stack size 0 bytes, memcpya.o(.text), UNUSED)

<P><STRONG><a name="[49]"></a>__scatterload</STRONG> (Thumb, 28 bytes, Stack size 0 bytes, init.o(.text))
<BR><BR>[Calls]<UL><LI><a href="#[4a]">&gt;&gt;</a>&nbsp;&nbsp;&nbsp;__main_after_scatterload
</UL>
<BR>[Called By]<UL><LI><a href="#[48]">&gt;&gt;</a>&nbsp;&nbsp;&nbsp;_main_scatterload
</UL>

<P><STRONG><a name="[8b]"></a>__scatterload_rt2</STRONG> (Thumb, 0 bytes, Stack size 0 bytes, init.o(.text), UNUSED)

<P><STRONG><a name="[5a]"></a>AFIO_GPxConfig</STRONG> (Thumb, 94 bytes, Stack size 32 bytes, ht32f1655_56_gpio.o(i.AFIO_GPxConfig))
<BR><BR>[Stack]<UL><LI>Max Depth = 32<LI>Call Chain = AFIO_GPxConfig
</UL>
<BR>[Called By]<UL><LI><a href="#[58]">&gt;&gt;</a>&nbsp;&nbsp;&nbsp;HT32F_DVB_LEDInit
<LI><a href="#[6d]">&gt;&gt;</a>&nbsp;&nbsp;&nbsp;System_Init
<LI><a href="#[63]">&gt;&gt;</a>&nbsp;&nbsp;&nbsp;Port_Init
</UL>

<P><STRONG><a name="[2e]"></a>BFTM0_IRQHandler</STRONG> (Thumb, 34 bytes, Stack size 8 bytes, ht32f165x_it.o(i.BFTM0_IRQHandler))
<BR><BR>[Stack]<UL><LI>Max Depth = 28<LI>Call Chain = BFTM0_IRQHandler &rArr; KeyScan
</UL>
<BR>[Calls]<UL><LI><a href="#[4b]">&gt;&gt;</a>&nbsp;&nbsp;&nbsp;KeyScan
<LI><a href="#[4c]">&gt;&gt;</a>&nbsp;&nbsp;&nbsp;BFTM_ClearFlag
</UL>
<BR>[Address Reference Count : 1]<UL><LI> startup_ht32f165x.o(RESET)
</UL>
<P><STRONG><a name="[2f]"></a>BFTM1_IRQHandler</STRONG> (Thumb, 26 bytes, Stack size 8 bytes, ht32f165x_it.o(i.BFTM1_IRQHandler))
<BR><BR>[Stack]<UL><LI>Max Depth = 8<LI>Call Chain = BFTM1_IRQHandler
</UL>
<BR>[Calls]<UL><LI><a href="#[4d]">&gt;&gt;</a>&nbsp;&nbsp;&nbsp;HT32F_DVB_LEDToggle
<LI><a href="#[4c]">&gt;&gt;</a>&nbsp;&nbsp;&nbsp;BFTM_ClearFlag
</UL>
<BR>[Address Reference Count : 1]<UL><LI> startup_ht32f165x.o(RESET)
</UL>
<P><STRONG><a name="[4c]"></a>BFTM_ClearFlag</STRONG> (Thumb, 14 bytes, Stack size 0 bytes, ht32f1655_56_bftm.o(i.BFTM_ClearFlag))
<BR><BR>[Called By]<UL><LI><a href="#[2f]">&gt;&gt;</a>&nbsp;&nbsp;&nbsp;BFTM1_IRQHandler
<LI><a href="#[2e]">&gt;&gt;</a>&nbsp;&nbsp;&nbsp;BFTM0_IRQHandler
</UL>

<P><STRONG><a name="[69]"></a>BFTM_EnaCmd</STRONG> (Thumb, 20 bytes, Stack size 0 bytes, ht32f1655_56_bftm.o(i.BFTM_EnaCmd))
<BR><BR>[Called By]<UL><LI><a href="#[63]">&gt;&gt;</a>&nbsp;&nbsp;&nbsp;Port_Init
</UL>

<P><STRONG><a name="[68]"></a>BFTM_IntConfig</STRONG> (Thumb, 20 bytes, Stack size 0 bytes, ht32f1655_56_bftm.o(i.BFTM_IntConfig))
<BR><BR>[Called By]<UL><LI><a href="#[7e]">&gt;&gt;</a>&nbsp;&nbsp;&nbsp;showgarage
<LI><a href="#[63]">&gt;&gt;</a>&nbsp;&nbsp;&nbsp;Port_Init
</UL>

<P><STRONG><a name="[66]"></a>BFTM_SetCompare</STRONG> (Thumb, 4 bytes, Stack size 0 bytes, ht32f1655_56_bftm.o(i.BFTM_SetCompare))
<BR><BR>[Called By]<UL><LI><a href="#[63]">&gt;&gt;</a>&nbsp;&nbsp;&nbsp;Port_Init
</UL>

<P><STRONG><a name="[67]"></a>BFTM_SetCounter</STRONG> (Thumb, 4 bytes, Stack size 0 bytes, ht32f1655_56_bftm.o(i.BFTM_SetCounter))
<BR><BR>[Called By]<UL><LI><a href="#[63]">&gt;&gt;</a>&nbsp;&nbsp;&nbsp;Port_Init
</UL>

<P><STRONG><a name="[4e]"></a>CKCU_GetClocksFrequency</STRONG> (Thumb, 76 bytes, Stack size 16 bytes, ht32f1655_56_ckcu.o(i.CKCU_GetClocksFrequency))
<BR><BR>[Stack]<UL><LI>Max Depth = 16<LI>Call Chain = CKCU_GetClocksFrequency
</UL>
<BR>[Calls]<UL><LI><a href="#[4f]">&gt;&gt;</a>&nbsp;&nbsp;&nbsp;CKCU_GetPLLFrequency
</UL>
<BR>[Called By]<UL><LI><a href="#[50]">&gt;&gt;</a>&nbsp;&nbsp;&nbsp;CKCU_GetUSARTClockFreq
</UL>

<P><STRONG><a name="[4f]"></a>CKCU_GetPLLFrequency</STRONG> (Thumb, 52 bytes, Stack size 0 bytes, ht32f1655_56_ckcu.o(i.CKCU_GetPLLFrequency))
<BR><BR>[Called By]<UL><LI><a href="#[4e]">&gt;&gt;</a>&nbsp;&nbsp;&nbsp;CKCU_GetClocksFrequency
</UL>

<P><STRONG><a name="[50]"></a>CKCU_GetUSARTClockFreq</STRONG> (Thumb, 16 bytes, Stack size 24 bytes, ht32f1655_56_ckcu.o(i.CKCU_GetUSARTClockFreq))
<BR><BR>[Stack]<UL><LI>Max Depth = 40<LI>Call Chain = CKCU_GetUSARTClockFreq &rArr; CKCU_GetClocksFrequency
</UL>
<BR>[Calls]<UL><LI><a href="#[4e]">&gt;&gt;</a>&nbsp;&nbsp;&nbsp;CKCU_GetClocksFrequency
</UL>
<BR>[Called By]<UL><LI><a href="#[73]">&gt;&gt;</a>&nbsp;&nbsp;&nbsp;USART_Init
</UL>

<P><STRONG><a name="[6e]"></a>CKCU_PeripClockConfig</STRONG> (Thumb, 32 bytes, Stack size 20 bytes, ht32f1655_56_ckcu.o(i.CKCU_PeripClockConfig))
<BR><BR>[Stack]<UL><LI>Max Depth = 20<LI>Call Chain = CKCU_PeripClockConfig
</UL>
<BR>[Called By]<UL><LI><a href="#[6d]">&gt;&gt;</a>&nbsp;&nbsp;&nbsp;System_Init
<LI><a href="#[59]">&gt;&gt;</a>&nbsp;&nbsp;&nbsp;_HT32F_DVB_ClockConfig
</UL>

<P><STRONG><a name="[5e]"></a>GPIO_DirectionConfig</STRONG> (Thumb, 16 bytes, Stack size 0 bytes, ht32f1655_56_gpio.o(i.GPIO_DirectionConfig))
<BR><BR>[Called By]<UL><LI><a href="#[58]">&gt;&gt;</a>&nbsp;&nbsp;&nbsp;HT32F_DVB_LEDInit
<LI><a href="#[63]">&gt;&gt;</a>&nbsp;&nbsp;&nbsp;Port_Init
</UL>

<P><STRONG><a name="[5d]"></a>GPIO_DriveConfig</STRONG> (Thumb, 16 bytes, Stack size 0 bytes, ht32f1655_56_gpio.o(i.GPIO_DriveConfig))
<BR><BR>[Called By]<UL><LI><a href="#[58]">&gt;&gt;</a>&nbsp;&nbsp;&nbsp;HT32F_DVB_LEDInit
</UL>

<P><STRONG><a name="[64]"></a>GPIO_InputConfig</STRONG> (Thumb, 16 bytes, Stack size 0 bytes, ht32f1655_56_gpio.o(i.GPIO_InputConfig))
<BR><BR>[Called By]<UL><LI><a href="#[63]">&gt;&gt;</a>&nbsp;&nbsp;&nbsp;Port_Init
</UL>

<P><STRONG><a name="[5c]"></a>GPIO_PullResistorConfig</STRONG> (Thumb, 40 bytes, Stack size 0 bytes, ht32f1655_56_gpio.o(i.GPIO_PullResistorConfig))
<BR><BR>[Called By]<UL><LI><a href="#[58]">&gt;&gt;</a>&nbsp;&nbsp;&nbsp;HT32F_DVB_LEDInit
<LI><a href="#[63]">&gt;&gt;</a>&nbsp;&nbsp;&nbsp;Port_Init
</UL>

<P><STRONG><a name="[6c]"></a>GPIO_WriteOutBits</STRONG> (Thumb, 10 bytes, Stack size 0 bytes, ht32f1655_56_gpio.o(i.GPIO_WriteOutBits))
<BR><BR>[Called By]<UL><LI><a href="#[6b]">&gt;&gt;</a>&nbsp;&nbsp;&nbsp;Store
</UL>

<P><STRONG><a name="[51]"></a>Get</STRONG> (Thumb, 140 bytes, Stack size 32 bytes, action.o(i.Get))
<BR><BR>[Stack]<UL><LI>Max Depth = 40<LI>Call Chain = Get &rArr; ZMoveback
</UL>
<BR>[Calls]<UL><LI><a href="#[53]">&gt;&gt;</a>&nbsp;&nbsp;&nbsp;floors
<LI><a href="#[54]">&gt;&gt;</a>&nbsp;&nbsp;&nbsp;delay_wt
<LI><a href="#[56]">&gt;&gt;</a>&nbsp;&nbsp;&nbsp;delayY
<LI><a href="#[55]">&gt;&gt;</a>&nbsp;&nbsp;&nbsp;ZMovefront
<LI><a href="#[57]">&gt;&gt;</a>&nbsp;&nbsp;&nbsp;ZMoveback
<LI><a href="#[52]">&gt;&gt;</a>&nbsp;&nbsp;&nbsp;Init
</UL>
<BR>[Called By]<UL><LI><a href="#[81]">&gt;&gt;</a>&nbsp;&nbsp;&nbsp;storeaction
<LI><a href="#[7d]">&gt;&gt;</a>&nbsp;&nbsp;&nbsp;getaction
</UL>

<P><STRONG><a name="[58]"></a>HT32F_DVB_LEDInit</STRONG> (Thumb, 82 bytes, Stack size 24 bytes, ht32_board.o(i.HT32F_DVB_LEDInit))
<BR><BR>[Stack]<UL><LI>Max Depth = 60<LI>Call Chain = HT32F_DVB_LEDInit &rArr; _HT32F_DVB_ClockConfig &rArr; CKCU_PeripClockConfig
</UL>
<BR>[Calls]<UL><LI><a href="#[5b]">&gt;&gt;</a>&nbsp;&nbsp;&nbsp;HT32F_DVB_LEDOff
<LI><a href="#[5c]">&gt;&gt;</a>&nbsp;&nbsp;&nbsp;GPIO_PullResistorConfig
<LI><a href="#[5e]">&gt;&gt;</a>&nbsp;&nbsp;&nbsp;GPIO_DirectionConfig
<LI><a href="#[5a]">&gt;&gt;</a>&nbsp;&nbsp;&nbsp;AFIO_GPxConfig
<LI><a href="#[5d]">&gt;&gt;</a>&nbsp;&nbsp;&nbsp;GPIO_DriveConfig
<LI><a href="#[59]">&gt;&gt;</a>&nbsp;&nbsp;&nbsp;_HT32F_DVB_ClockConfig
</UL>
<BR>[Called By]<UL><LI><a href="#[63]">&gt;&gt;</a>&nbsp;&nbsp;&nbsp;Port_Init
</UL>

<P><STRONG><a name="[5b]"></a>HT32F_DVB_LEDOff</STRONG> (Thumb, 22 bytes, Stack size 0 bytes, ht32_board.o(i.HT32F_DVB_LEDOff))
<BR><BR>[Called By]<UL><LI><a href="#[34]">&gt;&gt;</a>&nbsp;&nbsp;&nbsp;USART0_IRQHandler
<LI><a href="#[36]">&gt;&gt;</a>&nbsp;&nbsp;&nbsp;UART0_IRQHandler
<LI><a href="#[58]">&gt;&gt;</a>&nbsp;&nbsp;&nbsp;HT32F_DVB_LEDInit
</UL>

<P><STRONG><a name="[72]"></a>HT32F_DVB_LEDOn</STRONG> (Thumb, 22 bytes, Stack size 0 bytes, ht32_board.o(i.HT32F_DVB_LEDOn))
<BR><BR>[Called By]<UL><LI><a href="#[34]">&gt;&gt;</a>&nbsp;&nbsp;&nbsp;USART0_IRQHandler
<LI><a href="#[36]">&gt;&gt;</a>&nbsp;&nbsp;&nbsp;UART0_IRQHandler
</UL>

<P><STRONG><a name="[4d]"></a>HT32F_DVB_LEDToggle</STRONG> (Thumb, 26 bytes, Stack size 0 bytes, ht32_board.o(i.HT32F_DVB_LEDToggle))
<BR><BR>[Called By]<UL><LI><a href="#[2f]">&gt;&gt;</a>&nbsp;&nbsp;&nbsp;BFTM1_IRQHandler
</UL>

<P><STRONG><a name="[52]"></a>Init</STRONG> (Thumb, 24 bytes, Stack size 0 bytes, main.o(i.Init))
<BR><BR>[Called By]<UL><LI><a href="#[6b]">&gt;&gt;</a>&nbsp;&nbsp;&nbsp;Store
<LI><a href="#[61]">&gt;&gt;</a>&nbsp;&nbsp;&nbsp;ResetShaft
<LI><a href="#[51]">&gt;&gt;</a>&nbsp;&nbsp;&nbsp;Get
<LI><a href="#[46]">&gt;&gt;</a>&nbsp;&nbsp;&nbsp;main
</UL>

<P><STRONG><a name="[4b]"></a>KeyScan</STRONG> (Thumb, 164 bytes, Stack size 20 bytes, key.o(i.KeyScan))
<BR><BR>[Stack]<UL><LI>Max Depth = 20<LI>Call Chain = KeyScan
</UL>
<BR>[Called By]<UL><LI><a href="#[2e]">&gt;&gt;</a>&nbsp;&nbsp;&nbsp;BFTM0_IRQHandler
</UL>

<P><STRONG><a name="[5f]"></a>PCexchange</STRONG> (Thumb, 56 bytes, Stack size 0 bytes, uart.o(i.PCexchange))
<BR><BR>[Stack]<UL><LI>Max Depth = 120<LI>Call Chain = PCexchange &rArr; tack &rArr; getaction &rArr; Store &rArr; ZMoveback
</UL>
<BR>[Calls]<UL><LI><a href="#[62]">&gt;&gt;</a>&nbsp;&nbsp;&nbsp;tack
<LI><a href="#[60]">&gt;&gt;</a>&nbsp;&nbsp;&nbsp;storage
<LI><a href="#[61]">&gt;&gt;</a>&nbsp;&nbsp;&nbsp;ResetShaft
</UL>
<BR>[Called By]<UL><LI><a href="#[46]">&gt;&gt;</a>&nbsp;&nbsp;&nbsp;main
</UL>

<P><STRONG><a name="[63]"></a>Port_Init</STRONG> (Thumb, 850 bytes, Stack size 40 bytes, main.o(i.Port_Init))
<BR><BR>[Stack]<UL><LI>Max Depth = 100<LI>Call Chain = Port_Init &rArr; HT32F_DVB_LEDInit &rArr; _HT32F_DVB_ClockConfig &rArr; CKCU_PeripClockConfig
</UL>
<BR>[Calls]<UL><LI><a href="#[58]">&gt;&gt;</a>&nbsp;&nbsp;&nbsp;HT32F_DVB_LEDInit
<LI><a href="#[5c]">&gt;&gt;</a>&nbsp;&nbsp;&nbsp;GPIO_PullResistorConfig
<LI><a href="#[64]">&gt;&gt;</a>&nbsp;&nbsp;&nbsp;GPIO_InputConfig
<LI><a href="#[5e]">&gt;&gt;</a>&nbsp;&nbsp;&nbsp;GPIO_DirectionConfig
<LI><a href="#[67]">&gt;&gt;</a>&nbsp;&nbsp;&nbsp;BFTM_SetCounter
<LI><a href="#[66]">&gt;&gt;</a>&nbsp;&nbsp;&nbsp;BFTM_SetCompare
<LI><a href="#[68]">&gt;&gt;</a>&nbsp;&nbsp;&nbsp;BFTM_IntConfig
<LI><a href="#[69]">&gt;&gt;</a>&nbsp;&nbsp;&nbsp;BFTM_EnaCmd
<LI><a href="#[5a]">&gt;&gt;</a>&nbsp;&nbsp;&nbsp;AFIO_GPxConfig
<LI><a href="#[65]">&gt;&gt;</a>&nbsp;&nbsp;&nbsp;NVIC_EnableIRQ
</UL>
<BR>[Called By]<UL><LI><a href="#[46]">&gt;&gt;</a>&nbsp;&nbsp;&nbsp;main
</UL>

<P><STRONG><a name="[61]"></a>ResetShaft</STRONG> (Thumb, 82 bytes, Stack size 16 bytes, action.o(i.ResetShaft))
<BR><BR>[Stack]<UL><LI>Max Depth = 24<LI>Call Chain = ResetShaft &rArr; ZMoveback
</UL>
<BR>[Calls]<UL><LI><a href="#[6a]">&gt;&gt;</a>&nbsp;&nbsp;&nbsp;delay
<LI><a href="#[57]">&gt;&gt;</a>&nbsp;&nbsp;&nbsp;ZMoveback
<LI><a href="#[52]">&gt;&gt;</a>&nbsp;&nbsp;&nbsp;Init
</UL>
<BR>[Called By]<UL><LI><a href="#[81]">&gt;&gt;</a>&nbsp;&nbsp;&nbsp;storeaction
<LI><a href="#[7d]">&gt;&gt;</a>&nbsp;&nbsp;&nbsp;getaction
<LI><a href="#[5f]">&gt;&gt;</a>&nbsp;&nbsp;&nbsp;PCexchange
</UL>

<P><STRONG><a name="[6b]"></a>Store</STRONG> (Thumb, 172 bytes, Stack size 40 bytes, action.o(i.Store))
<BR><BR>[Stack]<UL><LI>Max Depth = 48<LI>Call Chain = Store &rArr; ZMoveback
</UL>
<BR>[Calls]<UL><LI><a href="#[6c]">&gt;&gt;</a>&nbsp;&nbsp;&nbsp;GPIO_WriteOutBits
<LI><a href="#[53]">&gt;&gt;</a>&nbsp;&nbsp;&nbsp;floors
<LI><a href="#[56]">&gt;&gt;</a>&nbsp;&nbsp;&nbsp;delayY
<LI><a href="#[6a]">&gt;&gt;</a>&nbsp;&nbsp;&nbsp;delay
<LI><a href="#[55]">&gt;&gt;</a>&nbsp;&nbsp;&nbsp;ZMovefront
<LI><a href="#[57]">&gt;&gt;</a>&nbsp;&nbsp;&nbsp;ZMoveback
<LI><a href="#[52]">&gt;&gt;</a>&nbsp;&nbsp;&nbsp;Init
</UL>
<BR>[Called By]<UL><LI><a href="#[81]">&gt;&gt;</a>&nbsp;&nbsp;&nbsp;storeaction
<LI><a href="#[7d]">&gt;&gt;</a>&nbsp;&nbsp;&nbsp;getaction
</UL>

<P><STRONG><a name="[9]"></a>SysTick_Handler</STRONG> (Thumb, 2 bytes, Stack size 0 bytes, ht32f165x_it.o(i.SysTick_Handler))
<BR>[Address Reference Count : 1]<UL><LI> startup_ht32f165x.o(RESET)
</UL>
<P><STRONG><a name="[44]"></a>SystemInit</STRONG> (Thumb, 82 bytes, Stack size 0 bytes, system_ht32f165x.o(i.SystemInit))
<BR>[Address Reference Count : 1]<UL><LI> startup_ht32f165x.o(RESET)
</UL>
<P><STRONG><a name="[6d]"></a>System_Init</STRONG> (Thumb, 60 bytes, Stack size 16 bytes, main.o(i.System_Init))
<BR><BR>[Stack]<UL><LI>Max Depth = 48<LI>Call Chain = System_Init &rArr; AFIO_GPxConfig
</UL>
<BR>[Calls]<UL><LI><a href="#[6e]">&gt;&gt;</a>&nbsp;&nbsp;&nbsp;CKCU_PeripClockConfig
<LI><a href="#[5a]">&gt;&gt;</a>&nbsp;&nbsp;&nbsp;AFIO_GPxConfig
</UL>
<BR>[Called By]<UL><LI><a href="#[46]">&gt;&gt;</a>&nbsp;&nbsp;&nbsp;main
</UL>

<P><STRONG><a name="[36]"></a>UART0_IRQHandler</STRONG> (Thumb, 136 bytes, Stack size 24 bytes, my_interruput.o(i.UART0_IRQHandler))
<BR><BR>[Stack]<UL><LI>Max Depth = 24<LI>Call Chain = UART0_IRQHandler
</UL>
<BR>[Calls]<UL><LI><a href="#[70]">&gt;&gt;</a>&nbsp;&nbsp;&nbsp;USART_SendData
<LI><a href="#[71]">&gt;&gt;</a>&nbsp;&nbsp;&nbsp;USART_ReceiveData
<LI><a href="#[6f]">&gt;&gt;</a>&nbsp;&nbsp;&nbsp;USART_IntConfig
<LI><a href="#[72]">&gt;&gt;</a>&nbsp;&nbsp;&nbsp;HT32F_DVB_LEDOn
<LI><a href="#[5b]">&gt;&gt;</a>&nbsp;&nbsp;&nbsp;HT32F_DVB_LEDOff
</UL>
<BR>[Address Reference Count : 1]<UL><LI> startup_ht32f165x.o(RESET)
</UL>
<P><STRONG><a name="[34]"></a>USART0_IRQHandler</STRONG> (Thumb, 136 bytes, Stack size 24 bytes, my_interruput.o(i.USART0_IRQHandler))
<BR><BR>[Stack]<UL><LI>Max Depth = 24<LI>Call Chain = USART0_IRQHandler
</UL>
<BR>[Calls]<UL><LI><a href="#[70]">&gt;&gt;</a>&nbsp;&nbsp;&nbsp;USART_SendData
<LI><a href="#[71]">&gt;&gt;</a>&nbsp;&nbsp;&nbsp;USART_ReceiveData
<LI><a href="#[6f]">&gt;&gt;</a>&nbsp;&nbsp;&nbsp;USART_IntConfig
<LI><a href="#[72]">&gt;&gt;</a>&nbsp;&nbsp;&nbsp;HT32F_DVB_LEDOn
<LI><a href="#[5b]">&gt;&gt;</a>&nbsp;&nbsp;&nbsp;HT32F_DVB_LEDOff
</UL>
<BR>[Address Reference Count : 1]<UL><LI> startup_ht32f165x.o(RESET)
</UL>
<P><STRONG><a name="[75]"></a>USART_FIFOReset</STRONG> (Thumb, 8 bytes, Stack size 0 bytes, ht32f1655_56_usart.o(i.USART_FIFOReset))
<BR><BR>[Called By]<UL><LI><a href="#[74]">&gt;&gt;</a>&nbsp;&nbsp;&nbsp;USART_Interrupt_Init
</UL>

<P><STRONG><a name="[73]"></a>USART_Init</STRONG> (Thumb, 52 bytes, Stack size 16 bytes, ht32f1655_56_usart.o(i.USART_Init))
<BR><BR>[Stack]<UL><LI>Max Depth = 56<LI>Call Chain = USART_Init &rArr; CKCU_GetUSARTClockFreq &rArr; CKCU_GetClocksFrequency
</UL>
<BR>[Calls]<UL><LI><a href="#[50]">&gt;&gt;</a>&nbsp;&nbsp;&nbsp;CKCU_GetUSARTClockFreq
</UL>
<BR>[Called By]<UL><LI><a href="#[74]">&gt;&gt;</a>&nbsp;&nbsp;&nbsp;USART_Interrupt_Init
</UL>

<P><STRONG><a name="[6f]"></a>USART_IntConfig</STRONG> (Thumb, 16 bytes, Stack size 0 bytes, ht32f1655_56_usart.o(i.USART_IntConfig))
<BR><BR>[Called By]<UL><LI><a href="#[62]">&gt;&gt;</a>&nbsp;&nbsp;&nbsp;tack
<LI><a href="#[80]">&gt;&gt;</a>&nbsp;&nbsp;&nbsp;showpassword
<LI><a href="#[34]">&gt;&gt;</a>&nbsp;&nbsp;&nbsp;USART0_IRQHandler
<LI><a href="#[36]">&gt;&gt;</a>&nbsp;&nbsp;&nbsp;UART0_IRQHandler
<LI><a href="#[7e]">&gt;&gt;</a>&nbsp;&nbsp;&nbsp;showgarage
<LI><a href="#[74]">&gt;&gt;</a>&nbsp;&nbsp;&nbsp;USART_Interrupt_Init
</UL>

<P><STRONG><a name="[74]"></a>USART_Interrupt_Init</STRONG> (Thumb, 130 bytes, Stack size 16 bytes, my_interruput.o(i.USART_Interrupt_Init))
<BR><BR>[Stack]<UL><LI>Max Depth = 72<LI>Call Chain = USART_Interrupt_Init &rArr; USART_Init &rArr; CKCU_GetUSARTClockFreq &rArr; CKCU_GetClocksFrequency
</UL>
<BR>[Calls]<UL><LI><a href="#[77]">&gt;&gt;</a>&nbsp;&nbsp;&nbsp;USART_TxCmd
<LI><a href="#[76]">&gt;&gt;</a>&nbsp;&nbsp;&nbsp;USART_TFITLConfig
<LI><a href="#[79]">&gt;&gt;</a>&nbsp;&nbsp;&nbsp;USART_RxCmd
<LI><a href="#[78]">&gt;&gt;</a>&nbsp;&nbsp;&nbsp;USART_RFITLConfig
<LI><a href="#[6f]">&gt;&gt;</a>&nbsp;&nbsp;&nbsp;USART_IntConfig
<LI><a href="#[73]">&gt;&gt;</a>&nbsp;&nbsp;&nbsp;USART_Init
<LI><a href="#[75]">&gt;&gt;</a>&nbsp;&nbsp;&nbsp;USART_FIFOReset
<LI><a href="#[7a]">&gt;&gt;</a>&nbsp;&nbsp;&nbsp;NVIC_EnableIRQ
</UL>
<BR>[Called By]<UL><LI><a href="#[46]">&gt;&gt;</a>&nbsp;&nbsp;&nbsp;main
</UL>

<P><STRONG><a name="[78]"></a>USART_RFITLConfig</STRONG> (Thumb, 12 bytes, Stack size 0 bytes, ht32f1655_56_usart.o(i.USART_RFITLConfig))
<BR><BR>[Called By]<UL><LI><a href="#[74]">&gt;&gt;</a>&nbsp;&nbsp;&nbsp;USART_Interrupt_Init
</UL>

<P><STRONG><a name="[71]"></a>USART_ReceiveData</STRONG> (Thumb, 6 bytes, Stack size 0 bytes, ht32f1655_56_usart.o(i.USART_ReceiveData))
<BR><BR>[Called By]<UL><LI><a href="#[34]">&gt;&gt;</a>&nbsp;&nbsp;&nbsp;USART0_IRQHandler
<LI><a href="#[36]">&gt;&gt;</a>&nbsp;&nbsp;&nbsp;UART0_IRQHandler
</UL>

<P><STRONG><a name="[79]"></a>USART_RxCmd</STRONG> (Thumb, 20 bytes, Stack size 0 bytes, ht32f1655_56_usart.o(i.USART_RxCmd))
<BR><BR>[Called By]<UL><LI><a href="#[74]">&gt;&gt;</a>&nbsp;&nbsp;&nbsp;USART_Interrupt_Init
</UL>

<P><STRONG><a name="[70]"></a>USART_SendData</STRONG> (Thumb, 4 bytes, Stack size 0 bytes, ht32f1655_56_usart.o(i.USART_SendData))
<BR><BR>[Called By]<UL><LI><a href="#[34]">&gt;&gt;</a>&nbsp;&nbsp;&nbsp;USART0_IRQHandler
<LI><a href="#[36]">&gt;&gt;</a>&nbsp;&nbsp;&nbsp;UART0_IRQHandler
</UL>

<P><STRONG><a name="[76]"></a>USART_TFITLConfig</STRONG> (Thumb, 12 bytes, Stack size 0 bytes, ht32f1655_56_usart.o(i.USART_TFITLConfig))
<BR><BR>[Called By]<UL><LI><a href="#[74]">&gt;&gt;</a>&nbsp;&nbsp;&nbsp;USART_Interrupt_Init
</UL>

<P><STRONG><a name="[77]"></a>USART_TxCmd</STRONG> (Thumb, 20 bytes, Stack size 0 bytes, ht32f1655_56_usart.o(i.USART_TxCmd))
<BR><BR>[Called By]<UL><LI><a href="#[74]">&gt;&gt;</a>&nbsp;&nbsp;&nbsp;USART_Interrupt_Init
</UL>

<P><STRONG><a name="[7b]"></a>XMove</STRONG> (Thumb, 110 bytes, Stack size 32 bytes, action.o(i.XMove))
<BR><BR>[Stack]<UL><LI>Max Depth = 32<LI>Call Chain = XMove
</UL>
<BR>[Calls]<UL><LI><a href="#[54]">&gt;&gt;</a>&nbsp;&nbsp;&nbsp;delay_wt
<LI><a href="#[7c]">&gt;&gt;</a>&nbsp;&nbsp;&nbsp;delayX
</UL>
<BR>[Called By]<UL><LI><a href="#[81]">&gt;&gt;</a>&nbsp;&nbsp;&nbsp;storeaction
<LI><a href="#[7d]">&gt;&gt;</a>&nbsp;&nbsp;&nbsp;getaction
</UL>

<P><STRONG><a name="[57]"></a>ZMoveback</STRONG> (Thumb, 34 bytes, Stack size 8 bytes, main.o(i.ZMoveback))
<BR><BR>[Stack]<UL><LI>Max Depth = 8<LI>Call Chain = ZMoveback
</UL>
<BR>[Calls]<UL><LI><a href="#[56]">&gt;&gt;</a>&nbsp;&nbsp;&nbsp;delayY
</UL>
<BR>[Called By]<UL><LI><a href="#[6b]">&gt;&gt;</a>&nbsp;&nbsp;&nbsp;Store
<LI><a href="#[61]">&gt;&gt;</a>&nbsp;&nbsp;&nbsp;ResetShaft
<LI><a href="#[51]">&gt;&gt;</a>&nbsp;&nbsp;&nbsp;Get
</UL>

<P><STRONG><a name="[55]"></a>ZMovefront</STRONG> (Thumb, 26 bytes, Stack size 0 bytes, main.o(i.ZMovefront))
<BR><BR>[Called By]<UL><LI><a href="#[6b]">&gt;&gt;</a>&nbsp;&nbsp;&nbsp;Store
<LI><a href="#[51]">&gt;&gt;</a>&nbsp;&nbsp;&nbsp;Get
</UL>

<P><STRONG><a name="[8c]"></a>__scatterload_copy</STRONG> (Thumb, 14 bytes, Stack size unknown bytes, handlers.o(i.__scatterload_copy), UNUSED)

<P><STRONG><a name="[8d]"></a>__scatterload_null</STRONG> (Thumb, 2 bytes, Stack size unknown bytes, handlers.o(i.__scatterload_null), UNUSED)

<P><STRONG><a name="[8e]"></a>__scatterload_zeroinit</STRONG> (Thumb, 14 bytes, Stack size unknown bytes, handlers.o(i.__scatterload_zeroinit), UNUSED)

<P><STRONG><a name="[6a]"></a>delay</STRONG> (Thumb, 8 bytes, Stack size 0 bytes, main.o(i.delay))
<BR><BR>[Called By]<UL><LI><a href="#[6b]">&gt;&gt;</a>&nbsp;&nbsp;&nbsp;Store
<LI><a href="#[61]">&gt;&gt;</a>&nbsp;&nbsp;&nbsp;ResetShaft
</UL>

<P><STRONG><a name="[7c]"></a>delayX</STRONG> (Thumb, 22 bytes, Stack size 0 bytes, main.o(i.delayX))
<BR><BR>[Called By]<UL><LI><a href="#[7b]">&gt;&gt;</a>&nbsp;&nbsp;&nbsp;XMove
</UL>

<P><STRONG><a name="[56]"></a>delayY</STRONG> (Thumb, 22 bytes, Stack size 0 bytes, main.o(i.delayY))
<BR><BR>[Called By]<UL><LI><a href="#[6b]">&gt;&gt;</a>&nbsp;&nbsp;&nbsp;Store
<LI><a href="#[51]">&gt;&gt;</a>&nbsp;&nbsp;&nbsp;Get
<LI><a href="#[57]">&gt;&gt;</a>&nbsp;&nbsp;&nbsp;ZMoveback
</UL>

<P><STRONG><a name="[54]"></a>delay_wt</STRONG> (Thumb, 20 bytes, Stack size 0 bytes, main.o(i.delay_wt))
<BR><BR>[Called By]<UL><LI><a href="#[7b]">&gt;&gt;</a>&nbsp;&nbsp;&nbsp;XMove
<LI><a href="#[51]">&gt;&gt;</a>&nbsp;&nbsp;&nbsp;Get
</UL>

<P><STRONG><a name="[53]"></a>floors</STRONG> (Thumb, 44 bytes, Stack size 0 bytes, action.o(i.floors))
<BR><BR>[Called By]<UL><LI><a href="#[6b]">&gt;&gt;</a>&nbsp;&nbsp;&nbsp;Store
<LI><a href="#[51]">&gt;&gt;</a>&nbsp;&nbsp;&nbsp;Get
</UL>

<P><STRONG><a name="[7d]"></a>getaction</STRONG> (Thumb, 42 bytes, Stack size 8 bytes, action.o(i.getaction))
<BR><BR>[Stack]<UL><LI>Max Depth = 56<LI>Call Chain = getaction &rArr; Store &rArr; ZMoveback
</UL>
<BR>[Calls]<UL><LI><a href="#[7b]">&gt;&gt;</a>&nbsp;&nbsp;&nbsp;XMove
<LI><a href="#[6b]">&gt;&gt;</a>&nbsp;&nbsp;&nbsp;Store
<LI><a href="#[61]">&gt;&gt;</a>&nbsp;&nbsp;&nbsp;ResetShaft
<LI><a href="#[51]">&gt;&gt;</a>&nbsp;&nbsp;&nbsp;Get
</UL>
<BR>[Called By]<UL><LI><a href="#[62]">&gt;&gt;</a>&nbsp;&nbsp;&nbsp;tack
</UL>

<P><STRONG><a name="[46]"></a>main</STRONG> (Thumb, 78 bytes, Stack size 16 bytes, main.o(i.main))
<BR><BR>[Stack]<UL><LI>Max Depth = 136<LI>Call Chain = main &rArr; PCexchange &rArr; tack &rArr; getaction &rArr; Store &rArr; ZMoveback
</UL>
<BR>[Calls]<UL><LI><a href="#[7e]">&gt;&gt;</a>&nbsp;&nbsp;&nbsp;showgarage
<LI><a href="#[74]">&gt;&gt;</a>&nbsp;&nbsp;&nbsp;USART_Interrupt_Init
<LI><a href="#[5f]">&gt;&gt;</a>&nbsp;&nbsp;&nbsp;PCexchange
<LI><a href="#[6d]">&gt;&gt;</a>&nbsp;&nbsp;&nbsp;System_Init
<LI><a href="#[63]">&gt;&gt;</a>&nbsp;&nbsp;&nbsp;Port_Init
<LI><a href="#[52]">&gt;&gt;</a>&nbsp;&nbsp;&nbsp;Init
</UL>
<BR>[Address Reference Count : 1]<UL><LI> entry9a.o(.ARM.Collect$$$$0000000B)
</UL>
<P><STRONG><a name="[7f]"></a>random_data</STRONG> (Thumb, 148 bytes, Stack size 24 bytes, uart.o(i.random_data))
<BR><BR>[Stack]<UL><LI>Max Depth = 80<LI>Call Chain = random_data &rArr; storeaction &rArr; Store &rArr; ZMoveback
</UL>
<BR>[Calls]<UL><LI><a href="#[80]">&gt;&gt;</a>&nbsp;&nbsp;&nbsp;showpassword
<LI><a href="#[81]">&gt;&gt;</a>&nbsp;&nbsp;&nbsp;storeaction
</UL>
<BR>[Called By]<UL><LI><a href="#[60]">&gt;&gt;</a>&nbsp;&nbsp;&nbsp;storage
</UL>

<P><STRONG><a name="[7e]"></a>showgarage</STRONG> (Thumb, 162 bytes, Stack size 40 bytes, uart.o(i.showgarage))
<BR><BR>[Stack]<UL><LI>Max Depth = 40<LI>Call Chain = showgarage
</UL>
<BR>[Calls]<UL><LI><a href="#[6f]">&gt;&gt;</a>&nbsp;&nbsp;&nbsp;USART_IntConfig
<LI><a href="#[68]">&gt;&gt;</a>&nbsp;&nbsp;&nbsp;BFTM_IntConfig
<LI><a href="#[82]">&gt;&gt;</a>&nbsp;&nbsp;&nbsp;__aeabi_memcpy4
</UL>
<BR>[Called By]<UL><LI><a href="#[62]">&gt;&gt;</a>&nbsp;&nbsp;&nbsp;tack
<LI><a href="#[60]">&gt;&gt;</a>&nbsp;&nbsp;&nbsp;storage
<LI><a href="#[46]">&gt;&gt;</a>&nbsp;&nbsp;&nbsp;main
</UL>

<P><STRONG><a name="[80]"></a>showpassword</STRONG> (Thumb, 70 bytes, Stack size 16 bytes, uart.o(i.showpassword))
<BR><BR>[Stack]<UL><LI>Max Depth = 16<LI>Call Chain = showpassword
</UL>
<BR>[Calls]<UL><LI><a href="#[6f]">&gt;&gt;</a>&nbsp;&nbsp;&nbsp;USART_IntConfig
</UL>
<BR>[Called By]<UL><LI><a href="#[7f]">&gt;&gt;</a>&nbsp;&nbsp;&nbsp;random_data
</UL>

<P><STRONG><a name="[60]"></a>storage</STRONG> (Thumb, 64 bytes, Stack size 16 bytes, uart.o(i.storage))
<BR><BR>[Stack]<UL><LI>Max Depth = 96<LI>Call Chain = storage &rArr; random_data &rArr; storeaction &rArr; Store &rArr; ZMoveback
</UL>
<BR>[Calls]<UL><LI><a href="#[7f]">&gt;&gt;</a>&nbsp;&nbsp;&nbsp;random_data
<LI><a href="#[7e]">&gt;&gt;</a>&nbsp;&nbsp;&nbsp;showgarage
</UL>
<BR>[Called By]<UL><LI><a href="#[5f]">&gt;&gt;</a>&nbsp;&nbsp;&nbsp;PCexchange
</UL>

<P><STRONG><a name="[81]"></a>storeaction</STRONG> (Thumb, 72 bytes, Stack size 8 bytes, action.o(i.storeaction))
<BR><BR>[Stack]<UL><LI>Max Depth = 56<LI>Call Chain = storeaction &rArr; Store &rArr; ZMoveback
</UL>
<BR>[Calls]<UL><LI><a href="#[7b]">&gt;&gt;</a>&nbsp;&nbsp;&nbsp;XMove
<LI><a href="#[6b]">&gt;&gt;</a>&nbsp;&nbsp;&nbsp;Store
<LI><a href="#[61]">&gt;&gt;</a>&nbsp;&nbsp;&nbsp;ResetShaft
<LI><a href="#[51]">&gt;&gt;</a>&nbsp;&nbsp;&nbsp;Get
</UL>
<BR>[Called By]<UL><LI><a href="#[7f]">&gt;&gt;</a>&nbsp;&nbsp;&nbsp;random_data
</UL>

<P><STRONG><a name="[62]"></a>tack</STRONG> (Thumb, 250 bytes, Stack size 64 bytes, uart.o(i.tack))
<BR><BR>[Stack]<UL><LI>Max Depth = 120<LI>Call Chain = tack &rArr; getaction &rArr; Store &rArr; ZMoveback
</UL>
<BR>[Calls]<UL><LI><a href="#[6f]">&gt;&gt;</a>&nbsp;&nbsp;&nbsp;USART_IntConfig
<LI><a href="#[7d]">&gt;&gt;</a>&nbsp;&nbsp;&nbsp;getaction
<LI><a href="#[7e]">&gt;&gt;</a>&nbsp;&nbsp;&nbsp;showgarage
<LI><a href="#[82]">&gt;&gt;</a>&nbsp;&nbsp;&nbsp;__aeabi_memcpy4
</UL>
<BR>[Called By]<UL><LI><a href="#[5f]">&gt;&gt;</a>&nbsp;&nbsp;&nbsp;PCexchange
</UL>
<P>
<H3>
Local Symbols
</H3>
<P><STRONG><a name="[65]"></a>NVIC_EnableIRQ</STRONG> (Thumb, 22 bytes, Stack size 0 bytes, main.o(i.NVIC_EnableIRQ))
<BR><BR>[Called By]<UL><LI><a href="#[63]">&gt;&gt;</a>&nbsp;&nbsp;&nbsp;Port_Init
</UL>

<P><STRONG><a name="[7a]"></a>NVIC_EnableIRQ</STRONG> (Thumb, 22 bytes, Stack size 0 bytes, my_interruput.o(i.NVIC_EnableIRQ))
<BR><BR>[Called By]<UL><LI><a href="#[74]">&gt;&gt;</a>&nbsp;&nbsp;&nbsp;USART_Interrupt_Init
</UL>

<P><STRONG><a name="[59]"></a>_HT32F_DVB_ClockConfig</STRONG> (Thumb, 64 bytes, Stack size 16 bytes, ht32_board.o(i._HT32F_DVB_ClockConfig))
<BR><BR>[Stack]<UL><LI>Max Depth = 36<LI>Call Chain = _HT32F_DVB_ClockConfig &rArr; CKCU_PeripClockConfig
</UL>
<BR>[Calls]<UL><LI><a href="#[6e]">&gt;&gt;</a>&nbsp;&nbsp;&nbsp;CKCU_PeripClockConfig
</UL>
<BR>[Called By]<UL><LI><a href="#[58]">&gt;&gt;</a>&nbsp;&nbsp;&nbsp;HT32F_DVB_LEDInit
</UL>
<P>
<H3>
Undefined Global Symbols
</H3><HR></body></html>
