<html>
<body>
<pre>
<h1>µVision Build Log</h1>
<h2>Tool Versions:</h2>
IDE-Version: ¦ÌVision V5.23.0.0
Copyright (C) 2017 ARM Ltd and ARM Germany GmbH. All rights reserved.
License Information: 122233 1, 123, LIC=R4HMM-XV023-BWR2G-VGYFW-Q36TX-2QMUU
 
Tool Versions:
Toolchain:       MDK-ARM Professional  Version: 5.23
Toolchain Path:  D:\Keil_v5\ARM\ARMCC\Bin
C Compiler:      Armcc.exe V5.06 update 4 (build 422)
Assembler:       Armasm.exe V5.06 update 4 (build 422)
Linker/Locator:  ArmLink.exe V5.06 update 4 (build 422)
Library Manager: ArmAr.exe V5.06 update 4 (build 422)
Hex Converter:   FromElf.exe V5.06 update 4 (build 422)
CPU DLL:         SARMCM3.DLL V5.23
Dialog DLL:      DCM.DLL V1.15.0.0
Target DLL:      Segger\JL2CM3.dll V2.99.23.0
Dialog DLL:      TCM.DLL V1.27.0.0
 
<h2>Project:</h2>
C:\Users\Ç®Ë³¾ü\Desktop\HT32\HT32 for din\mytest + ADC\Example\MDK_ARM\Project.uvprojx
Project File Date:  09/20/2017

<h2>Output:</h2>
*** Using Compiler 'V5.06 update 4 (build 422)', folder: 'D:\Keil_v5\ARM\ARMCC\Bin'
Rebuild target 'HT32F1656_DVB'
assembling startup_ht32f1655_56.s...
assembling ht32f1655_56_op.s...
compiling ht32_cm3_misc.c...
compiling system_ht32f1655_56.c...
compiling main.c...
compiling ht32f1655_56_adc.c...
compiling ht32_usbd_core.c...
compiling ht32f1655_56_bftm.c...
compiling ht32f1655_56_it.c...
compiling ht32f1655_56_cmp_op.c...
compiling ht32f1655_56_crc.c...
compiling ht32f1655_56_ckcu.c...
compiling ht32f1655_56_flash.c...
compiling ht32f1655_56_gpio.c...
compiling ht32f1655_56_ebi.c...
compiling ht32f1655_56_exti.c...
compiling ht32f1655_56_i2s.c...
compiling ht32f1655_56_gptm.c...
compiling ht32f1655_56_i2c.c...
compiling ht32f1655_56_sci.c...
compiling ht32f1655_56_rstcu.c...
compiling ht32f1655_56_pdma.c...
compiling ht32f1655_56_rtc.c...
compiling ht32f1655_56_pwrcu.c...
compiling ht32f1655_56_spi.c...
compiling ht32f1655_56_mctm.c...
compiling ht32_retarget.c...
compiling ht32f1655_56_wdt.c...
compiling ht32_serial.c...
compiling ht32f1655_56_usbd.c...
compiling ht32f1655_56_usart.c...
linking...
Program Size: Code=3236 RO-data=32 RW-data=8 ZI-data=1240  
FromELF: creating hex file...
".\HT32F1656_DVB\Obj\HT32F1656_DVB.axf" - 0 Error(s), 0 Warning(s).

<h2>Software Packages used:</h2>

Package Vendor: ARM
                http://www.keil.com/pack/ARM.CMSIS.5.0.1.pack
                ARM::CMSIS:CORE:5.0.1
                CMSIS (Cortex Microcontroller Software Interface Standard)
   * Component: CORE Version: 5.0.1

<h2>Collection of Component include folders:</h2>
  .\RTE\_HT32F1656_DVB
  D:\Keil_v5\ARM\PACK\ARM\CMSIS\5.0.1\CMSIS\Include
  D:\Keil_v5\ARM\PACK\Holtek\HT32_DFP\1.0.10\ARM\INC\Holtek\HT32F1xxxx

<h2>Collection of Component Files used:</h2>

   * Component: ARM::CMSIS:CORE:5.0.1
Build Time Elapsed:  00:00:09
</pre>
</body>
</html>
